Component: ARM Compiler 5.06 update 5 (build 528) Tool: armlink [4d35e2]

==============================================================================

Section Cross References

    main.o(i.main) refers to systick.o(i.SysTick_Init) for SysTick_Init
    main.o(i.main) refers to key.o(i.KEY_Init) for KEY_Init
    main.o(i.main) refers to usart.o(i.USART1_Init) for USART1_Init
    main.o(i.main) refers to misc.o(i.NVIC_PriorityGroupConfig) for NVIC_PriorityGroupConfig
    main.o(i.main) refers to pressure.o(i.ADC0_Pressure_Init) for ADC0_Pressure_Init
    main.o(i.main) refers to msd.o(i.MSD_Init) for MSD_Init
    main.o(i.main) refers to printfa.o(i.__0printf) for __2printf
    main.o(i.main) refers to ff.o(i.f_mount) for f_mount
    main.o(i.main) refers to ff.o(i.f_open) for f_open
    main.o(i.main) refers to ff.o(i.f_puts) for f_puts
    main.o(i.main) refers to uart2.o(i.Usart2Init) for Usart2Init
    main.o(i.main) refers to angle.o(i.RS485_IO_Init) for RS485_IO_Init
    main.o(i.main) refers to wit_c_sdk.o(i.WitInit) for WitInit
    main.o(i.main) refers to wit_c_sdk.o(i.WitSerialWriteRegister) for WitSerialWriteRegister
    main.o(i.main) refers to wit_c_sdk.o(i.WitRegisterCallBack) for WitRegisterCallBack
    main.o(i.main) refers to wit_c_sdk.o(i.WitDelayMsRegister) for WitDelayMsRegister
    main.o(i.main) refers to angle.o(i.AutoScanSensor) for AutoScanSensor
    main.o(i.main) refers to key.o(i.KEY_Scan) for KEY_Scan
    main.o(i.main) refers to wit_c_sdk.o(i.WitReadReg) for WitReadReg
    main.o(i.main) refers to systick.o(i.delay_ms) for delay_ms
    main.o(i.main) refers to angle.o(i.CmdProcess) for CmdProcess
    main.o(i.main) refers to fflti.o(.text) for __aeabi_i2f
    main.o(i.main) refers to fdiv.o(.text) for __aeabi_fdiv
    main.o(i.main) refers to fmul.o(.text) for __aeabi_fmul
    main.o(i.main) refers to f2d.o(.text) for __aeabi_f2d
    main.o(i.main) refers to pressure.o(i.Get_AD0_Value) for Get_AD0_Value
    main.o(i.main) refers to pressure.o(i.Get_ADC_Value_to_Voltage) for Get_ADC_Value_to_Voltage
    main.o(i.main) refers to pressure.o(i.Get_Voltage_to_Pressure) for Get_Voltage_to_Pressure
    main.o(i.main) refers to printfa.o(i.__0snprintf) for __2snprintf
    main.o(i.main) refers to ff.o(i.f_sync) for f_sync
    main.o(i.main) refers to ff.o(i.f_close) for f_close
    main.o(i.main) refers to diskio.o(.data) for SD_Card_Ready
    main.o(i.main) refers to main.o(.bss) for fs
    main.o(i.main) refers to main.o(.data) for res
    main.o(i.main) refers to angle.o(i.SensorUartSend) for SensorUartSend
    main.o(i.main) refers to angle.o(i.CopeSensorData) for CopeSensorData
    main.o(i.main) refers to angle.o(i.Delayms) for Delayms
    main.o(i.main) refers to wit_c_sdk.o(.bss) for sReg
    startup_stm32f10x_md.o(RESET) refers to startup_stm32f10x_md.o(STACK) for __initial_sp
    startup_stm32f10x_md.o(RESET) refers to startup_stm32f10x_md.o(.text) for Reset_Handler
    startup_stm32f10x_md.o(RESET) refers to stm32f10x_it.o(i.NMI_Handler) for NMI_Handler
    startup_stm32f10x_md.o(RESET) refers to stm32f10x_it.o(i.HardFault_Handler) for HardFault_Handler
    startup_stm32f10x_md.o(RESET) refers to stm32f10x_it.o(i.MemManage_Handler) for MemManage_Handler
    startup_stm32f10x_md.o(RESET) refers to stm32f10x_it.o(i.BusFault_Handler) for BusFault_Handler
    startup_stm32f10x_md.o(RESET) refers to stm32f10x_it.o(i.UsageFault_Handler) for UsageFault_Handler
    startup_stm32f10x_md.o(RESET) refers to stm32f10x_it.o(i.SVC_Handler) for SVC_Handler
    startup_stm32f10x_md.o(RESET) refers to stm32f10x_it.o(i.DebugMon_Handler) for DebugMon_Handler
    startup_stm32f10x_md.o(RESET) refers to stm32f10x_it.o(i.PendSV_Handler) for PendSV_Handler
    startup_stm32f10x_md.o(RESET) refers to stm32f10x_it.o(i.SysTick_Handler) for SysTick_Handler
    startup_stm32f10x_md.o(RESET) refers to usart.o(i.USART1_IRQHandler) for USART1_IRQHandler
    startup_stm32f10x_md.o(RESET) refers to uart2.o(i.USART2_IRQHandler) for USART2_IRQHandler
    startup_stm32f10x_md.o(.text) refers to system_stm32f10x.o(i.SystemInit) for SystemInit
    startup_stm32f10x_md.o(.text) refers to entry.o(.ARM.Collect$$$$00000000) for __main
    stm32f10x_gpio.o(i.GPIO_AFIODeInit) refers to stm32f10x_rcc.o(i.RCC_APB2PeriphResetCmd) for RCC_APB2PeriphResetCmd
    stm32f10x_gpio.o(i.GPIO_DeInit) refers to stm32f10x_rcc.o(i.RCC_APB2PeriphResetCmd) for RCC_APB2PeriphResetCmd
    stm32f10x_rcc.o(i.RCC_GetClocksFreq) refers to stm32f10x_rcc.o(.data) for APBAHBPrescTable
    stm32f10x_rcc.o(i.RCC_WaitForHSEStartUp) refers to stm32f10x_rcc.o(i.RCC_GetFlagStatus) for RCC_GetFlagStatus
    stm32f10x_tim.o(i.TIM_DeInit) refers to stm32f10x_rcc.o(i.RCC_APB2PeriphResetCmd) for RCC_APB2PeriphResetCmd
    stm32f10x_tim.o(i.TIM_DeInit) refers to stm32f10x_rcc.o(i.RCC_APB1PeriphResetCmd) for RCC_APB1PeriphResetCmd
    stm32f10x_tim.o(i.TIM_ETRClockMode1Config) refers to stm32f10x_tim.o(i.TIM_ETRConfig) for TIM_ETRConfig
[...]
    Removing stm32f10x_wwdg.o(i.WWDG_SetPrescaler), (24 bytes).
    Removing stm32f10x_wwdg.o(i.WWDG_SetWindowValue), (40 bytes).
    Removing stm32f10x_bkp.o(i.BKP_ClearFlag), (20 bytes).
    Removing stm32f10x_bkp.o(i.BKP_ClearITPendingBit), (20 bytes).
    Removing stm32f10x_bkp.o(i.BKP_DeInit), (16 bytes).
    Removing stm32f10x_bkp.o(i.BKP_GetFlagStatus), (12 bytes).
    Removing stm32f10x_bkp.o(i.BKP_GetITStatus), (12 bytes).
    Removing stm32f10x_bkp.o(i.BKP_ITConfig), (12 bytes).
    Removing stm32f10x_bkp.o(i.BKP_RTCOutputConfig), (28 bytes).
    Removing stm32f10x_bkp.o(i.BKP_ReadBackupRegister), (28 bytes).
    Removing stm32f10x_bkp.o(i.BKP_SetRTCCalibrationValue), (28 bytes).
    Removing stm32f10x_bkp.o(i.BKP_TamperPinCmd), (12 bytes).
    Removing stm32f10x_bkp.o(i.BKP_TamperPinLevelConfig), (12 bytes).
    Removing stm32f10x_bkp.o(i.BKP_WriteBackupRegister), (28 bytes).
    Removing stm32f10x_pwr.o(i.PWR_BackupAccessCmd), (12 bytes).
    Removing stm32f10x_pwr.o(i.PWR_ClearFlag), (20 bytes).
    Removing stm32f10x_pwr.o(i.PWR_DeInit), (22 bytes).
    Removing stm32f10x_pwr.o(i.PWR_EnterSTANDBYMode), (52 bytes).
    Removing stm32f10x_pwr.o(i.PWR_EnterSTOPMode), (64 bytes).
    Removing stm32f10x_pwr.o(i.PWR_GetFlagStatus), (24 bytes).
    Removing stm32f10x_pwr.o(i.PWR_PVDCmd), (12 bytes).
    Removing stm32f10x_pwr.o(i.PWR_PVDLevelConfig), (24 bytes).
    Removing stm32f10x_pwr.o(i.PWR_WakeUpPinCmd), (12 bytes).
    Removing stm32f10x_adc.o(i.ADC_AnalogWatchdogCmd), (20 bytes).
    Removing stm32f10x_adc.o(i.ADC_AnalogWatchdogSingleChannelConfig), (16 bytes).
    Removing stm32f10x_adc.o(i.ADC_AnalogWatchdogThresholdsConfig), (6 bytes).
    Removing stm32f10x_adc.o(i.ADC_AutoInjectedConvCmd), (22 bytes).
    Removing stm32f10x_adc.o(i.ADC_ClearFlag), (6 bytes).
    Removing stm32f10x_adc.o(i.ADC_ClearITPendingBit), (10 bytes).
    Removing stm32f10x_adc.o(i.ADC_DMACmd), (22 bytes).
    Removing stm32f10x_adc.o(i.ADC_DeInit), (92 bytes).
    Removing stm32f10x_adc.o(i.ADC_DiscModeChannelCountConfig), (24 bytes).
    Removing stm32f10x_adc.o(i.ADC_DiscModeCmd), (22 bytes).
    Removing stm32f10x_adc.o(i.ADC_ExternalTrigConvCmd), (22 bytes).
    Removing stm32f10x_adc.o(i.ADC_ExternalTrigInjectedConvCmd), (22 bytes).
    Removing stm32f10x_adc.o(i.ADC_ExternalTrigInjectedConvConfig), (16 bytes).
    Removing stm32f10x_adc.o(i.ADC_GetDualModeConversionValue), (12 bytes).
    Removing stm32f10x_adc.o(i.ADC_GetITStatus), (36 bytes).
    Removing stm32f10x_adc.o(i.ADC_GetInjectedConversionValue), (28 bytes).
    Removing stm32f10x_adc.o(i.ADC_GetSoftwareStartConvStatus), (20 bytes).
    Removing stm32f10x_adc.o(i.ADC_GetSoftwareStartInjectedConvCmdStatus), (20 bytes).
    Removing stm32f10x_adc.o(i.ADC_ITConfig), (24 bytes).
    Removing stm32f10x_adc.o(i.ADC_InjectedChannelConfig), (130 bytes).
    Removing stm32f10x_adc.o(i.ADC_InjectedDiscModeCmd), (22 bytes).
    Removing stm32f10x_adc.o(i.ADC_InjectedSequencerLengthConfig), (24 bytes).
    Removing stm32f10x_adc.o(i.ADC_SetInjectedOffset), (20 bytes).
    Removing stm32f10x_adc.o(i.ADC_SoftwareStartInjectedConvCmd), (22 bytes).
    Removing stm32f10x_adc.o(i.ADC_StructInit), (18 bytes).
    Removing stm32f10x_adc.o(i.ADC_TempSensorVrefintCmd), (36 bytes).
    Removing system_stm32f10x.o(i.SystemCoreClockUpdate), (164 bytes).
    Removing system_stm32f10x.o(.data), (20 bytes).
    Removing core_cm3.o(.emb_text), (32 bytes).
    Removing led.o(i.LED_Init), (300 bytes).
    Removing led.o(i.LED_Write_Data), (68 bytes).
    Removing adc.o(i.ADCx_Init), (148 bytes).
    Removing adc.o(i.Get_ADC_Value), (84 bytes).
    Removing msd.o(i.Get_Medium_Characteristics), (80 bytes).
    Removing msd.o(i.MSD_GetCIDRegister), (268 bytes).
    Removing msd.o(i.MSD_GetCSDRegister), (516 bytes).
    Removing msd.o(i.MSD_GetStatus), (64 bytes).
    Removing msd.o(i.MSD_GoIdleState), (136 bytes).
    Removing msd.o(.bss), (40 bytes).
    Removing ff.o(i.dir_read), (84 bytes).
    Removing ff.o(i.dir_remove), (44 bytes).
    Removing ff.o(i.f_chdir), (100 bytes).
    Removing ff.o(i.f_chdrive), (24 bytes).
    Removing ff.o(i.f_chmod), (96 bytes).
    Removing ff.o(i.f_getcwd), (328 bytes).
    Removing ff.o(i.f_getfree), (276 bytes).
    Removing ff.o(i.f_gets), (86 bytes).
    Removing ff.o(i.f_lseek), (778 bytes).
    Removing ff.o(i.f_mkdir), (398 bytes).
    Removing ff.o(i.f_opendir), (110 bytes).
    Removing ff.o(i.f_printf), (526 bytes).
    Removing ff.o(i.f_read), (458 bytes).
    Removing ff.o(i.f_readdir), (88 bytes).
    Removing ff.o(i.f_rename), (302 bytes).
    Removing ff.o(i.f_stat), (58 bytes).
    Removing ff.o(i.f_truncate), (156 bytes).
    Removing ff.o(i.f_unlink), (198 bytes).
    Removing ff.o(i.f_utime), (98 bytes).
    Removing ff.o(i.get_fileinfo), (152 bytes).
    Removing stm32f10x_spi.o(i.I2S_Cmd), (24 bytes).
    Removing stm32f10x_spi.o(i.I2S_Init), (232 bytes).
    Removing stm32f10x_spi.o(i.I2S_StructInit), (20 bytes).
    Removing stm32f10x_spi.o(i.SPI_BiDirectionalLineConfig), (28 bytes).
    Removing stm32f10x_spi.o(i.SPI_CalculateCRC), (24 bytes).
    Removing stm32f10x_spi.o(i.SPI_DataSizeConfig), (18 bytes).
    Removing stm32f10x_spi.o(i.SPI_GetCRC), (16 bytes).
    Removing stm32f10x_spi.o(i.SPI_GetCRCPolynomial), (6 bytes).
    Removing stm32f10x_spi.o(i.SPI_I2S_ClearFlag), (6 bytes).
    Removing stm32f10x_spi.o(i.SPI_I2S_ClearITPendingBit), (20 bytes).
    Removing stm32f10x_spi.o(i.SPI_I2S_DMACmd), (18 bytes).
    Removing stm32f10x_spi.o(i.SPI_I2S_DeInit), (88 bytes).
    Removing stm32f10x_spi.o(i.SPI_I2S_GetFlagStatus), (18 bytes).
    Removing stm32f10x_spi.o(i.SPI_I2S_GetITStatus), (52 bytes).
    Removing stm32f10x_spi.o(i.SPI_I2S_ITConfig), (32 bytes).
    Removing stm32f10x_spi.o(i.SPI_I2S_ReceiveData), (6 bytes).
    Removing stm32f10x_spi.o(i.SPI_I2S_SendData), (4 bytes).
    Removing stm32f10x_spi.o(i.SPI_NSSInternalSoftwareConfig), (30 bytes).
    Removing stm32f10x_spi.o(i.SPI_SSOutputCmd), (24 bytes).
    Removing stm32f10x_spi.o(i.SPI_StructInit), (24 bytes).
    Removing stm32f10x_spi.o(i.SPI_TransmitCRC), (10 bytes).
    Removing angle.o(i.CopeCmdData), (128 bytes).
    Removing angle.o(.bss), (50 bytes).
    Removing wit_c_sdk.o(i.WitCanDataIn), (116 bytes).
    Removing wit_c_sdk.o(i.WitCanWriteRegister), (24 bytes).
    Removing wit_c_sdk.o(i.WitDeInit), (72 bytes).
    Removing wit_c_sdk.o(i.WitI2cFuncRegister), (40 bytes).
    Removing wit_c_sdk.o(i.WitSetCanBaud), (100 bytes).
    Removing wit_c_sdk.o(i.WitSetContent), (104 bytes).
    Removing wit_c_sdk.o(i.WitSetOutputRate), (100 bytes).
    Removing wit_c_sdk.o(i.WitStopAccCali), (80 bytes).
    Removing systick.o(i.delay_us), (76 bytes).
    Removing uart1.o(i.Usart1Init), (212 bytes).

291 unused section(s) (total 15930 bytes) removed from the image.

==============================================================================

Image Symbol Table

    Local Symbols

    Symbol Name                              Value     Ov Type        Size  Object(Section)

    ../clib/microlib/division.c              0x00000000   Number         0  uldiv.o ABSOLUTE
    ../clib/microlib/division.c              0x00000000   Number         0  uidiv.o ABSOLUTE
    ../clib/microlib/init/entry.s            0x00000000   Number         0  entry9b.o ABSOLUTE
    ../clib/microlib/init/entry.s            0x00000000   Number         0  entry.o ABSOLUTE
    ../clib/microlib/init/entry.s            0x00000000   Number         0  entry9a.o ABSOLUTE
    ../clib/microlib/init/entry.s            0x00000000   Number         0  entry8b.o ABSOLUTE
    ../clib/microlib/init/entry.s            0x00000000   Number         0  entry7a.o ABSOLUTE
    ../clib/microlib/init/entry.s            0x00000000   Number         0  entry2.o ABSOLUTE
    ../clib/microlib/init/entry.s            0x00000000   Number         0  entry7b.o ABSOLUTE
    ../clib/microlib/init/entry.s            0x00000000   Number         0  entry8a.o ABSOLUTE
    ../clib/microlib/init/entry.s            0x00000000   Number         0  entry5.o ABSOLUTE
    ../clib/microlib/init/entry.s            0x00000000   Number         0  entry10a.o ABSOLUTE
    ../clib/microlib/init/entry.s            0x00000000   Number         0  entry10b.o ABSOLUTE
    ../clib/microlib/init/entry.s            0x00000000   Number         0  entry11a.o ABSOLUTE
    ../clib/microlib/init/entry.s            0x00000000   Number         0  entry11b.o ABSOLUTE
    ../clib/microlib/longlong.c              0x00000000   Number         0  llshl.o ABSOLUTE
    ../clib/microlib/longlong.c              0x00000000   Number         0  llushr.o ABSOLUTE
    ../clib/microlib/longlong.c              0x00000000   Number         0  llsshr.o ABSOLUTE
    ../clib/microlib/printf/printf.c         0x00000000   Number         0  printf6.o ABSOLUTE
    ../clib/microlib/printf/printf.c         0x00000000   Number         0  printf7.o ABSOLUTE
    ../clib/microlib/printf/printf.c         0x00000000   Number         0  printfa.o ABSOLUTE
    ../clib/microlib/printf/printf.c         0x00000000   Number         0  printf3.o ABSOLUTE
    ../clib/microlib/printf/printf.c         0x00000000   Number         0  printf8.o ABSOLUTE
    ../clib/microlib/printf/printf.c         0x00000000   Number         0  printfb.o ABSOLUTE
    ../clib/microlib/printf/printf.c         0x00000000   Number         0  printf0.o ABSOLUTE
    ../clib/microlib/printf/printf.c         0x00000000   Number         0  printf2.o ABSOLUTE
    ../clib/microlib/printf/printf.c         0x00000000   Number         0  printf4.o ABSOLUTE
    ../clib/microlib/printf/printf.c         0x00000000   Number         0  printf1.o ABSOLUTE
    ../clib/microlib/printf/printf.c         0x00000000   Number         0  printf5.o ABSOLUTE
    ../clib/microlib/printf/stubs.s          0x00000000   Number         0  stubs.o ABSOLUTE
    ../clib/microlib/stdio/streams.c         0x00000000   Number         0  stdout.o ABSOLUTE
    ../clib/microlib/string/memcpy.c         0x00000000   Number         0  memcpya.o ABSOLUTE
    ../clib/microlib/string/memcpy.c         0x00000000   Number         0  memcpyb.o ABSOLUTE
    ../clib/microlib/string/memset.c         0x00000000   Number         0  memseta.o ABSOLUTE
    ../clib/microlib/stubs.s                 0x00000000   Number         0  iusefp.o ABSOLUTE
    ../fplib/microlib/f2d.c                  0x00000000   Number         0  f2d.o ABSOLUTE
    ../fplib/microlib/fpadd.c                0x00000000   Number         0  fadd.o ABSOLUTE
    ../fplib/microlib/fpadd.c                0x00000000   Number         0  dadd.o ABSOLUTE
    ../fplib/microlib/fpdiv.c                0x00000000   Number         0  fdiv.o ABSOLUTE
    ../fplib/microlib/fpdiv.c                0x00000000   Number         0  ddiv.o ABSOLUTE
    ../fplib/microlib/fpepilogue.c           0x00000000   Number         0  depilogue.o ABSOLUTE
    ../fplib/microlib/fpepilogue.c           0x00000000   Number         0  fepilogue.o ABSOLUTE
    ../fplib/microlib/fpfix.c                0x00000000   Number         0  dfixul.o ABSOLUTE
    ../fplib/microlib/fpflt.c                0x00000000   Number         0  fflti.o ABSOLUTE
    ../fplib/microlib/fpflt.c                0x00000000   Number         0  ffltui.o ABSOLUTE
    ../fplib/microlib/fpmul.c                0x00000000   Number         0  fmul.o ABSOLUTE
    ../fplib/microlib/fpmul.c                0x00000000   Number         0  dmul.o ABSOLUTE
    APP\adc\adc.c                            0x00000000   Number         0  adc.o ABSOLUTE
    APP\angle\angle.c                        0x00000000   Number         0  angle.o ABSOLUTE
    APP\angle\wit_c_sdk.c                    0x00000000   Number         0  wit_c_sdk.o ABSOLUTE
    APP\key\key.c                            0x00000000   Number         0  key.o ABSOLUTE
    APP\led\led.c                            0x00000000   Number         0  led.o ABSOLUTE
    APP\pressure\pressure.c                  0x00000000   Number         0  pressure.o ABSOLUTE
    APP\sd\diskio.c                          0x00000000   Number         0  diskio.o ABSOLUTE
    APP\sd\ff.c                              0x00000000   Number         0  ff.o ABSOLUTE
    APP\sd\msd.c                             0x00000000   Number         0  msd.o ABSOLUTE
    Libraries\CMSIS\core_cm3.c               0x00000000   Number         0  core_cm3.o ABSOLUTE
    Libraries\CMSIS\startup_stm32f10x_md.s   0x00000000   Number         0  startup_stm32f10x_md.o ABSOLUTE
    Libraries\CMSIS\system_stm32f10x.c       0x00000000   Number         0  system_stm32f10x.o ABSOLUTE
    Libraries\STM32F10x_StdPeriph_Driver\src\misc.c 0x00000000   Number         0  misc.o ABSOLUTE
    Libraries\STM32F10x_StdPeriph_Driver\src\stm32f10x_adc.c 0x00000000   Number         0  stm32f10x_adc.o ABSOLUTE
    Libraries\STM32F10x_StdPeriph_Driver\src\stm32f10x_bkp.c 0x00000000   Number         0  stm32f10x_bkp.o ABSOLUTE
    Libraries\STM32F10x_StdPeriph_Driver\src\stm32f10x_exti.c 0x00000000   Number         0  stm32f10x_exti.o ABSOLUTE
    Libraries\STM32F10x_StdPeriph_Driver\src\stm32f10x_gpio.c 0x00000000   Number         0  stm32f10x_gpio.o ABSOLUTE
    Libraries\STM32F10x_StdPeriph_Driver\src\stm32f10x_iwdg.c 0x00000000   Number         0  stm32f10x_iwdg.o ABSOLUTE
    Libraries\STM32F10x_StdPeriph_Driver\src\stm32f10x_pwr.c 0x00000000   Number         0  stm32f10x_pwr.o ABSOLUTE
    Libraries\STM32F10x_StdPeriph_Driver\src\stm32f10x_rcc.c 0x00000000   Number         0  stm32f10x_rcc.o ABSOLUTE
    Libraries\STM32F10x_StdPeriph_Driver\src\stm32f10x_spi.c 0x00000000   Number         0  stm32f10x_spi.o ABSOLUTE
    Libraries\STM32F10x_StdPeriph_Driver\src\stm32f10x_tim.c 0x00000000   Number         0  stm32f10x_tim.o ABSOLUTE
    Libraries\STM32F10x_StdPeriph_Driver\src\stm32f10x_usart.c 0x00000000   Number         0  stm32f10x_usart.o ABSOLUTE
    Libraries\STM32F10x_StdPeriph_Driver\src\stm32f10x_wwdg.c 0x00000000   Number         0  stm32f10x_wwdg.o ABSOLUTE
    Libraries\\CMSIS\\core_cm3.c             0x00000000   Number         0  core_cm3.o ABSOLUTE
    Public\SysTick.c                         0x00000000   Number         0  systick.o ABSOLUTE
    Public\UART1.c                           0x00000000   Number         0  uart1.o ABSOLUTE
    Public\UART2.c                           0x00000000   Number         0  uart2.o ABSOLUTE
    Public\system.c                          0x00000000   Number         0  system.o ABSOLUTE
    Public\usart.c                           0x00000000   Number         0  usart.o ABSOLUTE
    User\main.c                              0x00000000   Number         0  main.o ABSOLUTE
    User\stm32f10x_it.c                      0x00000000   Number         0  stm32f10x_it.o ABSOLUTE
    cdrcmple.s                               0x00000000   Number         0  cdrcmple.o ABSOLUTE
    dc.s                                     0x00000000   Number         0  dc.o ABSOLUTE
    handlers.s                               0x00000000   Number         0  handlers.o ABSOLUTE
    init.s                                   0x00000000   Number         0  init.o ABSOLUTE
    RESET                                    0x08000000   Section      236  startup_stm32f10x_md.o(RESET)
    .ARM.Collect$$$$00000000                 0x080000ec   Section        0  entry.o(.ARM.Collect$$$$00000000)
    .ARM.Collect$$$$00000001                 0x080000ec   Section        4  entry2.o(.ARM.Collect$$$$00000001)
    .ARM.Collect$$$$00000004                 0x080000f0   Section        4  entry5.o(.ARM.Collect$$$$00000004)
    .ARM.Collect$$$$00000008                 0x080000f4   Section        0  entry7b.o(.ARM.Collect$$$$00000008)
    .ARM.Collect$$$$0000000A                 0x080000f4   Section        0  entry8b.o(.ARM.Collect$$$$0000000A)
    .ARM.Collect$$$$0000000B                 0x080000f4   Section        8  entry9a.o(.ARM.Collect$$$$0000000B)
    .ARM.Collect$$$$0000000D                 0x080000fc   Section        0  entry10a.o(.ARM.Collect$$$$0000000D)
    .ARM.Collect$$$$0000000F                 0x080000fc   Section        0  entry11a.o(.ARM.Collect$$$$0000000F)
    .ARM.Collect$$$$00002712                 0x080000fc   Section        4  entry2.o(.ARM.Collect$$$$00002712)
    __lit__00000000                          0x080000fc   Data           4  entry2.o(.ARM.Collect$$$$00002712)
    .text                                    0x08000100   Section       36  startup_stm32f10x_md.o(.text)
    .text                                    0x08000124   Section        0  memcpya.o(.text)
    .text                                    0x08000148   Section        0  fadd.o(.text)
    .text                                    0x080001f8   Section        0  fmul.o(.text)
    .text                                    0x0800025c   Section        0  fdiv.o(.text)
    .text                                    0x080002d8   Section        0  fflti.o(.text)
    .text                                    0x080002ea   Section        0  ffltui.o(.text)
    .text                                    0x080002f4   Section        0  f2d.o(.text)
    .text                                    0x0800031a   Section        0  uidiv.o(.text)
    .text                                    0x08000346   Section        0  uldiv.o(.text)
    .text                                    0x080003a8   Section        0  fepilogue.o(.text)
    .text                                    0x080003a8   Section        0  iusefp.o(.text)
    .text                                    0x08000416   Section        0  dadd.o(.text)
    .text                                    0x08000564   Section        0  dmul.o(.text)
    .text                                    0x08000648   Section        0  ddiv.o(.text)
    .text                                    0x08000726   Section        0  dfixul.o(.text)
    .text                                    0x08000758   Section       48  cdrcmple.o(.text)
    .text                                    0x08000788   Section       36  init.o(.text)
    .text                                    0x080007ac   Section        0  llshl.o(.text)
    .text                                    0x080007ca   Section        0  llushr.o(.text)
    .text                                    0x080007ea   Section        0  llsshr.o(.text)
    .text                                    0x0800080e   Section        0  depilogue.o(.text)
    i.ADC0_Pressure_Init                     0x080008c8   Section        0  pressure.o(i.ADC0_Pressure_Init)
    i.ADC_Cmd                                0x08000968   Section        0  stm32f10x_adc.o(i.ADC_Cmd)
    i.ADC_GetCalibrationStatus               0x0800097e   Section        0  stm32f10x_adc.o(i.ADC_GetCalibrationStatus)
    i.ADC_GetConversionValue                 0x08000992   Section        0  stm32f10x_adc.o(i.ADC_GetConversionValue)
    i.ADC_GetFlagStatus                      0x0800099a   Section        0  stm32f10x_adc.o(i.ADC_GetFlagStatus)
    i.ADC_GetResetCalibrationStatus          0x080009ac   Section        0  stm32f10x_adc.o(i.ADC_GetResetCalibrationStatus)
    i.ADC_Init                               0x080009c0   Section        0  stm32f10x_adc.o(i.ADC_Init)
    i.ADC_RegularChannelConfig               0x08000a10   Section        0  stm32f10x_adc.o(i.ADC_RegularChannelConfig)
    i.ADC_ResetCalibration                   0x08000ac8   Section        0  stm32f10x_adc.o(i.ADC_ResetCalibration)
    i.ADC_SoftwareStartConvCmd               0x08000ad2   Section        0  stm32f10x_adc.o(i.ADC_SoftwareStartConvCmd)
    i.ADC_StartCalibration                   0x08000ae8   Section        0  stm32f10x_adc.o(i.ADC_StartCalibration)
    i.AutoScanSensor                         0x08000af4   Section        0  angle.o(i.AutoScanSensor)
    i.BusFault_Handler                       0x08000ba8   Section        0  stm32f10x_it.o(i.BusFault_Handler)
    i.CheckRange                             0x08000bac   Section        0  wit_c_sdk.o(i.CheckRange)
    i.CmdProcess                             0x08000bc0   Section        0  angle.o(i.CmdProcess)
    i.CopeSensorData                         0x08000ce4   Section        0  angle.o(i.CopeSensorData)
    i.CopeWitData                            0x08000d54   Section        0  wit_c_sdk.o(i.CopeWitData)
    CopeWitData                              0x08000d55   Thumb Code   226  wit_c_sdk.o(i.CopeWitData)
    i.DebugMon_Handler                       0x08000e44   Section        0  stm32f10x_it.o(i.DebugMon_Handler)
    i.Delayms                                0x08000e46   Section        0  angle.o(i.Delayms)
    i.GPIO_Init                              0x08000e52   Section        0  stm32f10x_gpio.o(i.GPIO_Init)
    i.GPIO_PinRemapConfig                    0x08000f68   Section        0  stm32f10x_gpio.o(i.GPIO_PinRemapConfig)
    i.GPIO_ResetBits                         0x08000ff8   Section        0  stm32f10x_gpio.o(i.GPIO_ResetBits)
    i.GPIO_SetBits                           0x08000ffc   Section        0  stm32f10x_gpio.o(i.GPIO_SetBits)
    i.Get_AD0_Value                          0x08001000   Section        0  pressure.o(i.Get_AD0_Value)
    i.Get_ADC_Value_to_Voltage               0x08001024   Section        0  pressure.o(i.Get_ADC_Value_to_Voltage)
    i.Get_Voltage_to_Pressure                0x0800103c   Section        0  pressure.o(i.Get_Voltage_to_Pressure)
    i.HardFault_Handler                      0x08001064   Section        0  stm32f10x_it.o(i.HardFault_Handler)
    i.KEY_Init                               0x08001068   Section        0  key.o(i.KEY_Init)
    i.KEY_Scan                               0x080010f8   Section        0  key.o(i.KEY_Scan)
    i.MSD_GetDataResponse                    0x0800119c   Section        0  msd.o(i.MSD_GetDataResponse)
    i.MSD_GetResponse                        0x080011e8   Section        0  msd.o(i.MSD_GetResponse)
    i.MSD_Init                               0x0800120c   Section        0  msd.o(i.MSD_Init)
    i.MSD_ReadBlock                          0x08001224   Section        0  msd.o(i.MSD_ReadBlock)
    i.MSD_ReadBuffer                         0x08001290   Section        0  msd.o(i.MSD_ReadBuffer)
    i.MSD_ReadByte                           0x08001324   Section        0  msd.o(i.MSD_ReadByte)
    i.MSD_SendCmd                            0x08001358   Section        0  msd.o(i.MSD_SendCmd)
    i.MSD_WriteBlock                         0x0800139c   Section        0  msd.o(i.MSD_WriteBlock)
    i.MSD_WriteBuffer                        0x08001414   Section        0  msd.o(i.MSD_WriteBuffer)
    i.MSD_WriteByte                          0x080014b4   Section        0  msd.o(i.MSD_WriteByte)
    i.MemManage_Handler                      0x080014d0   Section        0  stm32f10x_it.o(i.MemManage_Handler)
    i.NMI_Handler                            0x080014d4   Section        0  stm32f10x_it.o(i.NMI_Handler)
    i.NVIC_Init                              0x080014d8   Section        0  misc.o(i.NVIC_Init)
    i.NVIC_PriorityGroupConfig               0x08001548   Section        0  misc.o(i.NVIC_PriorityGroupConfig)
    i.PendSV_Handler                         0x0800155c   Section        0  stm32f10x_it.o(i.PendSV_Handler)
    i.RCC_ADCCLKConfig                       0x08001560   Section        0  stm32f10x_rcc.o(i.RCC_ADCCLKConfig)
    i.RCC_APB1PeriphClockCmd                 0x08001578   Section        0  stm32f10x_rcc.o(i.RCC_APB1PeriphClockCmd)
    i.RCC_APB2PeriphClockCmd                 0x08001598   Section        0  stm32f10x_rcc.o(i.RCC_APB2PeriphClockCmd)
    i.RCC_GetClocksFreq                      0x080015b8   Section        0  stm32f10x_rcc.o(i.RCC_GetClocksFreq)
    i.RS485_IO_Init                          0x0800168c   Section        0  angle.o(i.RS485_IO_Init)
    i.SDHC_Init                              0x080016c0   Section        0  msd.o(i.SDHC_Init)
    i.SD_SPI_Configuration                   0x080018a4   Section        0  msd.o(i.SD_SPI_Configuration)
    i.SD_SPI_HightSpeed                      0x08001974   Section        0  msd.o(i.SD_SPI_HightSpeed)
    i.SD_SendCommand                         0x080019d0   Section        0  msd.o(i.SD_SendCommand)
    i.SD_SendCommand_NoDeassert              0x08001a4c   Section        0  msd.o(i.SD_SendCommand_NoDeassert)
    i.SPI2_ReadWriteByte                     0x08001ab8   Section        0  msd.o(i.SPI2_ReadWriteByte)
    i.SPI_Cmd                                0x08001aec   Section        0  stm32f10x_spi.o(i.SPI_Cmd)
    i.SPI_Init                               0x08001b04   Section        0  stm32f10x_spi.o(i.SPI_Init)
    i.SVC_Handler                            0x08001b40   Section        0  stm32f10x_it.o(i.SVC_Handler)
    i.SensorUartSend                         0x08001b44   Section        0  angle.o(i.SensorUartSend)
    i.SetSysClock                            0x08001b68   Section        0  system_stm32f10x.o(i.SetSysClock)
    SetSysClock                              0x08001b69   Thumb Code     8  system_stm32f10x.o(i.SetSysClock)
    i.SetSysClockTo72                        0x08001b70   Section        0  system_stm32f10x.o(i.SetSysClockTo72)
    SetSysClockTo72                          0x08001b71   Thumb Code   214  system_stm32f10x.o(i.SetSysClockTo72)
    i.ShowHelp                               0x08001c50   Section        0  angle.o(i.ShowHelp)
    i.SysTick_CLKSourceConfig                0x08001da8   Section        0  misc.o(i.SysTick_CLKSourceConfig)
    i.SysTick_Handler                        0x08001dd0   Section        0  stm32f10x_it.o(i.SysTick_Handler)
    i.SysTick_Init                           0x08001dd4   Section        0  systick.o(i.SysTick_Init)
    i.SystemInit                             0x08001e10   Section        0  system_stm32f10x.o(i.SystemInit)
    i.USART1_IRQHandler                      0x08001e70   Section        0  usart.o(i.USART1_IRQHandler)
    i.USART1_Init                            0x08001ef8   Section        0  usart.o(i.USART1_Init)
    i.USART2_IRQHandler                      0x08001fa8   Section        0  uart2.o(i.USART2_IRQHandler)
    i.USART_ClearFlag                        0x08001fd4   Section        0  stm32f10x_usart.o(i.USART_ClearFlag)
    i.USART_ClearITPendingBit                0x08001fe6   Section        0  stm32f10x_usart.o(i.USART_ClearITPendingBit)
    i.USART_Cmd                              0x08002004   Section        0  stm32f10x_usart.o(i.USART_Cmd)
    i.USART_GetFlagStatus                    0x0800201c   Section        0  stm32f10x_usart.o(i.USART_GetFlagStatus)
    i.USART_GetITStatus                      0x08002036   Section        0  stm32f10x_usart.o(i.USART_GetITStatus)
    i.USART_ITConfig                         0x0800208a   Section        0  stm32f10x_usart.o(i.USART_ITConfig)
    i.USART_Init                             0x080020d4   Section        0  stm32f10x_usart.o(i.USART_Init)
    i.USART_ReceiveData                      0x080021ac   Section        0  stm32f10x_usart.o(i.USART_ReceiveData)
    i.USART_SendData                         0x080021b6   Section        0  stm32f10x_usart.o(i.USART_SendData)
    i.Uart2Send                              0x080021c0   Section        0  uart2.o(i.Uart2Send)
    i.UsageFault_Handler                     0x080021fc   Section        0  stm32f10x_it.o(i.UsageFault_Handler)
    i.Usart2Init                             0x08002200   Section        0  uart2.o(i.Usart2Init)
    i.WitDelayMsRegister                     0x080022c8   Section        0  wit_c_sdk.o(i.WitDelayMsRegister)
    i.WitInit                                0x080022e0   Section        0  wit_c_sdk.o(i.WitInit)
    i.WitReadReg                             0x0800230c   Section        0  wit_c_sdk.o(i.WitReadReg)
    i.WitRegisterCallBack                    0x080024d8   Section        0  wit_c_sdk.o(i.WitRegisterCallBack)
    i.WitSerialDataIn                        0x080024f0   Section        0  wit_c_sdk.o(i.WitSerialDataIn)
    i.WitSerialWriteRegister                 0x080026d8   Section        0  wit_c_sdk.o(i.WitSerialWriteRegister)
    i.WitSetBandwidth                        0x080026f0   Section        0  wit_c_sdk.o(i.WitSetBandwidth)
    i.WitSetUartBaud                         0x08002754   Section        0  wit_c_sdk.o(i.WitSetUartBaud)
    i.WitStartAccCali                        0x080027b8   Section        0  wit_c_sdk.o(i.WitStartAccCali)
    i.WitStartMagCali                        0x08002808   Section        0  wit_c_sdk.o(i.WitStartMagCali)
    i.WitStopMagCali                         0x08002858   Section        0  wit_c_sdk.o(i.WitStopMagCali)
    i.WitWriteReg                            0x080028a8   Section        0  wit_c_sdk.o(i.WitWriteReg)
    i.__0printf                              0x080029e4   Section        0  printfa.o(i.__0printf)
    i.__0snprintf                            0x08002a04   Section        0  printfa.o(i.__0snprintf)
    i.__CRC16                                0x08002a34   Section        0  wit_c_sdk.o(i.__CRC16)
    __CRC16                                  0x08002a35   Thumb Code    48  wit_c_sdk.o(i.__CRC16)
    i.__CaliSum                              0x08002a6c   Section        0  wit_c_sdk.o(i.__CaliSum)
    __CaliSum                                0x08002a6d   Thumb Code    26  wit_c_sdk.o(i.__CaliSum)
    i.__scatterload_copy                     0x08002a86   Section       14  handlers.o(i.__scatterload_copy)
    i.__scatterload_null                     0x08002a94   Section        2  handlers.o(i.__scatterload_null)
    i.__scatterload_zeroinit                 0x08002a96   Section       14  handlers.o(i.__scatterload_zeroinit)
    i._fp_digits                             0x08002aa4   Section        0  printfa.o(i._fp_digits)
    _fp_digits                               0x08002aa5   Thumb Code   366  printfa.o(i._fp_digits)
    i._printf_core                           0x08002c28   Section        0  printfa.o(i._printf_core)
    _printf_core                             0x08002c29   Thumb Code  1744  printfa.o(i._printf_core)
    i._printf_post_padding                   0x08003304   Section        0  printfa.o(i._printf_post_padding)
    _printf_post_padding                     0x08003305   Thumb Code    36  printfa.o(i._printf_post_padding)
    i._printf_pre_padding                    0x08003328   Section        0  printfa.o(i._printf_pre_padding)
    _printf_pre_padding                      0x08003329   Thumb Code    46  printfa.o(i._printf_pre_padding)
    i._snputc                                0x08003356   Section        0  printfa.o(i._snputc)
    _snputc                                  0x08003357   Thumb Code    22  printfa.o(i._snputc)
    i.check_fs                               0x0800336c   Section        0  ff.o(i.check_fs)
    check_fs                                 0x0800336d   Thumb Code   138  ff.o(i.check_fs)
    i.chk_chr                                0x080033fc   Section        0  ff.o(i.chk_chr)
    chk_chr                                  0x080033fd   Thumb Code    20  ff.o(i.chk_chr)
    i.chk_mounted                            0x08003410   Section        0  ff.o(i.chk_mounted)
    chk_mounted                              0x08003411   Thumb Code   868  ff.o(i.chk_mounted)
    i.clust2sect                             0x08003788   Section        0  ff.o(i.clust2sect)
    i.create_chain                           0x080037a2   Section        0  ff.o(i.create_chain)
    create_chain                             0x080037a3   Thumb Code   202  ff.o(i.create_chain)
    i.create_name                            0x0800386c   Section        0  ff.o(i.create_name)
    create_name                              0x0800386d   Thumb Code   394  ff.o(i.create_name)
    i.delay_ms                               0x08003a08   Section        0  systick.o(i.delay_ms)
    i.dir_find                               0x08003a54   Section        0  ff.o(i.dir_find)
    dir_find                                 0x08003a55   Thumb Code    92  ff.o(i.dir_find)
    i.dir_next                               0x08003ab0   Section        0  ff.o(i.dir_next)
    dir_next                                 0x08003ab1   Thumb Code   278  ff.o(i.dir_next)
    i.dir_register                           0x08003bc6   Section        0  ff.o(i.dir_register)
    dir_register                             0x08003bc7   Thumb Code   110  ff.o(i.dir_register)
    i.dir_sdi                                0x08003c34   Section        0  ff.o(i.dir_sdi)
    dir_sdi                                  0x08003c35   Thumb Code   156  ff.o(i.dir_sdi)
    i.disk_initialize                        0x08003cd0   Section        0  diskio.o(i.disk_initialize)
    i.disk_ioctl                             0x08003d04   Section        0  diskio.o(i.disk_ioctl)
    i.disk_read                              0x08003d80   Section        0  diskio.o(i.disk_read)
    i.disk_status                            0x08003df0   Section        0  diskio.o(i.disk_status)
    i.disk_write                             0x08003e0c   Section        0  diskio.o(i.disk_write)
    i.f_close                                0x08003e8c   Section        0  ff.o(i.f_close)
    i.f_mount                                0x08003ea4   Section        0  ff.o(i.f_mount)
    i.f_open                                 0x08003ed0   Section        0  ff.o(i.f_open)
    i.f_putc                                 0x0800403e   Section        0  ff.o(i.f_putc)
    i.f_puts                                 0x08004070   Section        0  ff.o(i.f_puts)
    i.f_sync                                 0x0800409a   Section        0  ff.o(i.f_sync)
    i.f_write                                0x08004152   Section        0  ff.o(i.f_write)
    i.follow_path                            0x08004360   Section        0  ff.o(i.follow_path)
    follow_path                              0x08004361   Thumb Code   186  ff.o(i.follow_path)
    i.fputc                                  0x0800441c   Section        0  usart.o(i.fputc)
    i.get_fat                                0x08004440   Section        0  ff.o(i.get_fat)
    i.get_fattime                            0x08004524   Section        0  diskio.o(i.get_fattime)
    i.main                                   0x08004528   Section        0  main.o(i.main)
    i.mem_cmp                                0x08004a84   Section        0  ff.o(i.mem_cmp)
    mem_cmp                                  0x08004a85   Thumb Code    38  ff.o(i.mem_cmp)
    i.mem_cpy                                0x08004aaa   Section        0  ff.o(i.mem_cpy)
    mem_cpy                                  0x08004aab   Thumb Code    26  ff.o(i.mem_cpy)
    i.mem_set                                0x08004ac4   Section        0  ff.o(i.mem_set)
    mem_set                                  0x08004ac5   Thumb Code    20  ff.o(i.mem_set)
    i.move_window                            0x08004ad8   Section        0  ff.o(i.move_window)
    move_window                              0x08004ad9   Thumb Code   114  ff.o(i.move_window)
    i.put_fat                                0x08004b4a   Section        0  ff.o(i.put_fat)
    i.remove_chain                           0x08004c80   Section        0  ff.o(i.remove_chain)
    remove_chain                             0x08004c81   Thumb Code   104  ff.o(i.remove_chain)
    i.sync                                   0x08004ce8   Section        0  ff.o(i.sync)
    sync                                     0x08004ce9   Thumb Code   202  ff.o(i.sync)
    i.validate                               0x08004db2   Section        0  ff.o(i.validate)
    validate                                 0x08004db3   Thumb Code    42  ff.o(i.validate)
    .constdata                               0x08004ddc   Section       40  angle.o(.constdata)
    .constdata                               0x08004e04   Section      512  wit_c_sdk.o(.constdata)
    __auchCRCHi                              0x08004e04   Data         256  wit_c_sdk.o(.constdata)
    __auchCRCLo                              0x08004f04   Data         256  wit_c_sdk.o(.constdata)
    .conststring                             0x08005004   Section      334  angle.o(.conststring)
    .data                                    0x20000000   Section       12  main.o(.data)
    s_cDataUpdate                            0x20000000   Data           1  main.o(.data)
    s_cCmd                                   0x20000001   Data           1  main.o(.data)
    .data                                    0x2000000c   Section       20  stm32f10x_rcc.o(.data)
    APBAHBPrescTable                         0x2000000c   Data          16  stm32f10x_rcc.o(.data)
    ADCPrescTable                            0x2000001c   Data           4  stm32f10x_rcc.o(.data)
    .data                                    0x20000020   Section       16  msd.o(.data)
    .data                                    0x20000030   Section        7  ff.o(.data)
    FatFs                                    0x20000030   Data           4  ff.o(.data)
    Fsid                                     0x20000034   Data           2  ff.o(.data)
    CurrVol                                  0x20000036   Data           1  ff.o(.data)
    .data                                    0x20000037   Section        1  diskio.o(.data)
    .data                                    0x20000038   Section        1  key.o(.data)
    key                                      0x20000038   Data           1  key.o(.data)
    .data                                    0x20000039   Section        3  angle.o(.data)
    s_cDataUpdate                            0x20000039   Data           1  angle.o(.data)
    s_cCmd                                   0x2000003a   Data           1  angle.o(.data)
    s_ucRxCnt                                0x2000003b   Data           1  angle.o(.data)
    .data                                    0x2000003c   Section       40  wit_c_sdk.o(.data)
    p_WitSerialWriteFunc                     0x2000003c   Data           4  wit_c_sdk.o(.data)
    p_WitI2cWriteFunc                        0x20000040   Data           4  wit_c_sdk.o(.data)
    p_WitI2cReadFunc                         0x20000044   Data           4  wit_c_sdk.o(.data)
    p_WitCanWriteFunc                        0x20000048   Data           4  wit_c_sdk.o(.data)
    p_WitRegUpdateCbFunc                     0x2000004c   Data           4  wit_c_sdk.o(.data)
    p_WitDelaymsFunc                         0x20000050   Data           4  wit_c_sdk.o(.data)
    s_ucAddr                                 0x20000054   Data           1  wit_c_sdk.o(.data)
    s_uiWitDataCnt                           0x20000058   Data           4  wit_c_sdk.o(.data)
    s_uiProtoclo                             0x2000005c   Data           4  wit_c_sdk.o(.data)
    s_uiReadRegIndex                         0x20000060   Data           4  wit_c_sdk.o(.data)
    .data                                    0x20000064   Section        4  systick.o(.data)
    fac_us                                   0x20000064   Data           1  systick.o(.data)
    fac_ms                                   0x20000066   Data           2  systick.o(.data)
    .data                                    0x20000068   Section        2  usart.o(.data)
    .data                                    0x2000006c   Section        4  stdout.o(.data)
    .bss                                     0x20000070   Section     1116  main.o(.bss)
    .bss                                     0x200004cc   Section      544  wit_c_sdk.o(.bss)
    s_ucWitDataBuff                          0x200004cc   Data         256  wit_c_sdk.o(.bss)
    .bss                                     0x200006ec   Section      200  usart.o(.bss)
    STACK                                    0x200007b8   Section     1024  startup_stm32f10x_md.o(STACK)

    Global Symbols

    Symbol Name                              Value     Ov Type        Size  Object(Section)

    BuildAttributes$$THM_ISAv4$P$D$K$B$S$PE$A:L22UL41UL21$X:L11$S22US41US21$IEEE1$IW$USESV6$~STKCKD$USESV7$~SHL$OTIME$ROPI$EBA8$MICROLIB$REQ8$PRES8$EABIv2 0x00000000   Number         0  anon$$obj.o ABSOLUTE
    __ARM_use_no_argv                        0x00000000   Number         0  main.o ABSOLUTE
    _printf_a                                0x00000000   Number         0  stubs.o ABSOLUTE
    _printf_c                                0x00000000   Number         0  stubs.o ABSOLUTE
    _printf_charcount                        0x00000000   Number         0  stubs.o ABSOLUTE
    _printf_d                                0x00000000   Number         0  stubs.o ABSOLUTE
    _printf_e                                0x00000000   Number         0  stubs.o ABSOLUTE
    _printf_f                                0x00000000   Number         0  stubs.o ABSOLUTE
    _printf_flags                            0x00000000   Number         0  stubs.o ABSOLUTE
    _printf_fp_dec                           0x00000000   Number         0  stubs.o ABSOLUTE
    _printf_fp_hex                           0x00000000   Number         0  stubs.o ABSOLUTE
    _printf_g                                0x00000000   Number         0  stubs.o ABSOLUTE
    _printf_i                                0x00000000   Number         0  stubs.o ABSOLUTE
    _printf_int_dec                          0x00000000   Number         0  stubs.o ABSOLUTE
    _printf_l                                0x00000000   Number         0  stubs.o ABSOLUTE
    _printf_lc                               0x00000000   Number         0  stubs.o ABSOLUTE
    _printf_ll                               0x00000000   Number         0  stubs.o ABSOLUTE
    _printf_lld                              0x00000000   Number         0  stubs.o ABSOLUTE
    _printf_lli                              0x00000000   Number         0  stubs.o ABSOLUTE
    _printf_llo                              0x00000000   Number         0  stubs.o ABSOLUTE
    _printf_llu                              0x00000000   Number         0  stubs.o ABSOLUTE
    _printf_llx                              0x00000000   Number         0  stubs.o ABSOLUTE
    _printf_longlong_dec                     0x00000000   Number         0  stubs.o ABSOLUTE
    _printf_longlong_hex                     0x00000000   Number         0  stubs.o ABSOLUTE
    _printf_longlong_oct                     0x00000000   Number         0  stubs.o ABSOLUTE
    _printf_ls                               0x00000000   Number         0  stubs.o ABSOLUTE
    _printf_mbtowc                           0x00000000   Number         0  stubs.o ABSOLUTE
    _printf_n                                0x00000000   Number         0  stubs.o ABSOLUTE
    _printf_o                                0x00000000   Number         0  stubs.o ABSOLUTE
    _printf_p                                0x00000000   Number         0  stubs.o ABSOLUTE
    _printf_percent                          0x00000000   Number         0  stubs.o ABSOLUTE
    _printf_pre_padding                      0x00000000   Number         0  stubs.o ABSOLUTE
    _printf_return_value                     0x00000000   Number         0  stubs.o ABSOLUTE
    _printf_s                                0x00000000   Number         0  stubs.o ABSOLUTE
    _printf_sizespec                         0x00000000   Number         0  stubs.o ABSOLUTE
    _printf_str                              0x00000000   Number         0  stubs.o ABSOLUTE
    _printf_truncate_signed                  0x00000000   Number         0  stubs.o ABSOLUTE
    _printf_truncate_unsigned                0x00000000   Number         0  stubs.o ABSOLUTE
    _printf_u                                0x00000000   Number         0  stubs.o ABSOLUTE
    _printf_wc                               0x00000000   Number         0  stubs.o ABSOLUTE
    _printf_wctomb                           0x00000000   Number         0  stubs.o ABSOLUTE
    _printf_widthprec                        0x00000000   Number         0  stubs.o ABSOLUTE
    _printf_x                                0x00000000   Number         0  stubs.o ABSOLUTE
    __cpp_initialize__aeabi_                  - Undefined Weak Reference
    __cxa_finalize                            - Undefined Weak Reference
    __decompress                              - Undefined Weak Reference
    _clock_init                               - Undefined Weak Reference
    _microlib_exit                            - Undefined Weak Reference
    __Vectors_Size                           0x000000ec   Number         0  startup_stm32f10x_md.o ABSOLUTE
    __Vectors                                0x08000000   Data           4  startup_stm32f10x_md.o(RESET)
    __Vectors_End                            0x080000ec   Data           0  startup_stm32f10x_md.o(RESET)
    __main                                   0x080000ed   Thumb Code     0  entry.o(.ARM.Collect$$$$00000000)
    _main_stk                                0x080000ed   Thumb Code     0  entry2.o(.ARM.Collect$$$$00000001)
    _main_scatterload                        0x080000f1   Thumb Code     0  entry5.o(.ARM.Collect$$$$00000004)
    __main_after_scatterload                 0x080000f5   Thumb Code     0  entry5.o(.ARM.Collect$$$$00000004)
    _main_clock                              0x080000f5   Thumb Code     0  entry7b.o(.ARM.Collect$$$$00000008)
    _main_cpp_init                           0x080000f5   Thumb Code     0  entry8b.o(.ARM.Collect$$$$0000000A)
    _main_init                               0x080000f5   Thumb Code     0  entry9a.o(.ARM.Collect$$$$0000000B)
    __rt_final_cpp                           0x080000fd   Thumb Code     0  entry10a.o(.ARM.Collect$$$$0000000D)
    __rt_final_exit                          0x080000fd   Thumb Code     0  entry11a.o(.ARM.Collect$$$$0000000F)
    Reset_Handler                            0x08000101   Thumb Code     8  startup_stm32f10x_md.o(.text)
    ADC1_2_IRQHandler                        0x0800011b   Thumb Code     0  startup_stm32f10x_md.o(.text)
    CAN1_RX1_IRQHandler                      0x0800011b   Thumb Code     0  startup_stm32f10x_md.o(.text)
    CAN1_SCE_IRQHandler                      0x0800011b   Thumb Code     0  startup_stm32f10x_md.o(.text)
    DMA1_Channel1_IRQHandler                 0x0800011b   Thumb Code     0  startup_stm32f10x_md.o(.text)
    DMA1_Channel2_IRQHandler                 0x0800011b   Thumb Code     0  startup_stm32f10x_md.o(.text)
    DMA1_Channel3_IRQHandler                 0x0800011b   Thumb Code     0  startup_stm32f10x_md.o(.text)
    DMA1_Channel4_IRQHandler                 0x0800011b   Thumb Code     0  startup_stm32f10x_md.o(.text)
    DMA1_Channel5_IRQHandler                 0x0800011b   Thumb Code     0  startup_stm32f10x_md.o(.text)
    DMA1_Channel6_IRQHandler                 0x0800011b   Thumb Code     0  startup_stm32f10x_md.o(.text)
    DMA1_Channel7_IRQHandler                 0x0800011b   Thumb Code     0  startup_stm32f10x_md.o(.text)
    EXTI0_IRQHandler                         0x0800011b   Thumb Code     0  startup_stm32f10x_md.o(.text)
    EXTI15_10_IRQHandler                     0x0800011b   Thumb Code     0  startup_stm32f10x_md.o(.text)
    EXTI1_IRQHandler                         0x0800011b   Thumb Code     0  startup_stm32f10x_md.o(.text)
    EXTI2_IRQHandler                         0x0800011b   Thumb Code     0  startup_stm32f10x_md.o(.text)
    EXTI3_IRQHandler                         0x0800011b   Thumb Code     0  startup_stm32f10x_md.o(.text)
    EXTI4_IRQHandler                         0x0800011b   Thumb Code     0  startup_stm32f10x_md.o(.text)
    EXTI9_5_IRQHandler                       0x0800011b   Thumb Code     0  startup_stm32f10x_md.o(.text)
    FLASH_IRQHandler                         0x0800011b   Thumb Code     0  startup_stm32f10x_md.o(.text)
    I2C1_ER_IRQHandler                       0x0800011b   Thumb Code     0  startup_stm32f10x_md.o(.text)
    I2C1_EV_IRQHandler                       0x0800011b   Thumb Code     0  startup_stm32f10x_md.o(.text)
    I2C2_ER_IRQHandler                       0x0800011b   Thumb Code     0  startup_stm32f10x_md.o(.text)
    I2C2_EV_IRQHandler                       0x0800011b   Thumb Code     0  startup_stm32f10x_md.o(.text)
    PVD_IRQHandler                           0x0800011b   Thumb Code     0  startup_stm32f10x_md.o(.text)
    RCC_IRQHandler                           0x0800011b   Thumb Code     0  startup_stm32f10x_md.o(.text)
    RTCAlarm_IRQHandler                      0x0800011b   Thumb Code     0  startup_stm32f10x_md.o(.text)
    RTC_IRQHandler                           0x0800011b   Thumb Code     0  startup_stm32f10x_md.o(.text)
    SPI1_IRQHandler                          0x0800011b   Thumb Code     0  startup_stm32f10x_md.o(.text)
    SPI2_IRQHandler                          0x0800011b   Thumb Code     0  startup_stm32f10x_md.o(.text)
    TAMPER_IRQHandler                        0x0800011b   Thumb Code     0  startup_stm32f10x_md.o(.text)
    TIM1_BRK_IRQHandler                      0x0800011b   Thumb Code     0  startup_stm32f10x_md.o(.text)
    TIM1_CC_IRQHandler                       0x0800011b   Thumb Code     0  startup_stm32f10x_md.o(.text)
    TIM1_TRG_COM_IRQHandler                  0x0800011b   Thumb Code     0  startup_stm32f10x_md.o(.text)
    TIM1_UP_IRQHandler                       0x0800011b   Thumb Code     0  startup_stm32f10x_md.o(.text)
    TIM2_IRQHandler                          0x0800011b   Thumb Code     0  startup_stm32f10x_md.o(.text)
    TIM3_IRQHandler                          0x0800011b   Thumb Code     0  startup_stm32f10x_md.o(.text)
    TIM4_IRQHandler                          0x0800011b   Thumb Code     0  startup_stm32f10x_md.o(.text)
    USART3_IRQHandler                        0x0800011b   Thumb Code     0  startup_stm32f10x_md.o(.text)
    USBWakeUp_IRQHandler                     0x0800011b   Thumb Code     0  startup_stm32f10x_md.o(.text)
    USB_HP_CAN1_TX_IRQHandler                0x0800011b   Thumb Code     0  startup_stm32f10x_md.o(.text)
    USB_LP_CAN1_RX0_IRQHandler               0x0800011b   Thumb Code     0  startup_stm32f10x_md.o(.text)
    WWDG_IRQHandler                          0x0800011b   Thumb Code     0  startup_stm32f10x_md.o(.text)
    __aeabi_memcpy                           0x08000125   Thumb Code    36  memcpya.o(.text)
    __aeabi_memcpy4                          0x08000125   Thumb Code     0  memcpya.o(.text)
    __aeabi_memcpy8                          0x08000125   Thumb Code     0  memcpya.o(.text)
    __aeabi_fadd                             0x08000149   Thumb Code   164  fadd.o(.text)
    __aeabi_fsub                             0x080001ed   Thumb Code     6  fadd.o(.text)
    __aeabi_frsub                            0x080001f3   Thumb Code     6  fadd.o(.text)
    __aeabi_fmul                             0x080001f9   Thumb Code   100  fmul.o(.text)
    __aeabi_fdiv                             0x0800025d   Thumb Code   124  fdiv.o(.text)
    __aeabi_i2f                              0x080002d9   Thumb Code    18  fflti.o(.text)
    __aeabi_ui2f                             0x080002eb   Thumb Code    10  ffltui.o(.text)
    __aeabi_f2d                              0x080002f5   Thumb Code    38  f2d.o(.text)
    __aeabi_uidiv                            0x0800031b   Thumb Code     0  uidiv.o(.text)
    __aeabi_uidivmod                         0x0800031b   Thumb Code    44  uidiv.o(.text)
    __aeabi_uldivmod                         0x08000347   Thumb Code    98  uldiv.o(.text)
    __I$use$fp                               0x080003a9   Thumb Code     0  iusefp.o(.text)
    _float_round                             0x080003a9   Thumb Code    18  fepilogue.o(.text)
    _float_epilogue                          0x080003bb   Thumb Code    92  fepilogue.o(.text)
    __aeabi_dadd                             0x08000417   Thumb Code   322  dadd.o(.text)
    __aeabi_dsub                             0x08000559   Thumb Code     6  dadd.o(.text)
    __aeabi_drsub                            0x0800055f   Thumb Code     6  dadd.o(.text)
    __aeabi_dmul                             0x08000565   Thumb Code   228  dmul.o(.text)
    __aeabi_ddiv                             0x08000649   Thumb Code   222  ddiv.o(.text)
    __aeabi_d2ulz                            0x08000727   Thumb Code    48  dfixul.o(.text)
    __aeabi_cdrcmple                         0x08000759   Thumb Code    48  cdrcmple.o(.text)
    __scatterload                            0x08000789   Thumb Code    28  init.o(.text)
    __scatterload_rt2                        0x08000789   Thumb Code     0  init.o(.text)
    __aeabi_llsl                             0x080007ad   Thumb Code    30  llshl.o(.text)
    _ll_shift_l                              0x080007ad   Thumb Code     0  llshl.o(.text)
    __aeabi_llsr                             0x080007cb   Thumb Code    32  llushr.o(.text)
    _ll_ushift_r                             0x080007cb   Thumb Code     0  llushr.o(.text)
    __aeabi_lasr                             0x080007eb   Thumb Code    36  llsshr.o(.text)
    _ll_sshift_r                             0x080007eb   Thumb Code     0  llsshr.o(.text)
    _double_round                            0x0800080f   Thumb Code    30  depilogue.o(.text)
    _double_epilogue                         0x0800082d   Thumb Code   156  depilogue.o(.text)
    ADC0_Pressure_Init                       0x080008c9   Thumb Code   150  pressure.o(i.ADC0_Pressure_Init)
    ADC_Cmd                                  0x08000969   Thumb Code    22  stm32f10x_adc.o(i.ADC_Cmd)
    ADC_GetCalibrationStatus                 0x0800097f   Thumb Code    20  stm32f10x_adc.o(i.ADC_GetCalibrationStatus)
    ADC_GetConversionValue                   0x08000993   Thumb Code     8  stm32f10x_adc.o(i.ADC_GetConversionValue)
    ADC_GetFlagStatus                        0x0800099b   Thumb Code    18  stm32f10x_adc.o(i.ADC_GetFlagStatus)
    ADC_GetResetCalibrationStatus            0x080009ad   Thumb Code    20  stm32f10x_adc.o(i.ADC_GetResetCalibrationStatus)
    ADC_Init                                 0x080009c1   Thumb Code    70  stm32f10x_adc.o(i.ADC_Init)
    ADC_RegularChannelConfig                 0x08000a11   Thumb Code   184  stm32f10x_adc.o(i.ADC_RegularChannelConfig)
    ADC_ResetCalibration                     0x08000ac9   Thumb Code    10  stm32f10x_adc.o(i.ADC_ResetCalibration)
    ADC_SoftwareStartConvCmd                 0x08000ad3   Thumb Code    22  stm32f10x_adc.o(i.ADC_SoftwareStartConvCmd)
    ADC_StartCalibration                     0x08000ae9   Thumb Code    10  stm32f10x_adc.o(i.ADC_StartCalibration)
    AutoScanSensor                           0x08000af5   Thumb Code    92  angle.o(i.AutoScanSensor)
    BusFault_Handler                         0x08000ba9   Thumb Code     4  stm32f10x_it.o(i.BusFault_Handler)
    CheckRange                               0x08000bad   Thumb Code    18  wit_c_sdk.o(i.CheckRange)
    CmdProcess                               0x08000bc1   Thumb Code   190  angle.o(i.CmdProcess)
    CopeSensorData                           0x08000ce5   Thumb Code   106  angle.o(i.CopeSensorData)
    DebugMon_Handler                         0x08000e45   Thumb Code     2  stm32f10x_it.o(i.DebugMon_Handler)
    Delayms                                  0x08000e47   Thumb Code    12  angle.o(i.Delayms)
    GPIO_Init                                0x08000e53   Thumb Code   278  stm32f10x_gpio.o(i.GPIO_Init)
    GPIO_PinRemapConfig                      0x08000f69   Thumb Code   138  stm32f10x_gpio.o(i.GPIO_PinRemapConfig)
    GPIO_ResetBits                           0x08000ff9   Thumb Code     4  stm32f10x_gpio.o(i.GPIO_ResetBits)
    GPIO_SetBits                             0x08000ffd   Thumb Code     4  stm32f10x_gpio.o(i.GPIO_SetBits)
    Get_AD0_Value                            0x08001001   Thumb Code    32  pressure.o(i.Get_AD0_Value)
    Get_ADC_Value_to_Voltage                 0x08001025   Thumb Code    20  pressure.o(i.Get_ADC_Value_to_Voltage)
    Get_Voltage_to_Pressure                  0x0800103d   Thumb Code    30  pressure.o(i.Get_Voltage_to_Pressure)
    HardFault_Handler                        0x08001065   Thumb Code     4  stm32f10x_it.o(i.HardFault_Handler)
    KEY_Init                                 0x08001069   Thumb Code   130  key.o(i.KEY_Init)
    KEY_Scan                                 0x080010f9   Thumb Code   154  key.o(i.KEY_Scan)
    MSD_GetDataResponse                      0x0800119d   Thumb Code    76  msd.o(i.MSD_GetDataResponse)
    MSD_GetResponse                          0x080011e9   Thumb Code    34  msd.o(i.MSD_GetResponse)
    MSD_Init                                 0x0800120d   Thumb Code    18  msd.o(i.MSD_Init)
    MSD_ReadBlock                            0x08001225   Thumb Code   104  msd.o(i.MSD_ReadBlock)
    MSD_ReadBuffer                           0x08001291   Thumb Code   142  msd.o(i.MSD_ReadBuffer)
    MSD_ReadByte                             0x08001325   Thumb Code    46  msd.o(i.MSD_ReadByte)
    MSD_SendCmd                              0x08001359   Thumb Code    66  msd.o(i.MSD_SendCmd)
    MSD_WriteBlock                           0x0800139d   Thumb Code   116  msd.o(i.MSD_WriteBlock)
    MSD_WriteBuffer                          0x08001415   Thumb Code   154  msd.o(i.MSD_WriteBuffer)
    MSD_WriteByte                            0x080014b5   Thumb Code    22  msd.o(i.MSD_WriteByte)
    MemManage_Handler                        0x080014d1   Thumb Code     4  stm32f10x_it.o(i.MemManage_Handler)
    NMI_Handler                              0x080014d5   Thumb Code     2  stm32f10x_it.o(i.NMI_Handler)
    NVIC_Init                                0x080014d9   Thumb Code   100  misc.o(i.NVIC_Init)
    NVIC_PriorityGroupConfig                 0x08001549   Thumb Code    10  misc.o(i.NVIC_PriorityGroupConfig)
    PendSV_Handler                           0x0800155d   Thumb Code     2  stm32f10x_it.o(i.PendSV_Handler)
    RCC_ADCCLKConfig                         0x08001561   Thumb Code    18  stm32f10x_rcc.o(i.RCC_ADCCLKConfig)
    RCC_APB1PeriphClockCmd                   0x08001579   Thumb Code    26  stm32f10x_rcc.o(i.RCC_APB1PeriphClockCmd)
    RCC_APB2PeriphClockCmd                   0x08001599   Thumb Code    26  stm32f10x_rcc.o(i.RCC_APB2PeriphClockCmd)
    RCC_GetClocksFreq                        0x080015b9   Thumb Code   192  stm32f10x_rcc.o(i.RCC_GetClocksFreq)
    RS485_IO_Init                            0x0800168d   Thumb Code    46  angle.o(i.RS485_IO_Init)
    SDHC_Init                                0x080016c1   Thumb Code   476  msd.o(i.SDHC_Init)
    SD_SPI_Configuration                     0x080018a5   Thumb Code   198  msd.o(i.SD_SPI_Configuration)
    SD_SPI_HightSpeed                        0x08001975   Thumb Code    88  msd.o(i.SD_SPI_HightSpeed)
    SD_SendCommand                           0x080019d1   Thumb Code   118  msd.o(i.SD_SendCommand)
    SD_SendCommand_NoDeassert                0x08001a4d   Thumb Code   102  msd.o(i.SD_SendCommand_NoDeassert)
    SPI2_ReadWriteByte                       0x08001ab9   Thumb Code    46  msd.o(i.SPI2_ReadWriteByte)
    SPI_Cmd                                  0x08001aed   Thumb Code    24  stm32f10x_spi.o(i.SPI_Cmd)
    SPI_Init                                 0x08001b05   Thumb Code    60  stm32f10x_spi.o(i.SPI_Init)
    SVC_Handler                              0x08001b41   Thumb Code     2  stm32f10x_it.o(i.SVC_Handler)
    SensorUartSend                           0x08001b45   Thumb Code    32  angle.o(i.SensorUartSend)
    ShowHelp                                 0x08001c51   Thumb Code    64  angle.o(i.ShowHelp)
    SysTick_CLKSourceConfig                  0x08001da9   Thumb Code    40  misc.o(i.SysTick_CLKSourceConfig)
    SysTick_Handler                          0x08001dd1   Thumb Code     2  stm32f10x_it.o(i.SysTick_Handler)
    SysTick_Init                             0x08001dd5   Thumb Code    52  systick.o(i.SysTick_Init)
    SystemInit                               0x08001e11   Thumb Code    78  system_stm32f10x.o(i.SystemInit)
    USART1_IRQHandler                        0x08001e71   Thumb Code   122  usart.o(i.USART1_IRQHandler)
    USART1_Init                              0x08001ef9   Thumb Code   166  usart.o(i.USART1_Init)
    USART2_IRQHandler                        0x08001fa9   Thumb Code    40  uart2.o(i.USART2_IRQHandler)
    USART_ClearFlag                          0x08001fd5   Thumb Code    18  stm32f10x_usart.o(i.USART_ClearFlag)
    USART_ClearITPendingBit                  0x08001fe7   Thumb Code    30  stm32f10x_usart.o(i.USART_ClearITPendingBit)
    USART_Cmd                                0x08002005   Thumb Code    24  stm32f10x_usart.o(i.USART_Cmd)
    USART_GetFlagStatus                      0x0800201d   Thumb Code    26  stm32f10x_usart.o(i.USART_GetFlagStatus)
    USART_GetITStatus                        0x08002037   Thumb Code    84  stm32f10x_usart.o(i.USART_GetITStatus)
    USART_ITConfig                           0x0800208b   Thumb Code    74  stm32f10x_usart.o(i.USART_ITConfig)
    USART_Init                               0x080020d5   Thumb Code   210  stm32f10x_usart.o(i.USART_Init)
    USART_ReceiveData                        0x080021ad   Thumb Code    10  stm32f10x_usart.o(i.USART_ReceiveData)
    USART_SendData                           0x080021b7   Thumb Code     8  stm32f10x_usart.o(i.USART_SendData)
    Uart2Send                                0x080021c1   Thumb Code    56  uart2.o(i.Uart2Send)
    UsageFault_Handler                       0x080021fd   Thumb Code     4  stm32f10x_it.o(i.UsageFault_Handler)
    Usart2Init                               0x08002201   Thumb Code   190  uart2.o(i.Usart2Init)
    WitDelayMsRegister                       0x080022c9   Thumb Code    18  wit_c_sdk.o(i.WitDelayMsRegister)
    WitInit                                  0x080022e1   Thumb Code    30  wit_c_sdk.o(i.WitInit)
    WitReadReg                               0x0800230d   Thumb Code   424  wit_c_sdk.o(i.WitReadReg)
    WitRegisterCallBack                      0x080024d9   Thumb Code    18  wit_c_sdk.o(i.WitRegisterCallBack)
    WitSerialDataIn                          0x080024f1   Thumb Code   462  wit_c_sdk.o(i.WitSerialDataIn)
    WitSerialWriteRegister                   0x080026d9   Thumb Code    18  wit_c_sdk.o(i.WitSerialWriteRegister)
    WitSetBandwidth                          0x080026f1   Thumb Code    92  wit_c_sdk.o(i.WitSetBandwidth)
    WitSetUartBaud                           0x08002755   Thumb Code    92  wit_c_sdk.o(i.WitSetUartBaud)
    WitStartAccCali                          0x080027b9   Thumb Code    72  wit_c_sdk.o(i.WitStartAccCali)
    WitStartMagCali                          0x08002809   Thumb Code    72  wit_c_sdk.o(i.WitStartMagCali)
    WitStopMagCali                           0x08002859   Thumb Code    72  wit_c_sdk.o(i.WitStopMagCali)
    WitWriteReg                              0x080028a9   Thumb Code   296  wit_c_sdk.o(i.WitWriteReg)
    __0printf                                0x080029e5   Thumb Code    22  printfa.o(i.__0printf)
    __1printf                                0x080029e5   Thumb Code     0  printfa.o(i.__0printf)
    __2printf                                0x080029e5   Thumb Code     0  printfa.o(i.__0printf)
    __c89printf                              0x080029e5   Thumb Code     0  printfa.o(i.__0printf)
    printf                                   0x080029e5   Thumb Code     0  printfa.o(i.__0printf)
    __0snprintf                              0x08002a05   Thumb Code    44  printfa.o(i.__0snprintf)
    __1snprintf                              0x08002a05   Thumb Code     0  printfa.o(i.__0snprintf)
    __2snprintf                              0x08002a05   Thumb Code     0  printfa.o(i.__0snprintf)
    __c89snprintf                            0x08002a05   Thumb Code     0  printfa.o(i.__0snprintf)
    snprintf                                 0x08002a05   Thumb Code     0  printfa.o(i.__0snprintf)
    __scatterload_copy                       0x08002a87   Thumb Code    14  handlers.o(i.__scatterload_copy)
    __scatterload_null                       0x08002a95   Thumb Code     2  handlers.o(i.__scatterload_null)
    __scatterload_zeroinit                   0x08002a97   Thumb Code    14  handlers.o(i.__scatterload_zeroinit)
    clust2sect                               0x08003789   Thumb Code    26  ff.o(i.clust2sect)
    delay_ms                                 0x08003a09   Thumb Code    72  systick.o(i.delay_ms)
    disk_initialize                          0x08003cd1   Thumb Code    46  diskio.o(i.disk_initialize)
    disk_ioctl                               0x08003d05   Thumb Code   106  diskio.o(i.disk_ioctl)
    disk_read                                0x08003d81   Thumb Code   104  diskio.o(i.disk_read)
    disk_status                              0x08003df1   Thumb Code    22  diskio.o(i.disk_status)
    disk_write                               0x08003e0d   Thumb Code   118  diskio.o(i.disk_write)
    f_close                                  0x08003e8d   Thumb Code    22  ff.o(i.f_close)
    f_mount                                  0x08003ea5   Thumb Code    38  ff.o(i.f_mount)
    f_open                                   0x08003ed1   Thumb Code   366  ff.o(i.f_open)
    f_putc                                   0x0800403f   Thumb Code    50  ff.o(i.f_putc)
    f_puts                                   0x08004071   Thumb Code    42  ff.o(i.f_puts)
    f_sync                                   0x0800409b   Thumb Code   184  ff.o(i.f_sync)
    f_write                                  0x08004153   Thumb Code   526  ff.o(i.f_write)
    fputc                                    0x0800441d   Thumb Code    32  usart.o(i.fputc)
    get_fat                                  0x08004441   Thumb Code   228  ff.o(i.get_fat)
    get_fattime                              0x08004525   Thumb Code     2  diskio.o(i.get_fattime)
    main                                     0x08004529   Thumb Code   888  main.o(i.main)
    put_fat                                  0x08004b4b   Thumb Code   310  ff.o(i.put_fat)
    c_uiBaud                                 0x08004ddc   Data          40  angle.o(.constdata)
    Region$$Table$$Base                      0x08005154   Number         0  anon$$obj.o(Region$$Table)
    Region$$Table$$Limit                     0x08005174   Number         0  anon$$obj.o(Region$$Table)
    res                                      0x20000002   Data           1  main.o(.data)
    br                                       0x20000004   Data           4  main.o(.data)
    bw                                       0x20000008   Data           4  main.o(.data)
    SD_Type                                  0x20000020   Data           1  msd.o(.data)
    Mass_Block_Count                         0x20000024   Data           4  msd.o(.data)
    Mass_Block_Size                          0x20000028   Data           4  msd.o(.data)
    Mass_Memory_Size                         0x2000002c   Data           4  msd.o(.data)
    SD_Card_Ready                            0x20000037   Data           1  diskio.o(.data)
    USART1_RX_STA                            0x20000068   Data           2  usart.o(.data)
    __stdout                                 0x2000006c   Data           4  stdout.o(.data)
    fs                                       0x20000070   Data         564  main.o(.bss)
    fsrc                                     0x200002a4   Data         552  main.o(.bss)
    sReg                                     0x200005cc   Data         288  wit_c_sdk.o(.bss)
    USART1_RX_BUF                            0x200006ec   Data         200  usart.o(.bss)
    __initial_sp                             0x20000bb8   Data           0  startup_stm32f10x_md.o(STACK)



==============================================================================

Memory Map of the image

  Image Entry point : 0x080000ed

  Load Region LR_IROM1 (Base: 0x08000000, Size: 0x000051e4, Max: 0x00010000, ABSOLUTE)

    Execution Region ER_IROM1 (Exec base: 0x08000000, Load base: 0x08000000, Size: 0x00005174, Max: 0x00010000, ABSOLUTE)

    Exec Addr    Load Addr    Size         Type   Attr      Idx    E Section Name        Object

    0x08000000   0x08000000   0x000000ec   Data   RO          241    RESET               startup_stm32f10x_md.o
    0x080000ec   0x080000ec   0x00000000   Code   RO         2925  * .ARM.Collect$$$$00000000  mc_w.l(entry.o)
    0x080000ec   0x080000ec   0x00000004   Code   RO         3207    .ARM.Collect$$$$00000001  mc_w.l(entry2.o)
    0x080000f0   0x080000f0   0x00000004   Code   RO         3210    .ARM.Collect$$$$00000004  mc_w.l(entry5.o)
    0x080000f4   0x080000f4   0x00000000   Code   RO         3212    .ARM.Collect$$$$00000008  mc_w.l(entry7b.o)
    0x080000f4   0x080000f4   0x00000000   Code   RO         3214    .ARM.Collect$$$$0000000A  mc_w.l(entry8b.o)
    0x080000f4   0x080000f4   0x00000008   Code   RO         3215    .ARM.Collect$$$$0000000B  mc_w.l(entry9a.o)
    0x080000fc   0x080000fc   0x00000000   Code   RO         3217    .ARM.Collect$$$$0000000D  mc_w.l(entry10a.o)
    0x080000fc   0x080000fc   0x00000000   Code   RO         3219    .ARM.Collect$$$$0000000F  mc_w.l(entry11a.o)
    0x080000fc   0x080000fc   0x00000004   Code   RO         3208    .ARM.Collect$$$$00002712  mc_w.l(entry2.o)
    0x08000100   0x08000100   0x00000024   Code   RO          242    .text               startup_stm32f10x_md.o
    0x08000124   0x08000124   0x00000024   Code   RO         2928    .text               mc_w.l(memcpya.o)
    0x08000148   0x08000148   0x000000b0   Code   RO         3195    .text               mf_w.l(fadd.o)
    0x080001f8   0x080001f8   0x00000064   Code   RO         3197    .text               mf_w.l(fmul.o)
    0x0800025c   0x0800025c   0x0000007c   Code   RO         3199    .text               mf_w.l(fdiv.o)
    0x080002d8   0x080002d8   0x00000012   Code   RO         3201    .text               mf_w.l(fflti.o)
    0x080002ea   0x080002ea   0x0000000a   Code   RO         3203    .text               mf_w.l(ffltui.o)
    0x080002f4   0x080002f4   0x00000026   Code   RO         3205    .text               mf_w.l(f2d.o)
    0x0800031a   0x0800031a   0x0000002c   Code   RO         3222    .text               mc_w.l(uidiv.o)
    0x08000346   0x08000346   0x00000062   Code   RO         3224    .text               mc_w.l(uldiv.o)
    0x080003a8   0x080003a8   0x00000000   Code   RO         3226    .text               mc_w.l(iusefp.o)
    0x080003a8   0x080003a8   0x0000006e   Code   RO         3227    .text               mf_w.l(fepilogue.o)
    0x08000416   0x08000416   0x0000014e   Code   RO         3229    .text               mf_w.l(dadd.o)
    0x08000564   0x08000564   0x000000e4   Code   RO         3231    .text               mf_w.l(dmul.o)
    0x08000648   0x08000648   0x000000de   Code   RO         3233    .text               mf_w.l(ddiv.o)
    0x08000726   0x08000726   0x00000030   Code   RO         3235    .text               mf_w.l(dfixul.o)
    0x08000756   0x08000756   0x00000002   PAD
    0x08000758   0x08000758   0x00000030   Code   RO         3237    .text               mf_w.l(cdrcmple.o)
    0x08000788   0x08000788   0x00000024   Code   RO         3239    .text               mc_w.l(init.o)
    0x080007ac   0x080007ac   0x0000001e   Code   RO         3241    .text               mc_w.l(llshl.o)
    0x080007ca   0x080007ca   0x00000020   Code   RO         3243    .text               mc_w.l(llushr.o)
    0x080007ea   0x080007ea   0x00000024   Code   RO         3245    .text               mc_w.l(llsshr.o)
    0x0800080e   0x0800080e   0x000000ba   Code   RO         3247    .text               mf_w.l(depilogue.o)
    0x080008c8   0x080008c8   0x000000a0   Code   RO         1921    i.ADC0_Pressure_Init  pressure.o
    0x08000968   0x08000968   0x00000016   Code   RO         1619    i.ADC_Cmd           stm32f10x_adc.o
    0x0800097e   0x0800097e   0x00000014   Code   RO         1627    i.ADC_GetCalibrationStatus  stm32f10x_adc.o
    0x08000992   0x08000992   0x00000008   Code   RO         1628    i.ADC_GetConversionValue  stm32f10x_adc.o
    0x0800099a   0x0800099a   0x00000012   Code   RO         1630    i.ADC_GetFlagStatus  stm32f10x_adc.o
    0x080009ac   0x080009ac   0x00000014   Code   RO         1633    i.ADC_GetResetCalibrationStatus  stm32f10x_adc.o
    0x080009c0   0x080009c0   0x00000050   Code   RO         1637    i.ADC_Init          stm32f10x_adc.o
    0x08000a10   0x08000a10   0x000000b8   Code   RO         1641    i.ADC_RegularChannelConfig  stm32f10x_adc.o
    0x08000ac8   0x08000ac8   0x0000000a   Code   RO         1642    i.ADC_ResetCalibration  stm32f10x_adc.o
    0x08000ad2   0x08000ad2   0x00000016   Code   RO         1644    i.ADC_SoftwareStartConvCmd  stm32f10x_adc.o
    0x08000ae8   0x08000ae8   0x0000000a   Code   RO         1646    i.ADC_StartCalibration  stm32f10x_adc.o
    0x08000af2   0x08000af2   0x00000002   PAD
    0x08000af4   0x08000af4   0x000000b4   Code   RO         2588    i.AutoScanSensor    angle.o
    0x08000ba8   0x08000ba8   0x00000004   Code   RO          154    i.BusFault_Handler  stm32f10x_it.o
    0x08000bac   0x08000bac   0x00000012   Code   RO         2662    i.CheckRange        wit_c_sdk.o
    0x08000bbe   0x08000bbe   0x00000002   PAD
    0x08000bc0   0x08000bc0   0x00000124   Code   RO         2589    i.CmdProcess        angle.o
    0x08000ce4   0x08000ce4   0x00000070   Code   RO         2591    i.CopeSensorData    angle.o
    0x08000d54   0x08000d54   0x000000f0   Code   RO         2663    i.CopeWitData       wit_c_sdk.o
    0x08000e44   0x08000e44   0x00000002   Code   RO          155    i.DebugMon_Handler  stm32f10x_it.o
    0x08000e46   0x08000e46   0x0000000c   Code   RO         2592    i.Delayms           angle.o
    0x08000e52   0x08000e52   0x00000116   Code   RO          253    i.GPIO_Init         stm32f10x_gpio.o
    0x08000f68   0x08000f68   0x00000090   Code   RO          255    i.GPIO_PinRemapConfig  stm32f10x_gpio.o
    0x08000ff8   0x08000ff8   0x00000004   Code   RO          260    i.GPIO_ResetBits    stm32f10x_gpio.o
    0x08000ffc   0x08000ffc   0x00000004   Code   RO          261    i.GPIO_SetBits      stm32f10x_gpio.o
    0x08001000   0x08001000   0x00000024   Code   RO         1922    i.Get_AD0_Value     pressure.o
    0x08001024   0x08001024   0x00000018   Code   RO         1923    i.Get_ADC_Value_to_Voltage  pressure.o
    0x0800103c   0x0800103c   0x00000028   Code   RO         1924    i.Get_Voltage_to_Pressure  pressure.o
    0x08001064   0x08001064   0x00000004   Code   RO          156    i.HardFault_Handler  stm32f10x_it.o
    0x08001068   0x08001068   0x00000090   Code   RO         2566    i.KEY_Init          key.o
    0x080010f8   0x080010f8   0x000000a4   Code   RO         2567    i.KEY_Scan          key.o
    0x0800119c   0x0800119c   0x0000004c   Code   RO         1954    i.MSD_GetDataResponse  msd.o
    0x080011e8   0x080011e8   0x00000022   Code   RO         1955    i.MSD_GetResponse   msd.o
    0x0800120a   0x0800120a   0x00000002   PAD
    0x0800120c   0x0800120c   0x00000018   Code   RO         1958    i.MSD_Init          msd.o
    0x08001224   0x08001224   0x0000006c   Code   RO         1959    i.MSD_ReadBlock     msd.o
    0x08001290   0x08001290   0x00000094   Code   RO         1960    i.MSD_ReadBuffer    msd.o
    0x08001324   0x08001324   0x00000034   Code   RO         1961    i.MSD_ReadByte      msd.o
    0x08001358   0x08001358   0x00000042   Code   RO         1962    i.MSD_SendCmd       msd.o
    0x0800139a   0x0800139a   0x00000002   PAD
    0x0800139c   0x0800139c   0x00000078   Code   RO         1963    i.MSD_WriteBlock    msd.o
    0x08001414   0x08001414   0x000000a0   Code   RO         1964    i.MSD_WriteBuffer   msd.o
    0x080014b4   0x080014b4   0x0000001c   Code   RO         1965    i.MSD_WriteByte     msd.o
    0x080014d0   0x080014d0   0x00000004   Code   RO          157    i.MemManage_Handler  stm32f10x_it.o
    0x080014d4   0x080014d4   0x00000002   Code   RO          158    i.NMI_Handler       stm32f10x_it.o
    0x080014d6   0x080014d6   0x00000002   PAD
    0x080014d8   0x080014d8   0x00000070   Code   RO          561    i.NVIC_Init         misc.o
    0x08001548   0x08001548   0x00000014   Code   RO          562    i.NVIC_PriorityGroupConfig  misc.o
    0x0800155c   0x0800155c   0x00000002   Code   RO          159    i.PendSV_Handler    stm32f10x_it.o
    0x0800155e   0x0800155e   0x00000002   PAD
    0x08001560   0x08001560   0x00000018   Code   RO          361    i.RCC_ADCCLKConfig  stm32f10x_rcc.o
    0x08001578   0x08001578   0x00000020   Code   RO          363    i.RCC_APB1PeriphClockCmd  stm32f10x_rcc.o
    0x08001598   0x08001598   0x00000020   Code   RO          365    i.RCC_APB2PeriphClockCmd  stm32f10x_rcc.o
    0x080015b8   0x080015b8   0x000000d4   Code   RO          373    i.RCC_GetClocksFreq  stm32f10x_rcc.o
    0x0800168c   0x0800168c   0x00000034   Code   RO         2593    i.RS485_IO_Init     angle.o
    0x080016c0   0x080016c0   0x000001e4   Code   RO         1966    i.SDHC_Init         msd.o
    0x080018a4   0x080018a4   0x000000d0   Code   RO         1967    i.SD_SPI_Configuration  msd.o
    0x08001974   0x08001974   0x0000005c   Code   RO         1968    i.SD_SPI_HightSpeed  msd.o
    0x080019d0   0x080019d0   0x0000007c   Code   RO         1969    i.SD_SendCommand    msd.o
    0x08001a4c   0x08001a4c   0x0000006c   Code   RO         1970    i.SD_SendCommand_NoDeassert  msd.o
    0x08001ab8   0x08001ab8   0x00000034   Code   RO         1971    i.SPI2_ReadWriteByte  msd.o
    0x08001aec   0x08001aec   0x00000018   Code   RO         2427    i.SPI_Cmd           stm32f10x_spi.o
    0x08001b04   0x08001b04   0x0000003c   Code   RO         2440    i.SPI_Init          stm32f10x_spi.o
    0x08001b40   0x08001b40   0x00000002   Code   RO          160    i.SVC_Handler       stm32f10x_it.o
    0x08001b42   0x08001b42   0x00000002   PAD
    0x08001b44   0x08001b44   0x00000024   Code   RO         2594    i.SensorUartSend    angle.o
    0x08001b68   0x08001b68   0x00000008   Code   RO         1835    i.SetSysClock       system_stm32f10x.o
    0x08001b70   0x08001b70   0x000000e0   Code   RO         1836    i.SetSysClockTo72   system_stm32f10x.o
    0x08001c50   0x08001c50   0x00000158   Code   RO         2595    i.ShowHelp          angle.o
    0x08001da8   0x08001da8   0x00000028   Code   RO          565    i.SysTick_CLKSourceConfig  misc.o
    0x08001dd0   0x08001dd0   0x00000002   Code   RO          161    i.SysTick_Handler   stm32f10x_it.o
    0x08001dd2   0x08001dd2   0x00000002   PAD
    0x08001dd4   0x08001dd4   0x0000003c   Code   RO         2826    i.SysTick_Init      systick.o
    0x08001e10   0x08001e10   0x00000060   Code   RO         1838    i.SystemInit        system_stm32f10x.o
    0x08001e70   0x08001e70   0x00000088   Code   RO         2855    i.USART1_IRQHandler  usart.o
    0x08001ef8   0x08001ef8   0x000000b0   Code   RO         2856    i.USART1_Init       usart.o
    0x08001fa8   0x08001fa8   0x0000002c   Code   RO         2901    i.USART2_IRQHandler  uart2.o
    0x08001fd4   0x08001fd4   0x00000012   Code   RO         1199    i.USART_ClearFlag   stm32f10x_usart.o
    0x08001fe6   0x08001fe6   0x0000001e   Code   RO         1200    i.USART_ClearITPendingBit  stm32f10x_usart.o
    0x08002004   0x08002004   0x00000018   Code   RO         1203    i.USART_Cmd         stm32f10x_usart.o
    0x0800201c   0x0800201c   0x0000001a   Code   RO         1206    i.USART_GetFlagStatus  stm32f10x_usart.o
    0x08002036   0x08002036   0x00000054   Code   RO         1207    i.USART_GetITStatus  stm32f10x_usart.o
    0x0800208a   0x0800208a   0x0000004a   Code   RO         1209    i.USART_ITConfig    stm32f10x_usart.o
    0x080020d4   0x080020d4   0x000000d8   Code   RO         1210    i.USART_Init        stm32f10x_usart.o
    0x080021ac   0x080021ac   0x0000000a   Code   RO         1217    i.USART_ReceiveData  stm32f10x_usart.o
    0x080021b6   0x080021b6   0x00000008   Code   RO         1220    i.USART_SendData    stm32f10x_usart.o
    0x080021be   0x080021be   0x00000002   PAD
    0x080021c0   0x080021c0   0x0000003c   Code   RO         2902    i.Uart2Send         uart2.o
    0x080021fc   0x080021fc   0x00000004   Code   RO          162    i.UsageFault_Handler  stm32f10x_it.o
    0x08002200   0x08002200   0x000000c8   Code   RO         2903    i.Usart2Init        uart2.o
    0x080022c8   0x080022c8   0x00000018   Code   RO         2667    i.WitDelayMsRegister  wit_c_sdk.o
    0x080022e0   0x080022e0   0x0000002c   Code   RO         2669    i.WitInit           wit_c_sdk.o
    0x0800230c   0x0800230c   0x000001cc   Code   RO         2670    i.WitReadReg        wit_c_sdk.o
    0x080024d8   0x080024d8   0x00000018   Code   RO         2671    i.WitRegisterCallBack  wit_c_sdk.o
    0x080024f0   0x080024f0   0x000001e8   Code   RO         2672    i.WitSerialDataIn   wit_c_sdk.o
    0x080026d8   0x080026d8   0x00000018   Code   RO         2673    i.WitSerialWriteRegister  wit_c_sdk.o
    0x080026f0   0x080026f0   0x00000064   Code   RO         2674    i.WitSetBandwidth   wit_c_sdk.o
    0x08002754   0x08002754   0x00000064   Code   RO         2678    i.WitSetUartBaud    wit_c_sdk.o
    0x080027b8   0x080027b8   0x00000050   Code   RO         2679    i.WitStartAccCali   wit_c_sdk.o
    0x08002808   0x08002808   0x00000050   Code   RO         2680    i.WitStartMagCali   wit_c_sdk.o
    0x08002858   0x08002858   0x00000050   Code   RO         2682    i.WitStopMagCali    wit_c_sdk.o
    0x080028a8   0x080028a8   0x0000013c   Code   RO         2683    i.WitWriteReg       wit_c_sdk.o
    0x080029e4   0x080029e4   0x00000020   Code   RO         3167    i.__0printf         mc_w.l(printfa.o)
    0x08002a04   0x08002a04   0x00000030   Code   RO         3168    i.__0snprintf       mc_w.l(printfa.o)
    0x08002a34   0x08002a34   0x00000038   Code   RO         2684    i.__CRC16           wit_c_sdk.o
    0x08002a6c   0x08002a6c   0x0000001a   Code   RO         2685    i.__CaliSum         wit_c_sdk.o
    0x08002a86   0x08002a86   0x0000000e   Code   RO         3251    i.__scatterload_copy  mc_w.l(handlers.o)
    0x08002a94   0x08002a94   0x00000002   Code   RO         3252    i.__scatterload_null  mc_w.l(handlers.o)
    0x08002a96   0x08002a96   0x0000000e   Code   RO         3253    i.__scatterload_zeroinit  mc_w.l(handlers.o)
    0x08002aa4   0x08002aa4   0x00000184   Code   RO         3174    i._fp_digits        mc_w.l(printfa.o)
    0x08002c28   0x08002c28   0x000006dc   Code   RO         3175    i._printf_core      mc_w.l(printfa.o)
    0x08003304   0x08003304   0x00000024   Code   RO         3176    i._printf_post_padding  mc_w.l(printfa.o)
    0x08003328   0x08003328   0x0000002e   Code   RO         3177    i._printf_pre_padding  mc_w.l(printfa.o)
    0x08003356   0x08003356   0x00000016   Code   RO         3178    i._snputc           mc_w.l(printfa.o)
    0x0800336c   0x0800336c   0x00000090   Code   RO         2091    i.check_fs          ff.o
    0x080033fc   0x080033fc   0x00000014   Code   RO         2092    i.chk_chr           ff.o
    0x08003410   0x08003410   0x00000378   Code   RO         2093    i.chk_mounted       ff.o
    0x08003788   0x08003788   0x0000001a   Code   RO         2094    i.clust2sect        ff.o
    0x080037a2   0x080037a2   0x000000ca   Code   RO         2095    i.create_chain      ff.o
    0x0800386c   0x0800386c   0x0000019c   Code   RO         2096    i.create_name       ff.o
    0x08003a08   0x08003a08   0x0000004c   Code   RO         2827    i.delay_ms          systick.o
    0x08003a54   0x08003a54   0x0000005c   Code   RO         2097    i.dir_find          ff.o
    0x08003ab0   0x08003ab0   0x00000116   Code   RO         2098    i.dir_next          ff.o
    0x08003bc6   0x08003bc6   0x0000006e   Code   RO         2100    i.dir_register      ff.o
    0x08003c34   0x08003c34   0x0000009c   Code   RO         2102    i.dir_sdi           ff.o
    0x08003cd0   0x08003cd0   0x00000034   Code   RO         2376    i.disk_initialize   diskio.o
    0x08003d04   0x08003d04   0x0000007c   Code   RO         2377    i.disk_ioctl        diskio.o
    0x08003d80   0x08003d80   0x00000070   Code   RO         2378    i.disk_read         diskio.o
    0x08003df0   0x08003df0   0x0000001c   Code   RO         2379    i.disk_status       diskio.o
    0x08003e0c   0x08003e0c   0x00000080   Code   RO         2380    i.disk_write        diskio.o
    0x08003e8c   0x08003e8c   0x00000016   Code   RO         2106    i.f_close           ff.o
    0x08003ea2   0x08003ea2   0x00000002   PAD
    0x08003ea4   0x08003ea4   0x0000002c   Code   RO         2112    i.f_mount           ff.o
    0x08003ed0   0x08003ed0   0x0000016e   Code   RO         2113    i.f_open            ff.o
    0x0800403e   0x0800403e   0x00000032   Code   RO         2116    i.f_putc            ff.o
    0x08004070   0x08004070   0x0000002a   Code   RO         2117    i.f_puts            ff.o
    0x0800409a   0x0800409a   0x000000b8   Code   RO         2122    i.f_sync            ff.o
    0x08004152   0x08004152   0x0000020e   Code   RO         2126    i.f_write           ff.o
    0x08004360   0x08004360   0x000000ba   Code   RO         2127    i.follow_path       ff.o
    0x0800441a   0x0800441a   0x00000002   PAD
    0x0800441c   0x0800441c   0x00000024   Code   RO         2857    i.fputc             usart.o
    0x08004440   0x08004440   0x000000e4   Code   RO         2128    i.get_fat           ff.o
    0x08004524   0x08004524   0x00000002   Code   RO         2381    i.get_fattime       diskio.o
    0x08004526   0x08004526   0x00000002   PAD
    0x08004528   0x08004528   0x0000055c   Code   RO            1    i.main              main.o
    0x08004a84   0x08004a84   0x00000026   Code   RO         2130    i.mem_cmp           ff.o
    0x08004aaa   0x08004aaa   0x0000001a   Code   RO         2131    i.mem_cpy           ff.o
    0x08004ac4   0x08004ac4   0x00000014   Code   RO         2132    i.mem_set           ff.o
    0x08004ad8   0x08004ad8   0x00000072   Code   RO         2133    i.move_window       ff.o
    0x08004b4a   0x08004b4a   0x00000136   Code   RO         2134    i.put_fat           ff.o
    0x08004c80   0x08004c80   0x00000068   Code   RO         2135    i.remove_chain      ff.o
    0x08004ce8   0x08004ce8   0x000000ca   Code   RO         2136    i.sync              ff.o
    0x08004db2   0x08004db2   0x0000002a   Code   RO         2137    i.validate          ff.o
    0x08004ddc   0x08004ddc   0x00000028   Data   RO         2597    .constdata          angle.o
    0x08004e04   0x08004e04   0x00000200   Data   RO         2687    .constdata          wit_c_sdk.o
    0x08005004   0x08005004   0x0000014e   Data   RO         2598    .conststring        angle.o
    0x08005152   0x08005152   0x00000002   PAD
    0x08005154   0x08005154   0x00000020   Data   RO         3249    Region$$Table       anon$$obj.o


    Execution Region RW_IRAM1 (Exec base: 0x20000000, Load base: 0x08005174, Size: 0x00000bb8, Max: 0x00005000, ABSOLUTE)

    Exec Addr    Load Addr    Size         Type   Attr      Idx    E Section Name        Object

    0x20000000   0x08005174   0x0000000c   Data   RW            3    .data               main.o
    0x2000000c   0x08005180   0x00000014   Data   RW          393    .data               stm32f10x_rcc.o
    0x20000020   0x08005194   0x00000010   Data   RW         1973    .data               msd.o
    0x20000030   0x080051a4   0x00000007   Data   RW         2138    .data               ff.o
    0x20000037   0x080051ab   0x00000001   Data   RW         2382    .data               diskio.o
    0x20000038   0x080051ac   0x00000001   Data   RW         2568    .data               key.o
    0x20000039   0x080051ad   0x00000003   Data   RW         2599    .data               angle.o
    0x2000003c   0x080051b0   0x00000028   Data   RW         2688    .data               wit_c_sdk.o
    0x20000064   0x080051d8   0x00000004   Data   RW         2829    .data               systick.o
    0x20000068   0x080051dc   0x00000002   Data   RW         2859    .data               usart.o
    0x2000006a   0x080051de   0x00000002   PAD
    0x2000006c   0x080051e0   0x00000004   Data   RW         3221    .data               mc_w.l(stdout.o)
    0x20000070        -       0x0000045c   Zero   RW            2    .bss                main.o
    0x200004cc        -       0x00000220   Zero   RW         2686    .bss                wit_c_sdk.o
    0x200006ec        -       0x000000c8   Zero   RW         2858    .bss                usart.o
    0x200007b4   0x080051e4   0x00000004   PAD
    0x200007b8        -       0x00000400   Zero   RW          239    STACK               startup_stm32f10x_md.o


==============================================================================

Image component sizes


      Code (inc. data)   RO Data    RW Data    ZI Data      Debug   Object Name

      1028        486        374          3          0       5162   angle.o
       446         48          0          1          0       4608   diskio.o
      4832         50          0          7          0      26139   ff.o
       308         24          0          1          0       1158   key.o
      1372        484          0         12       1116     253491   main.o
       172         22          0          0          0       2185   misc.o
      1884         78          0         16          0      14509   msd.o
       260         28          0          0          0       2202   pressure.o
        36          8        236          0       1024        832   startup_stm32f10x_md.o
       394         10          0          0          0       8341   stm32f10x_adc.o
       430          6          0          0          0       4014   stm32f10x_gpio.o
        26          0          0          0          0       3710   stm32f10x_it.o
       300         38          0         20          0       5141   stm32f10x_rcc.o
        84          0          0          0          0       2233   stm32f10x_spi.o
       490          6          0          0          0       7645   stm32f10x_usart.o
       328         28          0          0          0       1897   system_stm32f10x.o
       136         12          0          4          0       1186   systick.o
       304         18          0          0          0       1797   uart2.o
       348         28          0          2        200       2288   usart.o
      2160        192        512         40        544      12483   wit_c_sdk.o

    ----------------------------------------------------------------------
     15362       1566       1156        108       2888     361021   Object Totals
         0          0         32          0          0          0   (incl. Generated)
        24          0          2          2          4          0   (incl. Padding)

    ----------------------------------------------------------------------

      Code (inc. data)   RO Data    RW Data    ZI Data      Debug   Library Member Name

         0          0          0          0          0          0   entry.o
         0          0          0          0          0          0   entry10a.o
         0          0          0          0          0          0   entry11a.o
         8          4          0          0          0          0   entry2.o
         4          0          0          0          0          0   entry5.o
         0          0          0          0          0          0   entry7b.o
         0          0          0          0          0          0   entry8b.o
         8          4          0          0          0          0   entry9a.o
        30          0          0          0          0          0   handlers.o
        36          8          0          0          0         68   init.o
         0          0          0          0          0          0   iusefp.o
        30          0          0          0          0         68   llshl.o
        36          0          0          0          0         68   llsshr.o
        32          0          0          0          0         68   llushr.o
        36          0          0          0          0         68   memcpya.o
      2328         94          0          0          0        604   printfa.o
         0          0          0          4          0          0   stdout.o
        44          0          0          0          0         80   uidiv.o
        98          0          0          0          0         92   uldiv.o
        48          0          0          0          0         68   cdrcmple.o
       334          0          0          0          0        148   dadd.o
       222          0          0          0          0        100   ddiv.o
       186          0          0          0          0        176   depilogue.o
        48          0          0          0          0         68   dfixul.o
       228          0          0          0          0         96   dmul.o
        38          0          0          0          0         68   f2d.o
       176          0          0          0          0        140   fadd.o
       124          0          0          0          0         88   fdiv.o
       110          0          0          0          0        168   fepilogue.o
        18          0          0          0          0         68   fflti.o
        10          0          0          0          0         68   ffltui.o
       100          0          0          0          0         76   fmul.o

    ----------------------------------------------------------------------
      4334        110          0          4          0       2448   Library Totals
         2          0          0          0          0          0   (incl. Padding)

    ----------------------------------------------------------------------

      Code (inc. data)   RO Data    RW Data    ZI Data      Debug   Library Name

      2690        110          0          4          0       1116   mc_w.l
      1642          0          0          0          0       1332   mf_w.l

    ----------------------------------------------------------------------
      4334        110          0          4          0       2448   Library Totals

    ----------------------------------------------------------------------

==============================================================================


      Code (inc. data)   RO Data    RW Data    ZI Data      Debug   

     19696       1676       1156        112       2888     355717   Grand Totals
     19696       1676       1156        112       2888     355717   ELF Image Totals
     19696       1676       1156        112          0          0   ROM Totals

==============================================================================

    Total RO  Size (Code + RO Data)                20852 (  20.36kB)
    Total RW  Size (RW Data + ZI Data)              3000 (   2.93kB)
    Total ROM Size (Code + RO Data + RW Data)      20964 (  20.47kB)

==============================================================================

