<html>
<body>
<pre>
<h1>µVision Build Log</h1>
<h2>Tool Versions:</h2>
IDE-Version: ¦ÌVision V5.24.2.0
Copyright (C) 2017 ARM Ltd and ARM Germany GmbH. All rights reserved.
License Information: y xy, A, LIC=76F5U-S9JZ2-VEYHA-1IWKM-EXBRR-W5UXF
 
Tool Versions:
Toolchain:       MDK-ARM Plus  Version: 5.24.1
Toolchain Path:  D:\Keil5\ARM\ARMCC\Bin
C Compiler:      Armcc.exe V5.06 update 5 (build 528)
Assembler:       Armasm.exe V5.06 update 5 (build 528)
Linker/Locator:  ArmLink.exe V5.06 update 5 (build 528)
Library Manager: ArmAr.exe V5.06 update 5 (build 528)
Hex Converter:   FromElf.exe V5.06 update 5 (build 528)
CPU DLL:         SARMCM3.DLL V5.24.1
Dialog DLL:      DARMSTM.DLL V1.68.0.0
Target DLL:      UL2CM3.DLL V1.160.3.0
Dialog DLL:      TARMSTM.DLL V1.66.0.0
 
<h2>Project:</h2>
D:\learning\everyday\STM32\code\0-0 ÊµÑé\module\SD¿¨\Template.uvprojx
Project File Date:  09/20/2024

<h2>Output:</h2>
*** Using Compiler 'V5.06 update 5 (build 528)', folder: 'D:\Keil5\ARM\ARMCC\Bin'
Rebuild target 'Target 1'
assembling startup_stm32f10x_md.s...
compiling stm32f10x_usart.c...
compiling stm32f10x_rcc.c...
compiling main.c...
User\main.c(29): warning:  #177-D: variable "vol"  was declared but never referenced
  	float fAcc[3], fGyro[3], fAngle[3], vol, pressure;
User\main.c(29): warning:  #177-D: variable "pressure"  was declared but never referenced
  	float fAcc[3], fGyro[3], fAngle[3], vol, pressure;
User\main.c(31): warning:  #177-D: variable "i"  was declared but never referenced
  	u8 i = 0, ret = 1, key = 0, flag = 0, j = 0;
User\main.c(31): warning:  #177-D: variable "ret"  was declared but never referenced
  	u8 i = 0, ret = 1, key = 0, flag = 0, j = 0;
User\main.c(31): warning:  #550-D: variable "flag"  was set but never used
  	u8 i = 0, ret = 1, key = 0, flag = 0, j = 0;
User\main.c(32): warning:  #177-D: variable "value"  was declared but never referenced
  	u16 value = 0;
User\main.c(34): warning:  #177-D: variable "buffer"  was declared but never referenced
  	char buffer[100], accBuffer[100], gyroBuffer[100], angleBuffer[100], magBuffer[100];
User\main.c(34): warning:  #177-D: variable "accBuffer"  was declared but never referenced
  	char buffer[100], accBuffer[100], gyroBuffer[100], angleBuffer[100], magBuffer[100];
User\main.c(34): warning:  #177-D: variable "gyroBuffer"  was declared but never referenced
  	char buffer[100], accBuffer[100], gyroBuffer[100], angleBuffer[100], magBuffer[100];
User\main.c(34): warning:  #177-D: variable "angleBuffer"  was declared but never referenced
  	char buffer[100], accBuffer[100], gyroBuffer[100], angleBuffer[100], magBuffer[100];
User\main.c(34): warning:  #177-D: variable "magBuffer"  was declared but never referenced
  	char buffer[100], accBuffer[100], gyroBuffer[100], angleBuffer[100], magBuffer[100];
User\main.c: 11 warnings, 0 errors
compiling stm32f10x_iwdg.c...
compiling stm32f10x_bkp.c...
compiling stm32f10x_exti.c...
compiling stm32f10x_wwdg.c...
compiling stm32f10x_it.c...
compiling stm32f10x_pwr.c...
compiling misc.c...
compiling stm32f10x_gpio.c...
compiling stm32f10x_tim.c...
compiling core_cm3.c...
compiling stm32f10x_adc.c...
compiling system_stm32f10x.c...
compiling ff.c...
compiling pressure.c...
compiling adc.c...
compiling led.c...
compiling wit_c_sdk.c...
compiling key.c...
compiling diskio.c...
compiling angle.c...
APP\angle\angle.c(106): warning:  #223-D: function "Usart2Init" declared implicitly
  				Usart2Init(c_uiBaud[WIT_BAUD_115200]);
APP\angle\angle.c(112): warning:  #223-D: function "Usart2Init" declared implicitly
  				Usart2Init(c_uiBaud[WIT_BAUD_9600]);
APP\angle\angle.c(138): warning:  #223-D: function "Uart2Send" declared implicitly
  	Uart2Send(p_data, uiSize);
APP\angle\angle.c(144): warning:  #223-D: function "delay_ms" declared implicitly
  	delay_ms(ucMs);
APP\angle\angle.c(188): warning:  #223-D: function "Usart2Init" declared implicitly
  		Usart2Init(c_uiBaud[i]);
APP\angle\angle.c(194): warning:  #223-D: function "delay_ms" declared implicitly
  			delay_ms(100);
APP\angle\angle.c: 6 warnings, 0 errors
compiling stm32f10x_spi.c...
compiling msd.c...
APP\sd\msd.c(215): warning:  #111-D: statement is unreachable
    SD_SPI_Configuration();
APP\sd\msd.c: 1 warning, 0 errors
compiling system.c...
compiling SysTick.c...
compiling usart.c...
compiling UART1.c...
compiling UART2.c...
linking...
Program Size: Code=10860 RO-data=1156 RW-data=76 ZI-data=1772  
FromELF: creating hex file...
".\Obj\Template.axf" - 0 Error(s), 18 Warning(s).

<h2>Software Packages used:</h2>

Package Vendor: Keil
                http://www.keil.com/pack/Keil.STM32F1xx_DFP.2.2.0.pack
                Keil.STM32F1xx_DFP.2.2.0
                STMicroelectronics STM32F1 Series Device Support, Drivers and Examples

<h2>Collection of Component include folders:</h2>
  .\RTE\_Target_1
  D:\Keil5\ARM\PACK\Keil\STM32F1xx_DFP\2.2.0\Device\Include

<h2>Collection of Component Files used:</h2>
Build Time Elapsed:  00:00:03
</pre>
</body>
</html>
