Component: ARM Compiler 5.06 update 5 (build 528) Tool: armlink [4d35e2]

==============================================================================

Section Cross References

    startup_stm32f10x_ld.o(STACK) refers (Special) to heapauxi.o(.text) for __use_two_region_memory
    startup_stm32f10x_ld.o(HEAP) refers (Special) to heapauxi.o(.text) for __use_two_region_memory
    startup_stm32f10x_ld.o(RESET) refers (Special) to heapauxi.o(.text) for __use_two_region_memory
    startup_stm32f10x_ld.o(RESET) refers to startup_stm32f10x_ld.o(STACK) for __initial_sp
    startup_stm32f10x_ld.o(RESET) refers to startup_stm32f10x_ld.o(.text) for Reset_Handler
    startup_stm32f10x_ld.o(RESET) refers to stm32f10x_it.o(.text) for NMI_Handler
    startup_stm32f10x_ld.o(RESET) refers to usart.o(.text) for USART1_IRQHandler
    startup_stm32f10x_ld.o(.text) refers (Special) to heapauxi.o(.text) for __use_two_region_memory
    startup_stm32f10x_ld.o(.text) refers to system_stm32f10x.o(.text) for SystemInit
    startup_stm32f10x_ld.o(.text) refers to __main.o(!!!main) for __main
    startup_stm32f10x_ld.o(.text) refers to startup_stm32f10x_ld.o(HEAP) for Heap_Mem
    startup_stm32f10x_ld.o(.text) refers to startup_stm32f10x_ld.o(STACK) for Stack_Mem
    stm32f10x_adc.o(.text) refers to stm32f10x_rcc.o(.text) for RCC_APB2PeriphResetCmd
    stm32f10x_bkp.o(.text) refers to stm32f10x_rcc.o(.text) for RCC_BackupResetCmd
    stm32f10x_can.o(.text) refers to stm32f10x_rcc.o(.text) for RCC_APB1PeriphResetCmd
    stm32f10x_cec.o(.text) refers to stm32f10x_rcc.o(.text) for RCC_APB1PeriphResetCmd
    stm32f10x_dac.o(.text) refers to stm32f10x_rcc.o(.text) for RCC_APB1PeriphResetCmd
    stm32f10x_gpio.o(.text) refers to stm32f10x_rcc.o(.text) for RCC_APB2PeriphResetCmd
    stm32f10x_i2c.o(.text) refers to stm32f10x_rcc.o(.text) for RCC_APB1PeriphResetCmd
    stm32f10x_pwr.o(.text) refers to stm32f10x_rcc.o(.text) for RCC_APB1PeriphResetCmd
    stm32f10x_rcc.o(.text) refers to stm32f10x_rcc.o(.data) for APBAHBPrescTable
    stm32f10x_spi.o(.text) refers to stm32f10x_rcc.o(.text) for RCC_APB2PeriphResetCmd
    stm32f10x_tim.o(.text) refers to stm32f10x_rcc.o(.text) for RCC_APB2PeriphResetCmd
    stm32f10x_usart.o(.text) refers to stm32f10x_rcc.o(.text) for RCC_APB2PeriphResetCmd
    stm32f10x_wwdg.o(.text) refers to stm32f10x_rcc.o(.text) for RCC_APB1PeriphResetCmd
    main.o(.text) refers to _printf_percent.o(.ARM.Collect$$_printf_percent$$00000000) for _printf_percent
    main.o(.text) refers to _printf_d.o(.ARM.Collect$$_printf_percent$$00000009) for _printf_d
    main.o(.text) refers to _printf_dec.o(.text) for _printf_int_dec
    main.o(.text) refers to msd.o(.text) for MSD_Init
    main.o(.text) refers to usart.o(.text) for USART1_Init
    main.o(.text) refers to noretval__2printf.o(.text) for __2printf
    main.o(.text) refers to ff.o(.text) for f_mount
    main.o(.text) refers to diskio.o(.data) for SD_Card_Ready
    main.o(.text) refers to main.o(.bss) for fs
    main.o(.text) refers to main.o(.data) for res
    main.o(.text) refers to main.o(.constdata) for txt_buf
    system_stm32f10x.o(.text) refers to system_stm32f10x.o(.data) for SystemCoreClock
    diskio.o(.text) refers to msd.o(.text) for MSD_Init
    diskio.o(.text) refers to stm32f10x_gpio.o(.text) for GPIO_ResetBits
    diskio.o(.text) refers to diskio.o(.data) for SD_Card_Ready
    diskio.o(.text) refers to msd.o(.data) for SD_Type
    msd.o(.text) refers to stm32f10x_rcc.o(.text) for RCC_APB2PeriphClockCmd
    msd.o(.text) refers to stm32f10x_gpio.o(.text) for GPIO_Init
    msd.o(.text) refers to stm32f10x_spi.o(.text) for SPI_Cmd
    msd.o(.text) refers to msd.o(.bss) for MSD_csd
    msd.o(.text) refers to msd.o(.data) for Mass_Block_Count
    msd.o(.text) refers to diskio.o(.data) for SD_Card_Ready
    ff.o(.text) refers to diskio.o(.text) for disk_write
    ff.o(.text) refers to ff.o(.data) for CurrVol
    usart.o(.text) refers to stm32f10x_usart.o(.text) for USART_SendData
    usart.o(.text) refers to stm32f10x_rcc.o(.text) for RCC_APB2PeriphClockCmd
    usart.o(.text) refers to stm32f10x_gpio.o(.text) for GPIO_Init
    usart.o(.text) refers to misc.o(.text) for NVIC_Init
    usart.o(.text) refers to usart.o(.data) for USART1_RX_STA
    usart.o(.text) refers to usart.o(.bss) for USART1_RX_BUF
    __2printf.o(.text) refers to _printf_char_file.o(.text) for _printf_char_file
    __2printf.o(.text) refers to stdio_streams.o(.bss) for __stdout
    noretval__2printf.o(.text) refers to _printf_char_file.o(.text) for _printf_char_file
    noretval__2printf.o(.text) refers to stdio_streams.o(.bss) for __stdout
    __printf.o(.text) refers to _printf_percent.o(.ARM.Collect$$_printf_percent$$00000000) for _printf_percent
    _printf_dec.o(.text) refers to _printf_intcommon.o(.text) for _printf_int_common
    __printf_flags.o(.text) refers to _printf_percent.o(.ARM.Collect$$_printf_percent$$00000000) for _printf_percent
[...]
    ../clib/angel/kernel.s                   0x00000000   Number         0  __rtentry2.o ABSOLUTE
    ../clib/angel/kernel.s                   0x00000000   Number         0  rtexit2.o ABSOLUTE
    ../clib/angel/rt.s                       0x00000000   Number         0  rt_raise.o ABSOLUTE
    ../clib/angel/rt.s                       0x00000000   Number         0  rt_heap_descriptor.o ABSOLUTE
    ../clib/angel/rt.s                       0x00000000   Number         0  rt_heap_descriptor_intlibspace.o ABSOLUTE
    ../clib/angel/rt.s                       0x00000000   Number         0  rt_errno_addr.o ABSOLUTE
    ../clib/angel/rt.s                       0x00000000   Number         0  rt_errno_addr_intlibspace.o ABSOLUTE
    ../clib/angel/scatter.s                  0x00000000   Number         0  __scatter.o ABSOLUTE
    ../clib/angel/startup.s                  0x00000000   Number         0  __main.o ABSOLUTE
    ../clib/angel/sys.s                      0x00000000   Number         0  indicate_semi.o ABSOLUTE
    ../clib/angel/sys.s                      0x00000000   Number         0  libspace.o ABSOLUTE
    ../clib/angel/sys.s                      0x00000000   Number         0  sys_stackheap_outer.o ABSOLUTE
    ../clib/angel/sys.s                      0x00000000   Number         0  mutex_dummy.o ABSOLUTE
    ../clib/angel/sys.s                      0x00000000   Number         0  use_no_semi.o ABSOLUTE
    ../clib/angel/sysapp.c                   0x00000000   Number         0  sys_wrch.o ABSOLUTE
    ../clib/angel/sysapp.c                   0x00000000   Number         0  sys_command.o ABSOLUTE
    ../clib/angel/sysapp.c                   0x00000000   Number         0  sys_io.o ABSOLUTE
    ../clib/angel/sysapp.c                   0x00000000   Number         0  sys_exit.o ABSOLUTE
    ../clib/armsys.c                         0x00000000   Number         0  argv_veneer.o ABSOLUTE
    ../clib/armsys.c                         0x00000000   Number         0  _get_argv.o ABSOLUTE
    ../clib/armsys.c                         0x00000000   Number         0  no_argv.o ABSOLUTE
    ../clib/armsys.c                         0x00000000   Number         0  _get_argv_nomalloc.o ABSOLUTE
    ../clib/armsys.c                         0x00000000   Number         0  argv_veneer.o ABSOLUTE
    ../clib/heap1.c                          0x00000000   Number         0  h1_extend.o ABSOLUTE
    ../clib/heap1.c                          0x00000000   Number         0  h1_init.o ABSOLUTE
    ../clib/heap1.c                          0x00000000   Number         0  h1_final.o ABSOLUTE
    ../clib/heap1.c                          0x00000000   Number         0  h1_init_mt.o ABSOLUTE
    ../clib/heap1.c                          0x00000000   Number         0  h1_final_mt.o ABSOLUTE
    ../clib/heap1.c                          0x00000000   Number         0  h1_free_mt.o ABSOLUTE
    ../clib/heap1.c                          0x00000000   Number         0  h1_alloc.o ABSOLUTE
    ../clib/heap1.c                          0x00000000   Number         0  h1_alloc_mt.o ABSOLUTE
    ../clib/heap1.c                          0x00000000   Number         0  h1_extend_mt.o ABSOLUTE
    ../clib/heap1.c                          0x00000000   Number         0  h1_free.o ABSOLUTE
    ../clib/heap2.c                          0x00000000   Number         0  fdtree.o ABSOLUTE
    ../clib/heap2.c                          0x00000000   Number         0  heap2.o ABSOLUTE
    ../clib/heap2.c                          0x00000000   Number         0  heap2mt.o ABSOLUTE
    ../clib/heapalloc.c                      0x00000000   Number         0  maybetermalloc2.o ABSOLUTE
    ../clib/heapalloc.c                      0x00000000   Number         0  maybetermalloc2.o ABSOLUTE
    ../clib/heapalloc.c                      0x00000000   Number         0  maybetermalloc1.o ABSOLUTE
    ../clib/heapalloc.c                      0x00000000   Number         0  free.o ABSOLUTE
    ../clib/heapalloc.c                      0x00000000   Number         0  term_alloc.o ABSOLUTE
    ../clib/heapalloc.c                      0x00000000   Number         0  hrguard.o ABSOLUTE
    ../clib/heapalloc.c                      0x00000000   Number         0  hguard.o ABSOLUTE
    ../clib/heapalloc.c                      0x00000000   Number         0  init_alloc.o ABSOLUTE
    ../clib/heapalloc.c                      0x00000000   Number         0  maybetermalloc1.o ABSOLUTE
    ../clib/heapalloc.c                      0x00000000   Number         0  heapstubs.o ABSOLUTE
    ../clib/heapalloc.c                      0x00000000   Number         0  malloc.o ABSOLUTE
    ../clib/heapaux.c                        0x00000000   Number         0  heapauxi.o ABSOLUTE
    ../clib/heapaux.c                        0x00000000   Number         0  heapauxa.o ABSOLUTE
    ../clib/libinit.s                        0x00000000   Number         0  libshutdown2.o ABSOLUTE
    ../clib/libinit.s                        0x00000000   Number         0  libinit.o ABSOLUTE
    ../clib/libinit.s                        0x00000000   Number         0  libinit2.o ABSOLUTE
    ../clib/libinit.s                        0x00000000   Number         0  libshutdown.o ABSOLUTE
    ../clib/memcpset.s                       0x00000000   Number         0  rt_memcpy_w.o ABSOLUTE
    ../clib/memcpset.s                       0x00000000   Number         0  rt_memclr_w.o ABSOLUTE
    ../clib/printf.c                         0x00000000   Number         0  __printf_nopercent.o ABSOLUTE
    ../clib/printf.c                         0x00000000   Number         0  _printf_intcommon.o ABSOLUTE
    ../clib/printf.c                         0x00000000   Number         0  __2printf.o ABSOLUTE
    ../clib/printf.c                         0x00000000   Number         0  noretval__2printf.o ABSOLUTE
    ../clib/printf.c                         0x00000000   Number         0  __printf.o ABSOLUTE
    ../clib/printf.c                         0x00000000   Number         0  _printf_dec.o ABSOLUTE
    ../clib/printf.c                         0x00000000   Number         0  __printf_flags.o ABSOLUTE
    ../clib/printf.c                         0x00000000   Number         0  __printf_ss.o ABSOLUTE
    ../clib/printf.c                         0x00000000   Number         0  __printf_flags_ss.o ABSOLUTE
    ../clib/printf.c                         0x00000000   Number         0  __printf_wp.o ABSOLUTE
    ../clib/printf.c                         0x00000000   Number         0  __printf_flags_wp.o ABSOLUTE
    ../clib/printf.c                         0x00000000   Number         0  __printf_ss_wp.o ABSOLUTE
    ../clib/printf.c                         0x00000000   Number         0  __printf_flags_ss_wp.o ABSOLUTE
    ../clib/printf.c                         0x00000000   Number         0  _printf_char_file.o ABSOLUTE
    ../clib/printf.c                         0x00000000   Number         0  _printf_char_common.o ABSOLUTE
    ../clib/printf_percent.s                 0x00000000   Number         0  _printf_d.o ABSOLUTE
    ../clib/printf_percent.s                 0x00000000   Number         0  _printf_percent.o ABSOLUTE
    ../clib/printf_percent.s                 0x00000000   Number         0  _printf_percent_end.o ABSOLUTE
    ../clib/signal.c                         0x00000000   Number         0  defsig_other.o ABSOLUTE
    ../clib/signal.c                         0x00000000   Number         0  defsig_segv_inner.o ABSOLUTE
    ../clib/signal.c                         0x00000000   Number         0  defsig_rtred_inner.o ABSOLUTE
    ../clib/signal.c                         0x00000000   Number         0  defsig_exit.o ABSOLUTE
    ../clib/signal.c                         0x00000000   Number         0  defsig_rtmem_formal.o ABSOLUTE
    ../clib/signal.c                         0x00000000   Number         0  defsig_rtmem_outer.o ABSOLUTE
    ../clib/signal.c                         0x00000000   Number         0  defsig_cppl_inner.o ABSOLUTE
    ../clib/signal.c                         0x00000000   Number         0  defsig_pvfn_inner.o ABSOLUTE
    ../clib/signal.c                         0x00000000   Number         0  defsig_stak_inner.o ABSOLUTE
    ../clib/signal.c                         0x00000000   Number         0  defsig_fpe_inner.o ABSOLUTE
    ../clib/signal.c                         0x00000000   Number         0  defsig_abrt_inner.o ABSOLUTE
    ../clib/signal.c                         0x00000000   Number         0  defsig_general.o ABSOLUTE
    ../clib/signal.c                         0x00000000   Number         0  __raise.o ABSOLUTE
    ../clib/signal.c                         0x00000000   Number         0  defsig_rtmem_inner.o ABSOLUTE
    ../clib/signal.c                         0x00000000   Number         0  defsig_rtred_formal.o ABSOLUTE
    ../clib/signal.c                         0x00000000   Number         0  defsig_rtred_outer.o ABSOLUTE
    ../clib/signal.s                         0x00000000   Number         0  defsig.o ABSOLUTE
    ../clib/stdio.c                          0x00000000   Number         0  stdio.o ABSOLUTE
    ../clib/stdio.c                          0x00000000   Number         0  fseek.o ABSOLUTE
    ../clib/stdio.c                          0x00000000   Number         0  stdio_streams.o ABSOLUTE
    ../clib/stdio.c                          0x00000000   Number         0  streamlock.o ABSOLUTE
    ../clib/stdio.c                          0x00000000   Number         0  fopen_locked.o ABSOLUTE
    ../clib/stdio.c                          0x00000000   Number         0  ftell.o ABSOLUTE
    ../clib/stdio.c                          0x00000000   Number         0  setvbuf.o ABSOLUTE
    ../clib/stdio.c                          0x00000000   Number         0  initio_locked.o ABSOLUTE
    ../clib/stdio.c                          0x00000000   Number         0  ferror_locked.o ABSOLUTE
    ../clib/stdio.c                          0x00000000   Number         0  setvbuf_locked.o ABSOLUTE
    ../clib/stdio.c                          0x00000000   Number         0  fclose.o ABSOLUTE
    ../clib/stdio.c                          0x00000000   Number         0  ferror.o ABSOLUTE
    ../clib/stdio.c                          0x00000000   Number         0  fopen.o ABSOLUTE
    ../clib/stdio.c                          0x00000000   Number         0  initio.o ABSOLUTE
    ../clib/stdlib.c                         0x00000000   Number         0  exit.o ABSOLUTE
    ../clib/string.c                         0x00000000   Number         0  strlen.o ABSOLUTE
    ../fplib/fpinit.s                        0x00000000   Number         0  fpinit.o ABSOLUTE
    ..\Public\system.c                       0x00000000   Number         0  system.o ABSOLUTE
    ..\Public\usart.c                        0x00000000   Number         0  usart.o ABSOLUTE
    ..\User\Diskio\diskio.c                  0x00000000   Number         0  diskio.o ABSOLUTE
    ..\User\FatFS\ff.c                       0x00000000   Number         0  ff.o ABSOLUTE
    ..\User\Msd\msd.c                        0x00000000   Number         0  msd.o ABSOLUTE
    ..\User\main.c                           0x00000000   Number         0  main.o ABSOLUTE
    ..\User\stm32f10x_it.c                   0x00000000   Number         0  stm32f10x_it.o ABSOLUTE
    ..\User\system_stm32f10x.c               0x00000000   Number         0  system_stm32f10x.o ABSOLUTE
    ..\\library\\CMSIS\\CM3\\CoreSupport\\core_cm3.c 0x00000000   Number         0  core_cm3.o ABSOLUTE
    ..\library\CMSIS\CM3\CoreSupport\core_cm3.c 0x00000000   Number         0  core_cm3.o ABSOLUTE
    ..\library\CMSIS\CM3\DeviceSupport\ST\STM32F10x\startup\arm\startup_stm32f10x_ld.s 0x00000000   Number         0  startup_stm32f10x_ld.o ABSOLUTE
    ..\library\STM32F10x_StdPeriph_Driver\src\misc.c 0x00000000   Number         0  misc.o ABSOLUTE
    ..\library\STM32F10x_StdPeriph_Driver\src\stm32f10x_adc.c 0x00000000   Number         0  stm32f10x_adc.o ABSOLUTE
    ..\library\STM32F10x_StdPeriph_Driver\src\stm32f10x_bkp.c 0x00000000   Number         0  stm32f10x_bkp.o ABSOLUTE
    ..\library\STM32F10x_StdPeriph_Driver\src\stm32f10x_can.c 0x00000000   Number         0  stm32f10x_can.o ABSOLUTE
    ..\library\STM32F10x_StdPeriph_Driver\src\stm32f10x_cec.c 0x00000000   Number         0  stm32f10x_cec.o ABSOLUTE
    ..\library\STM32F10x_StdPeriph_Driver\src\stm32f10x_crc.c 0x00000000   Number         0  stm32f10x_crc.o ABSOLUTE
    ..\library\STM32F10x_StdPeriph_Driver\src\stm32f10x_dac.c 0x00000000   Number         0  stm32f10x_dac.o ABSOLUTE
    ..\library\STM32F10x_StdPeriph_Driver\src\stm32f10x_dbgmcu.c 0x00000000   Number         0  stm32f10x_dbgmcu.o ABSOLUTE
    ..\library\STM32F10x_StdPeriph_Driver\src\stm32f10x_dma.c 0x00000000   Number         0  stm32f10x_dma.o ABSOLUTE
    ..\library\STM32F10x_StdPeriph_Driver\src\stm32f10x_exti.c 0x00000000   Number         0  stm32f10x_exti.o ABSOLUTE
    ..\library\STM32F10x_StdPeriph_Driver\src\stm32f10x_flash.c 0x00000000   Number         0  stm32f10x_flash.o ABSOLUTE
    ..\library\STM32F10x_StdPeriph_Driver\src\stm32f10x_fsmc.c 0x00000000   Number         0  stm32f10x_fsmc.o ABSOLUTE
    ..\library\STM32F10x_StdPeriph_Driver\src\stm32f10x_gpio.c 0x00000000   Number         0  stm32f10x_gpio.o ABSOLUTE
    ..\library\STM32F10x_StdPeriph_Driver\src\stm32f10x_i2c.c 0x00000000   Number         0  stm32f10x_i2c.o ABSOLUTE
    ..\library\STM32F10x_StdPeriph_Driver\src\stm32f10x_iwdg.c 0x00000000   Number         0  stm32f10x_iwdg.o ABSOLUTE
    ..\library\STM32F10x_StdPeriph_Driver\src\stm32f10x_pwr.c 0x00000000   Number         0  stm32f10x_pwr.o ABSOLUTE
    ..\library\STM32F10x_StdPeriph_Driver\src\stm32f10x_rcc.c 0x00000000   Number         0  stm32f10x_rcc.o ABSOLUTE
    ..\library\STM32F10x_StdPeriph_Driver\src\stm32f10x_rtc.c 0x00000000   Number         0  stm32f10x_rtc.o ABSOLUTE
    ..\library\STM32F10x_StdPeriph_Driver\src\stm32f10x_sdio.c 0x00000000   Number         0  stm32f10x_sdio.o ABSOLUTE
    ..\library\STM32F10x_StdPeriph_Driver\src\stm32f10x_spi.c 0x00000000   Number         0  stm32f10x_spi.o ABSOLUTE
    ..\library\STM32F10x_StdPeriph_Driver\src\stm32f10x_tim.c 0x00000000   Number         0  stm32f10x_tim.o ABSOLUTE
    ..\library\STM32F10x_StdPeriph_Driver\src\stm32f10x_usart.c 0x00000000   Number         0  stm32f10x_usart.o ABSOLUTE
    ..\library\STM32F10x_StdPeriph_Driver\src\stm32f10x_wwdg.c 0x00000000   Number         0  stm32f10x_wwdg.o ABSOLUTE
    dc.s                                     0x00000000   Number         0  dc.o ABSOLUTE
    RESET                                    0x08000000   Section      236  startup_stm32f10x_ld.o(RESET)
    !!!main                                  0x080000ec   Section        8  __main.o(!!!main)
    !!!scatter                               0x080000f4   Section       52  __scatter.o(!!!scatter)
    !!handler_copy                           0x08000128   Section       26  __scatter_copy.o(!!handler_copy)
    !!handler_zi                             0x08000144   Section       28  __scatter_zi.o(!!handler_zi)
    .ARM.Collect$$_printf_percent$$00000000  0x08000160   Section        0  _printf_percent.o(.ARM.Collect$$_printf_percent$$00000000)
    .ARM.Collect$$_printf_percent$$00000009  0x08000160   Section        6  _printf_d.o(.ARM.Collect$$_printf_percent$$00000009)
    .ARM.Collect$$_printf_percent$$00000017  0x08000166   Section        4  _printf_percent_end.o(.ARM.Collect$$_printf_percent$$00000017)
    .ARM.Collect$$libinit$$00000000          0x0800016a   Section        2  libinit.o(.ARM.Collect$$libinit$$00000000)
    .ARM.Collect$$libinit$$00000002          0x0800016c   Section        0  libinit2.o(.ARM.Collect$$libinit$$00000002)
    .ARM.Collect$$libinit$$00000004          0x0800016c   Section        0  libinit2.o(.ARM.Collect$$libinit$$00000004)
    .ARM.Collect$$libinit$$00000005          0x0800016c   Section        8  libinit2.o(.ARM.Collect$$libinit$$00000005)
    .ARM.Collect$$libinit$$0000000A          0x08000174   Section        0  libinit2.o(.ARM.Collect$$libinit$$0000000A)
    .ARM.Collect$$libinit$$0000000C          0x08000174   Section        0  libinit2.o(.ARM.Collect$$libinit$$0000000C)
    .ARM.Collect$$libinit$$0000000E          0x08000174   Section        0  libinit2.o(.ARM.Collect$$libinit$$0000000E)
    .ARM.Collect$$libinit$$00000011          0x08000174   Section        0  libinit2.o(.ARM.Collect$$libinit$$00000011)
    .ARM.Collect$$libinit$$00000013          0x08000174   Section        0  libinit2.o(.ARM.Collect$$libinit$$00000013)
    .ARM.Collect$$libinit$$00000015          0x08000174   Section        0  libinit2.o(.ARM.Collect$$libinit$$00000015)
    .ARM.Collect$$libinit$$00000017          0x08000174   Section        0  libinit2.o(.ARM.Collect$$libinit$$00000017)
    .ARM.Collect$$libinit$$00000019          0x08000174   Section        0  libinit2.o(.ARM.Collect$$libinit$$00000019)
    .ARM.Collect$$libinit$$0000001B          0x08000174   Section        0  libinit2.o(.ARM.Collect$$libinit$$0000001B)
    .ARM.Collect$$libinit$$0000001D          0x08000174   Section        0  libinit2.o(.ARM.Collect$$libinit$$0000001D)
    .ARM.Collect$$libinit$$0000001F          0x08000174   Section        0  libinit2.o(.ARM.Collect$$libinit$$0000001F)
    .ARM.Collect$$libinit$$00000021          0x08000174   Section        0  libinit2.o(.ARM.Collect$$libinit$$00000021)
    .ARM.Collect$$libinit$$00000023          0x08000174   Section        0  libinit2.o(.ARM.Collect$$libinit$$00000023)
    .ARM.Collect$$libinit$$00000024          0x08000174   Section        4  libinit2.o(.ARM.Collect$$libinit$$00000024)
    .ARM.Collect$$libinit$$00000025          0x08000178   Section        0  libinit2.o(.ARM.Collect$$libinit$$00000025)
    .ARM.Collect$$libinit$$0000002C          0x08000178   Section        0  libinit2.o(.ARM.Collect$$libinit$$0000002C)
    .ARM.Collect$$libinit$$0000002E          0x08000178   Section        0  libinit2.o(.ARM.Collect$$libinit$$0000002E)
    .ARM.Collect$$libinit$$00000030          0x08000178   Section        0  libinit2.o(.ARM.Collect$$libinit$$00000030)
    .ARM.Collect$$libinit$$00000032          0x08000178   Section        0  libinit2.o(.ARM.Collect$$libinit$$00000032)
    .ARM.Collect$$libinit$$00000033          0x08000178   Section        2  libinit2.o(.ARM.Collect$$libinit$$00000033)
    .ARM.Collect$$libshutdown$$00000000      0x0800017a   Section        2  libshutdown.o(.ARM.Collect$$libshutdown$$00000000)
    .ARM.Collect$$libshutdown$$00000002      0x0800017c   Section        0  libshutdown2.o(.ARM.Collect$$libshutdown$$00000002)
    .ARM.Collect$$libshutdown$$00000003      0x0800017c   Section        4  libshutdown2.o(.ARM.Collect$$libshutdown$$00000003)
    .ARM.Collect$$libshutdown$$00000004      0x08000180   Section        0  libshutdown2.o(.ARM.Collect$$libshutdown$$00000004)
    .ARM.Collect$$libshutdown$$00000007      0x08000180   Section        0  libshutdown2.o(.ARM.Collect$$libshutdown$$00000007)
    .ARM.Collect$$libshutdown$$0000000A      0x08000180   Section        0  libshutdown2.o(.ARM.Collect$$libshutdown$$0000000A)
    .ARM.Collect$$libshutdown$$0000000C      0x08000180   Section        0  libshutdown2.o(.ARM.Collect$$libshutdown$$0000000C)
    .ARM.Collect$$libshutdown$$0000000F      0x08000180   Section        0  libshutdown2.o(.ARM.Collect$$libshutdown$$0000000F)
    .ARM.Collect$$libshutdown$$00000010      0x08000180   Section        2  libshutdown2.o(.ARM.Collect$$libshutdown$$00000010)
    .ARM.Collect$$rtentry$$00000000          0x08000182   Section        0  __rtentry.o(.ARM.Collect$$rtentry$$00000000)
    .ARM.Collect$$rtentry$$00000002          0x08000182   Section        0  __rtentry2.o(.ARM.Collect$$rtentry$$00000002)
    .ARM.Collect$$rtentry$$00000004          0x08000182   Section        6  __rtentry4.o(.ARM.Collect$$rtentry$$00000004)
    .ARM.Collect$$rtentry$$00000009          0x08000188   Section        0  __rtentry2.o(.ARM.Collect$$rtentry$$00000009)
    .ARM.Collect$$rtentry$$0000000A          0x08000188   Section        4  __rtentry2.o(.ARM.Collect$$rtentry$$0000000A)
    .ARM.Collect$$rtentry$$0000000C          0x0800018c   Section        0  __rtentry2.o(.ARM.Collect$$rtentry$$0000000C)
    .ARM.Collect$$rtentry$$0000000D          0x0800018c   Section        8  __rtentry2.o(.ARM.Collect$$rtentry$$0000000D)
    .ARM.Collect$$rtexit$$00000000           0x08000194   Section        2  rtexit.o(.ARM.Collect$$rtexit$$00000000)
    .ARM.Collect$$rtexit$$00000002           0x08000196   Section        0  rtexit2.o(.ARM.Collect$$rtexit$$00000002)
    .ARM.Collect$$rtexit$$00000003           0x08000196   Section        4  rtexit2.o(.ARM.Collect$$rtexit$$00000003)
    .ARM.Collect$$rtexit$$00000004           0x0800019a   Section        6  rtexit2.o(.ARM.Collect$$rtexit$$00000004)
    .emb_text                                0x080001a0   Section        0  maybetermalloc1.o(.emb_text)
    .text                                    0x080001a0   Section       64  startup_stm32f10x_ld.o(.text)
    .text                                    0x080001e0   Section        0  misc.o(.text)
    .text                                    0x080002bc   Section        0  stm32f10x_gpio.o(.text)
    .text                                    0x08000618   Section        0  stm32f10x_rcc.o(.text)
    .text                                    0x080009bc   Section        0  stm32f10x_spi.o(.text)
    .text                                    0x08000cc8   Section        0  stm32f10x_usart.o(.text)
    .text                                    0x080010d0   Section        0  main.o(.text)
    .text                                    0x08001198   Section        0  stm32f10x_it.o(.text)
    .text                                    0x080011b4   Section        0  system_stm32f10x.o(.text)
    SetSysClockTo72                          0x080011b5   Thumb Code   214  system_stm32f10x.o(.text)
    SetSysClock                              0x0800128b   Thumb Code     8  system_stm32f10x.o(.text)
    .text                                    0x08001394   Section        0  diskio.o(.text)
    .text                                    0x08001538   Section        0  msd.o(.text)
    .text                                    0x08002080   Section        0  ff.o(.text)
    mem_cpy                                  0x08002081   Thumb Code    26  ff.o(.text)
    mem_set                                  0x0800209b   Thumb Code    20  ff.o(.text)
    mem_cmp                                  0x080020af   Thumb Code    38  ff.o(.text)
    chk_chr                                  0x080020d5   Thumb Code    20  ff.o(.text)
    move_window                              0x080020e9   Thumb Code   114  ff.o(.text)
    sync                                     0x0800215b   Thumb Code   202  ff.o(.text)
    remove_chain                             0x08002459   Thumb Code   104  ff.o(.text)
    create_chain                             0x080024c1   Thumb Code   202  ff.o(.text)
    dir_sdi                                  0x0800258b   Thumb Code   156  ff.o(.text)
    dir_next                                 0x08002627   Thumb Code   278  ff.o(.text)
    dir_find                                 0x0800273d   Thumb Code    92  ff.o(.text)
    dir_read                                 0x08002799   Thumb Code    84  ff.o(.text)
    dir_register                             0x080027ed   Thumb Code   110  ff.o(.text)
    dir_remove                               0x0800285b   Thumb Code    44  ff.o(.text)
    create_name                              0x08002887   Thumb Code   394  ff.o(.text)
    get_fileinfo                             0x08002a11   Thumb Code   152  ff.o(.text)
    follow_path                              0x08002aa9   Thumb Code   186  ff.o(.text)
    check_fs                                 0x08002b63   Thumb Code   138  ff.o(.text)
    chk_mounted                              0x08002bed   Thumb Code   898  ff.o(.text)
    validate                                 0x08002f6f   Thumb Code    42  ff.o(.text)
    .text                                    0x08004464   Section        0  usart.o(.text)
    .text                                    0x080045b4   Section        0  noretval__2printf.o(.text)
    .text                                    0x080045cc   Section        0  __printf.o(.text)
    .text                                    0x08004634   Section        0  _printf_dec.o(.text)
    .text                                    0x080046ac   Section        0  heapauxi.o(.text)
    .text                                    0x080046b2   Section        0  _printf_intcommon.o(.text)
    .text                                    0x08004764   Section        0  _printf_char_file.o(.text)
    .text                                    0x08004788   Section        0  _printf_char_common.o(.text)
    _printf_input_char                       0x08004789   Thumb Code    10  _printf_char_common.o(.text)
    .text                                    0x080047b8   Section        0  ferror.o(.text)
    .text                                    0x080047c0   Section        0  initio.o(.text)
    .text                                    0x080048f8   Section        0  sys_io.o(.text)
    .text                                    0x0800495e   Section       74  sys_stackheap_outer.o(.text)
    .text                                    0x080049a8   Section        0  h1_free.o(.text)
    .text                                    0x080049f6   Section        0  setvbuf.o(.text)
    .text                                    0x08004a3c   Section        0  fopen.o(.text)
    _freopen_locked                          0x08004a3d   Thumb Code     0  fopen.o(.text)
    .text                                    0x08004b28   Section        0  fclose.o(.text)
    .text                                    0x08004b74   Section        0  exit.o(.text)
    .text                                    0x08004b86   Section        0  defsig_rtred_outer.o(.text)
    .text                                    0x08004b94   Section       78  rt_memclr_w.o(.text)
    .text                                    0x08004be4   Section        8  libspace.o(.text)
    .text                                    0x08004bec   Section        2  use_no_semi.o(.text)
    .text                                    0x08004bee   Section        0  indicate_semi.o(.text)
    .text                                    0x08004bf0   Section        8  rt_heap_descriptor_intlibspace.o(.text)
    .text                                    0x08004bf8   Section        0  hguard.o(.text)
    .text                                    0x08004bfc   Section        0  init_alloc.o(.text)
    .text                                    0x08004c86   Section        0  h1_alloc.o(.text)
    .text                                    0x08004ce4   Section        0  fseek.o(.text)
    .text                                    0x08004ddc   Section        0  stdio.o(.text)
    .text                                    0x08004ecc   Section        0  defsig_exit.o(.text)
    .text                                    0x08004ed8   Section        0  defsig_rtred_inner.o(.text)
    .text                                    0x08004f0c   Section        0  strlen.o(.text)
    .text                                    0x08004f4c   Section        0  sys_exit.o(.text)
    .text                                    0x08004f58   Section        0  h1_init.o(.text)
    .text                                    0x08004f66   Section        0  h1_extend.o(.text)
    .text                                    0x08004f9a   Section        0  ftell.o(.text)
    .text                                    0x08004fdc   Section        0  defsig_general.o(.text)
    .text                                    0x0800500e   Section        0  defsig_rtmem_outer.o(.text)
    .text                                    0x0800501c   Section        0  sys_wrch.o(.text)
    .text                                    0x0800502c   Section        8  rt_errno_addr_intlibspace.o(.text)
    .text                                    0x08005034   Section        0  defsig_rtmem_inner.o(.text)
    .constdata                               0x08005084   Section       10  main.o(.constdata)
    txt_buf                                  0x08005084   Data          10  main.o(.constdata)
    .constdata                               0x0800508e   Section        4  sys_io.o(.constdata)
    .constdata                               0x08005092   Section        4  sys_io.o(.constdata)
    .constdata                               0x08005096   Section        4  sys_io.o(.constdata)
    .data                                    0x20000000   Section       20  stm32f10x_rcc.o(.data)
    APBAHBPrescTable                         0x20000000   Data          16  stm32f10x_rcc.o(.data)
    ADCPrescTable                            0x20000010   Data           4  stm32f10x_rcc.o(.data)
    .data                                    0x20000014   Section       12  main.o(.data)
    .data                                    0x20000020   Section       20  system_stm32f10x.o(.data)
    .data                                    0x20000034   Section        1  diskio.o(.data)
    .data                                    0x20000038   Section       16  msd.o(.data)
    .data                                    0x20000048   Section        7  ff.o(.data)
    FatFs                                    0x20000048   Data           4  ff.o(.data)
    Fsid                                     0x2000004c   Data           2  ff.o(.data)
    CurrVol                                  0x2000004e   Data           1  ff.o(.data)
    .data                                    0x20000050   Section        2  usart.o(.data)
    .data                                    0x20000054   Section        4  stdio_streams.o(.data)
    .data                                    0x20000058   Section        4  stdio_streams.o(.data)
    .data                                    0x2000005c   Section        4  stdio_streams.o(.data)
    .bss                                     0x20000060   Section     2220  main.o(.bss)
    .bss                                     0x2000090c   Section       40  msd.o(.bss)
    .bss                                     0x20000934   Section      200  usart.o(.bss)
    .bss                                     0x200009fc   Section       84  stdio_streams.o(.bss)
    .bss                                     0x20000a50   Section       84  stdio_streams.o(.bss)
    .bss                                     0x20000aa4   Section       84  stdio_streams.o(.bss)
    .bss                                     0x20000af8   Section       96  libspace.o(.bss)
    HEAP                                     0x20000b58   Section      512  startup_stm32f10x_ld.o(HEAP)
    Heap_Mem                                 0x20000b58   Data         512  startup_stm32f10x_ld.o(HEAP)
    STACK                                    0x20000d58   Section     1024  startup_stm32f10x_ld.o(STACK)
    Stack_Mem                                0x20000d58   Data        1024  startup_stm32f10x_ld.o(STACK)
    __initial_sp                             0x20001158   Data           0  startup_stm32f10x_ld.o(STACK)

    Global Symbols

    Symbol Name                              Value     Ov Type        Size  Object(Section)

    BuildAttributes$$THM_ISAv4$P$D$K$B$S$PE$A:L22UL41UL21$X:L11$S22US41US21$IEEE1$IW$USESV6$~STKCKD$USESV7$~SHL$OTIME$ROPI$EBA8$UX$STANDARDLIB$REQ8$PRES8$EABIv2 0x00000000   Number         0  anon$$obj.o ABSOLUTE
    __ARM_use_no_argv                        0x00000000   Number         0  main.o ABSOLUTE
    __ARM_exceptions_init                     - Undefined Weak Reference
    __alloca_initialize                       - Undefined Weak Reference
    __arm_preinit_                            - Undefined Weak Reference
    __cpp_initialize__aeabi_                  - Undefined Weak Reference
    __cxa_finalize                            - Undefined Weak Reference
    __rt_locale                               - Undefined Weak Reference
    __sigvec_lookup                           - Undefined Weak Reference
    __user_heap_extent                        - Undefined Weak Reference
    _atexit_init                              - Undefined Weak Reference
    _call_atexit_fns                          - Undefined Weak Reference
    _clock_init                               - Undefined Weak Reference
    _fp_trap_init                             - Undefined Weak Reference
    _fp_trap_shutdown                         - Undefined Weak Reference
    _get_lc_collate                           - Undefined Weak Reference
    _get_lc_ctype                             - Undefined Weak Reference
    _get_lc_monetary                          - Undefined Weak Reference
    _get_lc_numeric                           - Undefined Weak Reference
    _get_lc_time                              - Undefined Weak Reference
    _getenv_init                              - Undefined Weak Reference
    _handle_redirection                       - Undefined Weak Reference
    _mutex_acquire                            - Undefined Weak Reference
    _mutex_free                               - Undefined Weak Reference
    _mutex_release                            - Undefined Weak Reference
    _printf_post_padding                      - Undefined Weak Reference
    _printf_pre_padding                       - Undefined Weak Reference
    _printf_truncate_signed                   - Undefined Weak Reference
    _printf_truncate_unsigned                 - Undefined Weak Reference
    _rand_init                                - Undefined Weak Reference
    _signal_finish                            - Undefined Weak Reference
    _signal_init                              - Undefined Weak Reference
    __Vectors_Size                           0x000000ec   Number         0  startup_stm32f10x_ld.o ABSOLUTE
    __Vectors                                0x08000000   Data           4  startup_stm32f10x_ld.o(RESET)
    __Vectors_End                            0x080000ec   Data           0  startup_stm32f10x_ld.o(RESET)
    __main                                   0x080000ed   Thumb Code     8  __main.o(!!!main)
    __scatterload                            0x080000f5   Thumb Code     0  __scatter.o(!!!scatter)
    __scatterload_rt2                        0x080000f5   Thumb Code    44  __scatter.o(!!!scatter)
    __scatterload_rt2_thumb_only             0x080000f5   Thumb Code     0  __scatter.o(!!!scatter)
    __scatterload_null                       0x08000103   Thumb Code     0  __scatter.o(!!!scatter)
    __scatterload_copy                       0x08000129   Thumb Code    26  __scatter_copy.o(!!handler_copy)
    __scatterload_zeroinit                   0x08000145   Thumb Code    28  __scatter_zi.o(!!handler_zi)
    _printf_d                                0x08000161   Thumb Code     0  _printf_d.o(.ARM.Collect$$_printf_percent$$00000009)
    _printf_percent                          0x08000161   Thumb Code     0  _printf_percent.o(.ARM.Collect$$_printf_percent$$00000000)
    _printf_percent_end                      0x08000167   Thumb Code     0  _printf_percent_end.o(.ARM.Collect$$_printf_percent$$00000017)
    __rt_lib_init                            0x0800016b   Thumb Code     0  libinit.o(.ARM.Collect$$libinit$$00000000)
    __rt_lib_init_fp_1                       0x0800016d   Thumb Code     0  libinit2.o(.ARM.Collect$$libinit$$00000002)
    __rt_lib_init_heap_2                     0x0800016d   Thumb Code     0  libinit2.o(.ARM.Collect$$libinit$$00000005)
    __rt_lib_init_preinit_1                  0x0800016d   Thumb Code     0  libinit2.o(.ARM.Collect$$libinit$$00000004)
    __rt_lib_init_atexit_1                   0x08000175   Thumb Code     0  libinit2.o(.ARM.Collect$$libinit$$0000001B)
    __rt_lib_init_clock_1                    0x08000175   Thumb Code     0  libinit2.o(.ARM.Collect$$libinit$$00000021)
    __rt_lib_init_fp_trap_1                  0x08000175   Thumb Code     0  libinit2.o(.ARM.Collect$$libinit$$0000001F)
    __rt_lib_init_getenv_1                   0x08000175   Thumb Code     0  libinit2.o(.ARM.Collect$$libinit$$00000023)
    __rt_lib_init_heap_1                     0x08000175   Thumb Code     0  libinit2.o(.ARM.Collect$$libinit$$0000000A)
    __rt_lib_init_lc_collate_1               0x08000175   Thumb Code     0  libinit2.o(.ARM.Collect$$libinit$$00000011)
    __rt_lib_init_lc_ctype_1                 0x08000175   Thumb Code     0  libinit2.o(.ARM.Collect$$libinit$$00000013)
    __rt_lib_init_lc_monetary_1              0x08000175   Thumb Code     0  libinit2.o(.ARM.Collect$$libinit$$00000015)
    __rt_lib_init_lc_numeric_1               0x08000175   Thumb Code     0  libinit2.o(.ARM.Collect$$libinit$$00000017)
    __rt_lib_init_lc_time_1                  0x08000175   Thumb Code     0  libinit2.o(.ARM.Collect$$libinit$$00000019)
    __rt_lib_init_rand_1                     0x08000175   Thumb Code     0  libinit2.o(.ARM.Collect$$libinit$$0000000E)
    __rt_lib_init_signal_1                   0x08000175   Thumb Code     0  libinit2.o(.ARM.Collect$$libinit$$0000001D)
    __rt_lib_init_stdio_2                    0x08000175   Thumb Code     0  libinit2.o(.ARM.Collect$$libinit$$00000024)
    __rt_lib_init_user_alloc_1               0x08000175   Thumb Code     0  libinit2.o(.ARM.Collect$$libinit$$0000000C)
    __rt_lib_init_alloca_1                   0x08000179   Thumb Code     0  libinit2.o(.ARM.Collect$$libinit$$0000002E)
    __rt_lib_init_argv_1                     0x08000179   Thumb Code     0  libinit2.o(.ARM.Collect$$libinit$$0000002C)
    __rt_lib_init_cpp_1                      0x08000179   Thumb Code     0  libinit2.o(.ARM.Collect$$libinit$$00000032)
    __rt_lib_init_exceptions_1               0x08000179   Thumb Code     0  libinit2.o(.ARM.Collect$$libinit$$00000030)
    __rt_lib_init_return                     0x08000179   Thumb Code     0  libinit2.o(.ARM.Collect$$libinit$$00000033)
    __rt_lib_init_stdio_1                    0x08000179   Thumb Code     0  libinit2.o(.ARM.Collect$$libinit$$00000025)
    __rt_lib_shutdown                        0x0800017b   Thumb Code     0  libshutdown.o(.ARM.Collect$$libshutdown$$00000000)
    __rt_lib_shutdown_cpp_1                  0x0800017d   Thumb Code     0  libshutdown2.o(.ARM.Collect$$libshutdown$$00000002)
    __rt_lib_shutdown_stdio_2                0x0800017d   Thumb Code     0  libshutdown2.o(.ARM.Collect$$libshutdown$$00000003)
    __rt_lib_shutdown_fp_trap_1              0x08000181   Thumb Code     0  libshutdown2.o(.ARM.Collect$$libshutdown$$00000007)
    __rt_lib_shutdown_heap_1                 0x08000181   Thumb Code     0  libshutdown2.o(.ARM.Collect$$libshutdown$$0000000F)
    __rt_lib_shutdown_return                 0x08000181   Thumb Code     0  libshutdown2.o(.ARM.Collect$$libshutdown$$00000010)
    __rt_lib_shutdown_signal_1               0x08000181   Thumb Code     0  libshutdown2.o(.ARM.Collect$$libshutdown$$0000000A)
    __rt_lib_shutdown_stdio_1                0x08000181   Thumb Code     0  libshutdown2.o(.ARM.Collect$$libshutdown$$00000004)
    __rt_lib_shutdown_user_alloc_1           0x08000181   Thumb Code     0  libshutdown2.o(.ARM.Collect$$libshutdown$$0000000C)
    __rt_entry                               0x08000183   Thumb Code     0  __rtentry.o(.ARM.Collect$$rtentry$$00000000)
    __rt_entry_presh_1                       0x08000183   Thumb Code     0  __rtentry2.o(.ARM.Collect$$rtentry$$00000002)
    __rt_entry_sh                            0x08000183   Thumb Code     0  __rtentry4.o(.ARM.Collect$$rtentry$$00000004)
    __rt_entry_li                            0x08000189   Thumb Code     0  __rtentry2.o(.ARM.Collect$$rtentry$$0000000A)
    __rt_entry_postsh_1                      0x08000189   Thumb Code     0  __rtentry2.o(.ARM.Collect$$rtentry$$00000009)
    __rt_entry_main                          0x0800018d   Thumb Code     0  __rtentry2.o(.ARM.Collect$$rtentry$$0000000D)
    __rt_entry_postli_1                      0x0800018d   Thumb Code     0  __rtentry2.o(.ARM.Collect$$rtentry$$0000000C)
    __rt_exit                                0x08000195   Thumb Code     0  rtexit.o(.ARM.Collect$$rtexit$$00000000)
    __rt_exit_ls                             0x08000197   Thumb Code     0  rtexit2.o(.ARM.Collect$$rtexit$$00000003)
    __rt_exit_prels_1                        0x08000197   Thumb Code     0  rtexit2.o(.ARM.Collect$$rtexit$$00000002)
    __rt_exit_exit                           0x0800019b   Thumb Code     0  rtexit2.o(.ARM.Collect$$rtexit$$00000004)
    Reset_Handler                            0x080001a1   Thumb Code     8  startup_stm32f10x_ld.o(.text)
    _maybe_terminate_alloc                   0x080001a1   Thumb Code     0  maybetermalloc1.o(.emb_text)
    ADC1_2_IRQHandler                        0x080001bb   Thumb Code     0  startup_stm32f10x_ld.o(.text)
    CAN1_RX1_IRQHandler                      0x080001bb   Thumb Code     0  startup_stm32f10x_ld.o(.text)
    CAN1_SCE_IRQHandler                      0x080001bb   Thumb Code     0  startup_stm32f10x_ld.o(.text)
    DMA1_Channel1_IRQHandler                 0x080001bb   Thumb Code     0  startup_stm32f10x_ld.o(.text)
    DMA1_Channel2_IRQHandler                 0x080001bb   Thumb Code     0  startup_stm32f10x_ld.o(.text)
    DMA1_Channel3_IRQHandler                 0x080001bb   Thumb Code     0  startup_stm32f10x_ld.o(.text)
    DMA1_Channel4_IRQHandler                 0x080001bb   Thumb Code     0  startup_stm32f10x_ld.o(.text)
    DMA1_Channel5_IRQHandler                 0x080001bb   Thumb Code     0  startup_stm32f10x_ld.o(.text)
    DMA1_Channel6_IRQHandler                 0x080001bb   Thumb Code     0  startup_stm32f10x_ld.o(.text)
    DMA1_Channel7_IRQHandler                 0x080001bb   Thumb Code     0  startup_stm32f10x_ld.o(.text)
    EXTI0_IRQHandler                         0x080001bb   Thumb Code     0  startup_stm32f10x_ld.o(.text)
    EXTI15_10_IRQHandler                     0x080001bb   Thumb Code     0  startup_stm32f10x_ld.o(.text)
    EXTI1_IRQHandler                         0x080001bb   Thumb Code     0  startup_stm32f10x_ld.o(.text)
    EXTI2_IRQHandler                         0x080001bb   Thumb Code     0  startup_stm32f10x_ld.o(.text)
    EXTI3_IRQHandler                         0x080001bb   Thumb Code     0  startup_stm32f10x_ld.o(.text)
    EXTI4_IRQHandler                         0x080001bb   Thumb Code     0  startup_stm32f10x_ld.o(.text)
    EXTI9_5_IRQHandler                       0x080001bb   Thumb Code     0  startup_stm32f10x_ld.o(.text)
    FLASH_IRQHandler                         0x080001bb   Thumb Code     0  startup_stm32f10x_ld.o(.text)
    I2C1_ER_IRQHandler                       0x080001bb   Thumb Code     0  startup_stm32f10x_ld.o(.text)
    I2C1_EV_IRQHandler                       0x080001bb   Thumb Code     0  startup_stm32f10x_ld.o(.text)
    PVD_IRQHandler                           0x080001bb   Thumb Code     0  startup_stm32f10x_ld.o(.text)
    RCC_IRQHandler                           0x080001bb   Thumb Code     0  startup_stm32f10x_ld.o(.text)
    RTCAlarm_IRQHandler                      0x080001bb   Thumb Code     0  startup_stm32f10x_ld.o(.text)
    RTC_IRQHandler                           0x080001bb   Thumb Code     0  startup_stm32f10x_ld.o(.text)
    SPI1_IRQHandler                          0x080001bb   Thumb Code     0  startup_stm32f10x_ld.o(.text)
    TAMPER_IRQHandler                        0x080001bb   Thumb Code     0  startup_stm32f10x_ld.o(.text)
    TIM1_BRK_IRQHandler                      0x080001bb   Thumb Code     0  startup_stm32f10x_ld.o(.text)
    TIM1_CC_IRQHandler                       0x080001bb   Thumb Code     0  startup_stm32f10x_ld.o(.text)
    TIM1_TRG_COM_IRQHandler                  0x080001bb   Thumb Code     0  startup_stm32f10x_ld.o(.text)
    TIM1_UP_IRQHandler                       0x080001bb   Thumb Code     0  startup_stm32f10x_ld.o(.text)
    TIM2_IRQHandler                          0x080001bb   Thumb Code     0  startup_stm32f10x_ld.o(.text)
    TIM3_IRQHandler                          0x080001bb   Thumb Code     0  startup_stm32f10x_ld.o(.text)
    USART2_IRQHandler                        0x080001bb   Thumb Code     0  startup_stm32f10x_ld.o(.text)
    USBWakeUp_IRQHandler                     0x080001bb   Thumb Code     0  startup_stm32f10x_ld.o(.text)
    USB_HP_CAN1_TX_IRQHandler                0x080001bb   Thumb Code     0  startup_stm32f10x_ld.o(.text)
    USB_LP_CAN1_RX0_IRQHandler               0x080001bb   Thumb Code     0  startup_stm32f10x_ld.o(.text)
    WWDG_IRQHandler                          0x080001bb   Thumb Code     0  startup_stm32f10x_ld.o(.text)
    __user_initial_stackheap                 0x080001bd   Thumb Code     0  startup_stm32f10x_ld.o(.text)
    NVIC_PriorityGroupConfig                 0x080001e1   Thumb Code    10  misc.o(.text)
    NVIC_Init                                0x080001eb   Thumb Code   100  misc.o(.text)
    NVIC_SetVectorTable                      0x0800024f   Thumb Code    14  misc.o(.text)
    NVIC_SystemLPConfig                      0x0800025d   Thumb Code    34  misc.o(.text)
    SysTick_CLKSourceConfig                  0x0800027f   Thumb Code    40  misc.o(.text)
    GPIO_DeInit                              0x080002bd   Thumb Code   172  stm32f10x_gpio.o(.text)
    GPIO_AFIODeInit                          0x08000369   Thumb Code    20  stm32f10x_gpio.o(.text)
    GPIO_Init                                0x0800037d   Thumb Code   278  stm32f10x_gpio.o(.text)
    GPIO_StructInit                          0x08000493   Thumb Code    16  stm32f10x_gpio.o(.text)
    GPIO_ReadInputDataBit                    0x080004a3   Thumb Code    18  stm32f10x_gpio.o(.text)
    GPIO_ReadInputData                       0x080004b5   Thumb Code     8  stm32f10x_gpio.o(.text)
    GPIO_ReadOutputDataBit                   0x080004bd   Thumb Code    18  stm32f10x_gpio.o(.text)
    GPIO_ReadOutputData                      0x080004cf   Thumb Code     8  stm32f10x_gpio.o(.text)
    GPIO_SetBits                             0x080004d7   Thumb Code     4  stm32f10x_gpio.o(.text)
    GPIO_ResetBits                           0x080004db   Thumb Code     4  stm32f10x_gpio.o(.text)
    GPIO_WriteBit                            0x080004df   Thumb Code    10  stm32f10x_gpio.o(.text)
    GPIO_Write                               0x080004e9   Thumb Code     4  stm32f10x_gpio.o(.text)
    GPIO_PinLockConfig                       0x080004ed   Thumb Code    18  stm32f10x_gpio.o(.text)
    GPIO_EventOutputConfig                   0x080004ff   Thumb Code    26  stm32f10x_gpio.o(.text)
    GPIO_EventOutputCmd                      0x08000519   Thumb Code     6  stm32f10x_gpio.o(.text)
    GPIO_PinRemapConfig                      0x0800051f   Thumb Code   138  stm32f10x_gpio.o(.text)
    GPIO_EXTILineConfig                      0x080005a9   Thumb Code    66  stm32f10x_gpio.o(.text)
    GPIO_ETH_MediaInterfaceConfig            0x080005eb   Thumb Code     8  stm32f10x_gpio.o(.text)
    RCC_DeInit                               0x08000619   Thumb Code    64  stm32f10x_rcc.o(.text)
    RCC_HSEConfig                            0x08000659   Thumb Code    70  stm32f10x_rcc.o(.text)
    RCC_GetFlagStatus                        0x0800069f   Thumb Code    56  stm32f10x_rcc.o(.text)
    RCC_WaitForHSEStartUp                    0x080006d7   Thumb Code    56  stm32f10x_rcc.o(.text)
    RCC_AdjustHSICalibrationValue            0x0800070f   Thumb Code    20  stm32f10x_rcc.o(.text)
    RCC_HSICmd                               0x08000723   Thumb Code     6  stm32f10x_rcc.o(.text)
    RCC_PLLConfig                            0x08000729   Thumb Code    24  stm32f10x_rcc.o(.text)
    RCC_PLLCmd                               0x08000741   Thumb Code     6  stm32f10x_rcc.o(.text)
    RCC_SYSCLKConfig                         0x08000747   Thumb Code    18  stm32f10x_rcc.o(.text)
    RCC_GetSYSCLKSource                      0x08000759   Thumb Code    10  stm32f10x_rcc.o(.text)
    RCC_HCLKConfig                           0x08000763   Thumb Code    18  stm32f10x_rcc.o(.text)
    RCC_PCLK1Config                          0x08000775   Thumb Code    18  stm32f10x_rcc.o(.text)
    RCC_PCLK2Config                          0x08000787   Thumb Code    20  stm32f10x_rcc.o(.text)
    RCC_ITConfig                             0x0800079b   Thumb Code    26  stm32f10x_rcc.o(.text)
    RCC_USBCLKConfig                         0x080007b5   Thumb Code     8  stm32f10x_rcc.o(.text)
    RCC_ADCCLKConfig                         0x080007bd   Thumb Code    18  stm32f10x_rcc.o(.text)
    RCC_LSEConfig                            0x080007cf   Thumb Code    50  stm32f10x_rcc.o(.text)
    RCC_LSICmd                               0x08000801   Thumb Code     6  stm32f10x_rcc.o(.text)
    RCC_RTCCLKConfig                         0x08000807   Thumb Code    12  stm32f10x_rcc.o(.text)
    RCC_RTCCLKCmd                            0x08000813   Thumb Code     8  stm32f10x_rcc.o(.text)
    RCC_GetClocksFreq                        0x0800081b   Thumb Code   192  stm32f10x_rcc.o(.text)
    RCC_AHBPeriphClockCmd                    0x080008db   Thumb Code    26  stm32f10x_rcc.o(.text)
    RCC_APB2PeriphClockCmd                   0x080008f5   Thumb Code    26  stm32f10x_rcc.o(.text)
    RCC_APB1PeriphClockCmd                   0x0800090f   Thumb Code    26  stm32f10x_rcc.o(.text)
    RCC_APB2PeriphResetCmd                   0x08000929   Thumb Code    26  stm32f10x_rcc.o(.text)
    RCC_APB1PeriphResetCmd                   0x08000943   Thumb Code    26  stm32f10x_rcc.o(.text)
    RCC_BackupResetCmd                       0x0800095d   Thumb Code     8  stm32f10x_rcc.o(.text)
    RCC_ClockSecuritySystemCmd               0x08000965   Thumb Code     6  stm32f10x_rcc.o(.text)
    RCC_MCOConfig                            0x0800096b   Thumb Code     6  stm32f10x_rcc.o(.text)
    RCC_ClearFlag                            0x08000971   Thumb Code    14  stm32f10x_rcc.o(.text)
    RCC_GetITStatus                          0x0800097f   Thumb Code    20  stm32f10x_rcc.o(.text)
    RCC_ClearITPendingBit                    0x08000993   Thumb Code     6  stm32f10x_rcc.o(.text)
    SPI_I2S_DeInit                           0x080009bd   Thumb Code    76  stm32f10x_spi.o(.text)
    SPI_Init                                 0x08000a09   Thumb Code    60  stm32f10x_spi.o(.text)
    I2S_Init                                 0x08000a45   Thumb Code   226  stm32f10x_spi.o(.text)
    SPI_StructInit                           0x08000b27   Thumb Code    24  stm32f10x_spi.o(.text)
    I2S_StructInit                           0x08000b3f   Thumb Code    20  stm32f10x_spi.o(.text)
    SPI_Cmd                                  0x08000b53   Thumb Code    24  stm32f10x_spi.o(.text)
    I2S_Cmd                                  0x08000b6b   Thumb Code    24  stm32f10x_spi.o(.text)
    SPI_I2S_ITConfig                         0x08000b83   Thumb Code    32  stm32f10x_spi.o(.text)
    SPI_I2S_DMACmd                           0x08000ba3   Thumb Code    18  stm32f10x_spi.o(.text)
    SPI_I2S_SendData                         0x08000bb5   Thumb Code     4  stm32f10x_spi.o(.text)
    SPI_I2S_ReceiveData                      0x08000bb9   Thumb Code     6  stm32f10x_spi.o(.text)
    SPI_NSSInternalSoftwareConfig            0x08000bbf   Thumb Code    30  stm32f10x_spi.o(.text)
    SPI_SSOutputCmd                          0x08000bdd   Thumb Code    24  stm32f10x_spi.o(.text)
    SPI_DataSizeConfig                       0x08000bf5   Thumb Code    18  stm32f10x_spi.o(.text)
    SPI_TransmitCRC                          0x08000c07   Thumb Code    10  stm32f10x_spi.o(.text)
    SPI_CalculateCRC                         0x08000c11   Thumb Code    24  stm32f10x_spi.o(.text)
    SPI_GetCRC                               0x08000c29   Thumb Code    16  stm32f10x_spi.o(.text)
    SPI_GetCRCPolynomial                     0x08000c39   Thumb Code     6  stm32f10x_spi.o(.text)
    SPI_BiDirectionalLineConfig              0x08000c3f   Thumb Code    28  stm32f10x_spi.o(.text)
    SPI_I2S_GetFlagStatus                    0x08000c5b   Thumb Code    18  stm32f10x_spi.o(.text)
    SPI_I2S_ClearFlag                        0x08000c6d   Thumb Code     6  stm32f10x_spi.o(.text)
    SPI_I2S_GetITStatus                      0x08000c73   Thumb Code    52  stm32f10x_spi.o(.text)
    SPI_I2S_ClearITPendingBit                0x08000ca7   Thumb Code    20  stm32f10x_spi.o(.text)
    USART_DeInit                             0x08000cc9   Thumb Code   134  stm32f10x_usart.o(.text)
    USART_Init                               0x08000d4f   Thumb Code   210  stm32f10x_usart.o(.text)
    USART_StructInit                         0x08000e21   Thumb Code    24  stm32f10x_usart.o(.text)
    USART_ClockInit                          0x08000e39   Thumb Code    34  stm32f10x_usart.o(.text)
    USART_ClockStructInit                    0x08000e5b   Thumb Code    12  stm32f10x_usart.o(.text)
    USART_Cmd                                0x08000e67   Thumb Code    24  stm32f10x_usart.o(.text)
    USART_ITConfig                           0x08000e7f   Thumb Code    74  stm32f10x_usart.o(.text)
    USART_DMACmd                             0x08000ec9   Thumb Code    18  stm32f10x_usart.o(.text)
    USART_SetAddress                         0x08000edb   Thumb Code    18  stm32f10x_usart.o(.text)
    USART_WakeUpConfig                       0x08000eed   Thumb Code    18  stm32f10x_usart.o(.text)
    USART_ReceiverWakeUpCmd                  0x08000eff   Thumb Code    24  stm32f10x_usart.o(.text)
    USART_LINBreakDetectLengthConfig         0x08000f17   Thumb Code    18  stm32f10x_usart.o(.text)
    USART_LINCmd                             0x08000f29   Thumb Code    24  stm32f10x_usart.o(.text)
    USART_SendData                           0x08000f41   Thumb Code     8  stm32f10x_usart.o(.text)
    USART_ReceiveData                        0x08000f49   Thumb Code    10  stm32f10x_usart.o(.text)
    USART_SendBreak                          0x08000f53   Thumb Code    10  stm32f10x_usart.o(.text)
    USART_SetGuardTime                       0x08000f5d   Thumb Code    16  stm32f10x_usart.o(.text)
    USART_SetPrescaler                       0x08000f6d   Thumb Code    16  stm32f10x_usart.o(.text)
    USART_SmartCardCmd                       0x08000f7d   Thumb Code    24  stm32f10x_usart.o(.text)
    USART_SmartCardNACKCmd                   0x08000f95   Thumb Code    24  stm32f10x_usart.o(.text)
    USART_HalfDuplexCmd                      0x08000fad   Thumb Code    24  stm32f10x_usart.o(.text)
    USART_OverSampling8Cmd                   0x08000fc5   Thumb Code    22  stm32f10x_usart.o(.text)
    USART_OneBitMethodCmd                    0x08000fdb   Thumb Code    24  stm32f10x_usart.o(.text)
    USART_IrDAConfig                         0x08000ff3   Thumb Code    18  stm32f10x_usart.o(.text)
    USART_IrDACmd                            0x08001005   Thumb Code    24  stm32f10x_usart.o(.text)
    USART_GetFlagStatus                      0x0800101d   Thumb Code    26  stm32f10x_usart.o(.text)
    USART_ClearFlag                          0x08001037   Thumb Code    18  stm32f10x_usart.o(.text)
    USART_GetITStatus                        0x08001049   Thumb Code    84  stm32f10x_usart.o(.text)
    USART_ClearITPendingBit                  0x0800109d   Thumb Code    52  stm32f10x_usart.o(.text)
    main                                     0x080010d1   Thumb Code   118  main.o(.text)
    NMI_Handler                              0x08001199   Thumb Code     2  stm32f10x_it.o(.text)
    HardFault_Handler                        0x0800119b   Thumb Code     4  stm32f10x_it.o(.text)
    MemManage_Handler                        0x0800119f   Thumb Code     4  stm32f10x_it.o(.text)
    BusFault_Handler                         0x080011a3   Thumb Code     4  stm32f10x_it.o(.text)
    UsageFault_Handler                       0x080011a7   Thumb Code     4  stm32f10x_it.o(.text)
    SVC_Handler                              0x080011ab   Thumb Code     2  stm32f10x_it.o(.text)
    DebugMon_Handler                         0x080011ad   Thumb Code     2  stm32f10x_it.o(.text)
    PendSV_Handler                           0x080011af   Thumb Code     2  stm32f10x_it.o(.text)
    SysTick_Handler                          0x080011b1   Thumb Code     2  stm32f10x_it.o(.text)
    SystemInit                               0x08001293   Thumb Code    78  system_stm32f10x.o(.text)
    SystemCoreClockUpdate                    0x080012e1   Thumb Code   142  system_stm32f10x.o(.text)
    disk_initialize                          0x08001395   Thumb Code    46  diskio.o(.text)
    disk_status                              0x080013c3   Thumb Code    22  diskio.o(.text)
    disk_read                                0x080013d9   Thumb Code   104  diskio.o(.text)
    disk_write                               0x08001441   Thumb Code   118  diskio.o(.text)
    disk_ioctl                               0x080014b7   Thumb Code   106  diskio.o(.text)
    get_fattime                              0x08001521   Thumb Code     2  diskio.o(.text)
    SD_SPI_Configuration                     0x08001539   Thumb Code   198  msd.o(.text)
    SD_SPI_HightSpeed                        0x080015ff   Thumb Code    88  msd.o(.text)
    MSD_WriteByte                            0x08001657   Thumb Code    24  msd.o(.text)
    MSD_ReadByte                             0x0800166f   Thumb Code    50  msd.o(.text)
    SPI2_ReadWriteByte                       0x080016a1   Thumb Code    50  msd.o(.text)
    MSD_GetResponse                          0x080016d3   Thumb Code    34  msd.o(.text)
    MSD_SendCmd                              0x080016f5   Thumb Code    66  msd.o(.text)
    MSD_GetCSDRegister                       0x08001737   Thumb Code   510  msd.o(.text)
    Get_Medium_Characteristics               0x08001935   Thumb Code    82  msd.o(.text)
    MSD_GoIdleState                          0x08001987   Thumb Code   128  msd.o(.text)
    SD_SendCommand_NoDeassert                0x08001a07   Thumb Code   102  msd.o(.text)
    SD_SendCommand                           0x08001a6d   Thumb Code   118  msd.o(.text)
    SDHC_Init                                0x08001ae3   Thumb Code   476  msd.o(.text)
    MSD_Init                                 0x08001cbf   Thumb Code    18  msd.o(.text)
    MSD_GetDataResponse                      0x08001cd1   Thumb Code    76  msd.o(.text)
    MSD_WriteBlock                           0x08001d1d   Thumb Code   144  msd.o(.text)
    MSD_ReadBlock                            0x08001dad   Thumb Code   104  msd.o(.text)
    MSD_WriteBuffer                          0x08001e15   Thumb Code   154  msd.o(.text)
    MSD_ReadBuffer                           0x08001eaf   Thumb Code   142  msd.o(.text)
    MSD_GetCIDRegister                       0x08001f3d   Thumb Code   262  msd.o(.text)
    MSD_GetStatus                            0x08002043   Thumb Code    58  msd.o(.text)
    clust2sect                               0x08002225   Thumb Code    26  ff.o(.text)
    get_fat                                  0x0800223f   Thumb Code   228  ff.o(.text)
    put_fat                                  0x08002323   Thumb Code   310  ff.o(.text)
    f_mount                                  0x08002f99   Thumb Code    38  ff.o(.text)
    f_open                                   0x08002fbf   Thumb Code   366  ff.o(.text)
    f_read                                   0x0800312d   Thumb Code   478  ff.o(.text)
    f_write                                  0x0800330b   Thumb Code   526  ff.o(.text)
    f_sync                                   0x08003519   Thumb Code   184  ff.o(.text)
    f_close                                  0x080035d1   Thumb Code    22  ff.o(.text)
    f_chdrive                                0x080035e7   Thumb Code    18  ff.o(.text)
    f_chdir                                  0x080035f9   Thumb Code   100  ff.o(.text)
    f_getcwd                                 0x0800365d   Thumb Code   324  ff.o(.text)
    f_lseek                                  0x080037a1   Thumb Code   784  ff.o(.text)
    f_opendir                                0x08003ab1   Thumb Code   110  ff.o(.text)
    f_readdir                                0x08003b1f   Thumb Code    88  ff.o(.text)
    f_stat                                   0x08003b77   Thumb Code    58  ff.o(.text)
    f_getfree                                0x08003bb1   Thumb Code   276  ff.o(.text)
    f_truncate                               0x08003cc5   Thumb Code   156  ff.o(.text)
    f_unlink                                 0x08003d61   Thumb Code   198  ff.o(.text)
    f_mkdir                                  0x08003e27   Thumb Code   398  ff.o(.text)
    f_chmod                                  0x08003fb5   Thumb Code    96  ff.o(.text)
    f_utime                                  0x08004015   Thumb Code    98  ff.o(.text)
    f_rename                                 0x08004077   Thumb Code   302  ff.o(.text)
    f_gets                                   0x080041a5   Thumb Code    86  ff.o(.text)
    f_putc                                   0x080041fb   Thumb Code    50  ff.o(.text)
    f_puts                                   0x0800422d   Thumb Code    42  ff.o(.text)
    f_printf                                 0x08004257   Thumb Code   526  ff.o(.text)
    fputc                                    0x08004465   Thumb Code    32  usart.o(.text)
    USART1_Init                              0x08004485   Thumb Code   166  usart.o(.text)
    USART1_IRQHandler                        0x0800452b   Thumb Code   122  usart.o(.text)
    __2printf                                0x080045b5   Thumb Code    20  noretval__2printf.o(.text)
    __printf                                 0x080045cd   Thumb Code   104  __printf.o(.text)
    _printf_int_dec                          0x08004635   Thumb Code   104  _printf_dec.o(.text)
    __use_two_region_memory                  0x080046ad   Thumb Code     2  heapauxi.o(.text)
    __rt_heap_escrow                         0x080046af   Thumb Code     2  heapauxi.o(.text)
    __rt_heap_expand                         0x080046b1   Thumb Code     2  heapauxi.o(.text)
    _printf_int_common                       0x080046b3   Thumb Code   178  _printf_intcommon.o(.text)
    _printf_char_file                        0x08004765   Thumb Code    32  _printf_char_file.o(.text)
    _printf_char_common                      0x08004793   Thumb Code    32  _printf_char_common.o(.text)
    ferror                                   0x080047b9   Thumb Code     8  ferror.o(.text)
    _initio                                  0x080047c1   Thumb Code   210  initio.o(.text)
    _terminateio                             0x08004893   Thumb Code    56  initio.o(.text)
    _sys_open                                0x080048f9   Thumb Code    20  sys_io.o(.text)
    _sys_close                               0x0800490d   Thumb Code    12  sys_io.o(.text)
    _sys_write                               0x08004919   Thumb Code    16  sys_io.o(.text)
    _sys_read                                0x08004929   Thumb Code    14  sys_io.o(.text)
    _sys_istty                               0x08004937   Thumb Code    12  sys_io.o(.text)
    _sys_seek                                0x08004943   Thumb Code    14  sys_io.o(.text)
    _sys_ensure                              0x08004951   Thumb Code     2  sys_io.o(.text)
    _sys_flen                                0x08004953   Thumb Code    12  sys_io.o(.text)
    __user_setup_stackheap                   0x0800495f   Thumb Code    74  sys_stackheap_outer.o(.text)
    free                                     0x080049a9   Thumb Code    78  h1_free.o(.text)
    setvbuf                                  0x080049f7   Thumb Code    70  setvbuf.o(.text)
    freopen                                  0x08004a3d   Thumb Code   158  fopen.o(.text)
    fopen                                    0x08004adb   Thumb Code    74  fopen.o(.text)
    _fclose_internal                         0x08004b29   Thumb Code    76  fclose.o(.text)
    fclose                                   0x08004b29   Thumb Code     0  fclose.o(.text)
    exit                                     0x08004b75   Thumb Code    18  exit.o(.text)
    __rt_SIGRTRED                            0x08004b87   Thumb Code    14  defsig_rtred_outer.o(.text)
    __aeabi_memclr4                          0x08004b95   Thumb Code     0  rt_memclr_w.o(.text)
    __aeabi_memclr8                          0x08004b95   Thumb Code     0  rt_memclr_w.o(.text)
    __rt_memclr_w                            0x08004b95   Thumb Code    78  rt_memclr_w.o(.text)
    _memset_w                                0x08004b99   Thumb Code     0  rt_memclr_w.o(.text)
    __user_libspace                          0x08004be5   Thumb Code     8  libspace.o(.text)
    __user_perproc_libspace                  0x08004be5   Thumb Code     0  libspace.o(.text)
    __user_perthread_libspace                0x08004be5   Thumb Code     0  libspace.o(.text)
    __I$use$semihosting                      0x08004bed   Thumb Code     0  use_no_semi.o(.text)
    __use_no_semihosting_swi                 0x08004bed   Thumb Code     2  use_no_semi.o(.text)
    __semihosting_library_function           0x08004bef   Thumb Code     0  indicate_semi.o(.text)
    __rt_heap_descriptor                     0x08004bf1   Thumb Code     8  rt_heap_descriptor_intlibspace.o(.text)
    __use_no_heap                            0x08004bf9   Thumb Code     2  hguard.o(.text)
    __heap$guard                             0x08004bfb   Thumb Code     2  hguard.o(.text)
    _terminate_user_alloc                    0x08004bfd   Thumb Code     2  init_alloc.o(.text)
    _init_user_alloc                         0x08004bff   Thumb Code     2  init_alloc.o(.text)
    __Heap_Full                              0x08004c01   Thumb Code    34  init_alloc.o(.text)
    __Heap_Broken                            0x08004c23   Thumb Code     6  init_alloc.o(.text)
    _init_alloc                              0x08004c29   Thumb Code    94  init_alloc.o(.text)
    malloc                                   0x08004c87   Thumb Code    94  h1_alloc.o(.text)
    _fseek                                   0x08004ce5   Thumb Code   242  fseek.o(.text)
    fseek                                    0x08004ce5   Thumb Code     0  fseek.o(.text)
    _seterr                                  0x08004ddd   Thumb Code    20  stdio.o(.text)
    _writebuf                                0x08004df1   Thumb Code    84  stdio.o(.text)
    _fflush                                  0x08004e45   Thumb Code    70  stdio.o(.text)
    _deferredlazyseek                        0x08004e8b   Thumb Code    60  stdio.o(.text)
    __sig_exit                               0x08004ecd   Thumb Code    10  defsig_exit.o(.text)
    __rt_SIGRTRED_inner                      0x08004ed9   Thumb Code    14  defsig_rtred_inner.o(.text)
    strlen                                   0x08004f0d   Thumb Code    62  strlen.o(.text)
    _sys_exit                                0x08004f4d   Thumb Code     8  sys_exit.o(.text)
    __Heap_Initialize                        0x08004f59   Thumb Code    10  h1_init.o(.text)
    __Heap_DescSize                          0x08004f63   Thumb Code     4  h1_init.o(.text)
    __Heap_ProvideMemory                     0x08004f67   Thumb Code    52  h1_extend.o(.text)
    _ftell_internal                          0x08004f9b   Thumb Code    66  ftell.o(.text)
    ftell                                    0x08004f9b   Thumb Code     0  ftell.o(.text)
    __default_signal_display                 0x08004fdd   Thumb Code    50  defsig_general.o(.text)
    __rt_SIGRTMEM                            0x0800500f   Thumb Code    14  defsig_rtmem_outer.o(.text)
    _ttywrch                                 0x0800501d   Thumb Code    14  sys_wrch.o(.text)
    __aeabi_errno_addr                       0x0800502d   Thumb Code     8  rt_errno_addr_intlibspace.o(.text)
    __errno$intlibspace                      0x0800502d   Thumb Code     0  rt_errno_addr_intlibspace.o(.text)
    __rt_errno_addr$intlibspace              0x0800502d   Thumb Code     0  rt_errno_addr_intlibspace.o(.text)
    __rt_SIGRTMEM_inner                      0x08005035   Thumb Code    22  defsig_rtmem_inner.o(.text)
    __stdin_name                             0x0800508e   Data           4  sys_io.o(.constdata)
    __stdout_name                            0x08005092   Data           4  sys_io.o(.constdata)
    __stderr_name                            0x08005096   Data           4  sys_io.o(.constdata)
    Region$$Table$$Base                      0x0800509c   Number         0  anon$$obj.o(Region$$Table)
    Region$$Table$$Limit                     0x080050bc   Number         0  anon$$obj.o(Region$$Table)
    res                                      0x20000014   Data           1  main.o(.data)
    br                                       0x20000018   Data           4  main.o(.data)
    bw                                       0x2000001c   Data           4  main.o(.data)
    SystemCoreClock                          0x20000020   Data           4  system_stm32f10x.o(.data)
    AHBPrescTable                            0x20000024   Data          16  system_stm32f10x.o(.data)
    SD_Card_Ready                            0x20000034   Data           1  diskio.o(.data)
    SD_Type                                  0x20000038   Data           1  msd.o(.data)
    Mass_Block_Count                         0x2000003c   Data           4  msd.o(.data)
    Mass_Block_Size                          0x20000040   Data           4  msd.o(.data)
    Mass_Memory_Size                         0x20000044   Data           4  msd.o(.data)
    USART1_RX_STA                            0x20000050   Data           2  usart.o(.data)
    __aeabi_stdin                            0x20000054   Data           4  stdio_streams.o(.data)
    __aeabi_stdout                           0x20000058   Data           4  stdio_streams.o(.data)
    __aeabi_stderr                           0x2000005c   Data           4  stdio_streams.o(.data)
    fs                                       0x20000060   Data         564  main.o(.bss)
    fsrc                                     0x20000294   Data         552  main.o(.bss)
    fdst                                     0x200004bc   Data         552  main.o(.bss)
    file                                     0x200006e4   Data         552  main.o(.bss)
    MSD_csd                                  0x2000090c   Data          40  msd.o(.bss)
    USART1_RX_BUF                            0x20000934   Data         200  usart.o(.bss)
    __stdin                                  0x200009fc   Data          84  stdio_streams.o(.bss)
    __stdout                                 0x20000a50   Data          84  stdio_streams.o(.bss)
    __stderr                                 0x20000aa4   Data          84  stdio_streams.o(.bss)
    __libspace_start                         0x20000af8   Data          96  libspace.o(.bss)
    __temporary_stack_top$libspace           0x20000b58   Data           0  libspace.o(.bss)



==============================================================================

Memory Map of the image

  Image Entry point : 0x080000ed

  Load Region LR_IROM1 (Base: 0x08000000, Size: 0x0000511c, Max: 0x00010000, ABSOLUTE)

    Execution Region ER_IROM1 (Exec base: 0x08000000, Load base: 0x08000000, Size: 0x000050bc, Max: 0x00010000, ABSOLUTE)

    Exec Addr    Load Addr    Size         Type   Attr      Idx    E Section Name        Object

    0x08000000   0x08000000   0x000000ec   Data   RO           19    RESET               startup_stm32f10x_ld.o
    0x080000ec   0x080000ec   0x00000008   Code   RO          574  * !!!main             c_w.l(__main.o)
    0x080000f4   0x080000f4   0x00000034   Code   RO          897    !!!scatter          c_w.l(__scatter.o)
    0x08000128   0x08000128   0x0000001a   Code   RO          899    !!handler_copy      c_w.l(__scatter_copy.o)
    0x08000142   0x08000142   0x00000002   PAD
    0x08000144   0x08000144   0x0000001c   Code   RO          901    !!handler_zi        c_w.l(__scatter_zi.o)
    0x08000160   0x08000160   0x00000000   Code   RO          571    .ARM.Collect$$_printf_percent$$00000000  c_w.l(_printf_percent.o)
    0x08000160   0x08000160   0x00000006   Code   RO          570    .ARM.Collect$$_printf_percent$$00000009  c_w.l(_printf_d.o)
    0x08000166   0x08000166   0x00000004   Code   RO          581    .ARM.Collect$$_printf_percent$$00000017  c_w.l(_printf_percent_end.o)
    0x0800016a   0x0800016a   0x00000002   Code   RO          704    .ARM.Collect$$libinit$$00000000  c_w.l(libinit.o)
    0x0800016c   0x0800016c   0x00000000   Code   RO          706    .ARM.Collect$$libinit$$00000002  c_w.l(libinit2.o)
    0x0800016c   0x0800016c   0x00000000   Code   RO          708    .ARM.Collect$$libinit$$00000004  c_w.l(libinit2.o)
    0x0800016c   0x0800016c   0x00000008   Code   RO          709    .ARM.Collect$$libinit$$00000005  c_w.l(libinit2.o)
    0x08000174   0x08000174   0x00000000   Code   RO          711    .ARM.Collect$$libinit$$0000000A  c_w.l(libinit2.o)
    0x08000174   0x08000174   0x00000000   Code   RO          713    .ARM.Collect$$libinit$$0000000C  c_w.l(libinit2.o)
    0x08000174   0x08000174   0x00000000   Code   RO          715    .ARM.Collect$$libinit$$0000000E  c_w.l(libinit2.o)
    0x08000174   0x08000174   0x00000000   Code   RO          718    .ARM.Collect$$libinit$$00000011  c_w.l(libinit2.o)
    0x08000174   0x08000174   0x00000000   Code   RO          720    .ARM.Collect$$libinit$$00000013  c_w.l(libinit2.o)
    0x08000174   0x08000174   0x00000000   Code   RO          722    .ARM.Collect$$libinit$$00000015  c_w.l(libinit2.o)
    0x08000174   0x08000174   0x00000000   Code   RO          724    .ARM.Collect$$libinit$$00000017  c_w.l(libinit2.o)
    0x08000174   0x08000174   0x00000000   Code   RO          726    .ARM.Collect$$libinit$$00000019  c_w.l(libinit2.o)
    0x08000174   0x08000174   0x00000000   Code   RO          728    .ARM.Collect$$libinit$$0000001B  c_w.l(libinit2.o)
    0x08000174   0x08000174   0x00000000   Code   RO          730    .ARM.Collect$$libinit$$0000001D  c_w.l(libinit2.o)
    0x08000174   0x08000174   0x00000000   Code   RO          732    .ARM.Collect$$libinit$$0000001F  c_w.l(libinit2.o)
    0x08000174   0x08000174   0x00000000   Code   RO          734    .ARM.Collect$$libinit$$00000021  c_w.l(libinit2.o)
    0x08000174   0x08000174   0x00000000   Code   RO          736    .ARM.Collect$$libinit$$00000023  c_w.l(libinit2.o)
    0x08000174   0x08000174   0x00000004   Code   RO          737    .ARM.Collect$$libinit$$00000024  c_w.l(libinit2.o)
    0x08000178   0x08000178   0x00000000   Code   RO          738    .ARM.Collect$$libinit$$00000025  c_w.l(libinit2.o)
    0x08000178   0x08000178   0x00000000   Code   RO          742    .ARM.Collect$$libinit$$0000002C  c_w.l(libinit2.o)
    0x08000178   0x08000178   0x00000000   Code   RO          744    .ARM.Collect$$libinit$$0000002E  c_w.l(libinit2.o)
    0x08000178   0x08000178   0x00000000   Code   RO          746    .ARM.Collect$$libinit$$00000030  c_w.l(libinit2.o)
    0x08000178   0x08000178   0x00000000   Code   RO          748    .ARM.Collect$$libinit$$00000032  c_w.l(libinit2.o)
    0x08000178   0x08000178   0x00000002   Code   RO          749    .ARM.Collect$$libinit$$00000033  c_w.l(libinit2.o)
    0x0800017a   0x0800017a   0x00000002   Code   RO          876    .ARM.Collect$$libshutdown$$00000000  c_w.l(libshutdown.o)
    0x0800017c   0x0800017c   0x00000000   Code   RO          751    .ARM.Collect$$libshutdown$$00000002  c_w.l(libshutdown2.o)
    0x0800017c   0x0800017c   0x00000004   Code   RO          752    .ARM.Collect$$libshutdown$$00000003  c_w.l(libshutdown2.o)
    0x08000180   0x08000180   0x00000000   Code   RO          753    .ARM.Collect$$libshutdown$$00000004  c_w.l(libshutdown2.o)
    0x08000180   0x08000180   0x00000000   Code   RO          756    .ARM.Collect$$libshutdown$$00000007  c_w.l(libshutdown2.o)
    0x08000180   0x08000180   0x00000000   Code   RO          759    .ARM.Collect$$libshutdown$$0000000A  c_w.l(libshutdown2.o)
    0x08000180   0x08000180   0x00000000   Code   RO          761    .ARM.Collect$$libshutdown$$0000000C  c_w.l(libshutdown2.o)
    0x08000180   0x08000180   0x00000000   Code   RO          764    .ARM.Collect$$libshutdown$$0000000F  c_w.l(libshutdown2.o)
    0x08000180   0x08000180   0x00000002   Code   RO          765    .ARM.Collect$$libshutdown$$00000010  c_w.l(libshutdown2.o)
    0x08000182   0x08000182   0x00000000   Code   RO          576    .ARM.Collect$$rtentry$$00000000  c_w.l(__rtentry.o)
    0x08000182   0x08000182   0x00000000   Code   RO          589    .ARM.Collect$$rtentry$$00000002  c_w.l(__rtentry2.o)
    0x08000182   0x08000182   0x00000006   Code   RO          601    .ARM.Collect$$rtentry$$00000004  c_w.l(__rtentry4.o)
    0x08000188   0x08000188   0x00000000   Code   RO          591    .ARM.Collect$$rtentry$$00000009  c_w.l(__rtentry2.o)
    0x08000188   0x08000188   0x00000004   Code   RO          592    .ARM.Collect$$rtentry$$0000000A  c_w.l(__rtentry2.o)
    0x0800018c   0x0800018c   0x00000000   Code   RO          594    .ARM.Collect$$rtentry$$0000000C  c_w.l(__rtentry2.o)
    0x0800018c   0x0800018c   0x00000008   Code   RO          595    .ARM.Collect$$rtentry$$0000000D  c_w.l(__rtentry2.o)
    0x08000194   0x08000194   0x00000002   Code   RO          772    .ARM.Collect$$rtexit$$00000000  c_w.l(rtexit.o)
    0x08000196   0x08000196   0x00000000   Code   RO          822    .ARM.Collect$$rtexit$$00000002  c_w.l(rtexit2.o)
    0x08000196   0x08000196   0x00000004   Code   RO          823    .ARM.Collect$$rtexit$$00000003  c_w.l(rtexit2.o)
    0x0800019a   0x0800019a   0x00000006   Code   RO          824    .ARM.Collect$$rtexit$$00000004  c_w.l(rtexit2.o)
    0x080001a0   0x080001a0   0x00000000   Code   RO          828    .emb_text           c_w.l(maybetermalloc1.o)
    0x080001a0   0x080001a0   0x00000040   Code   RO           20    .text               startup_stm32f10x_ld.o
    0x080001e0   0x080001e0   0x000000dc   Code   RO           24    .text               misc.o
    0x080002bc   0x080002bc   0x0000035c   Code   RO          251    .text               stm32f10x_gpio.o
    0x08000618   0x08000618   0x000003a4   Code   RO          299    .text               stm32f10x_rcc.o
    0x080009bc   0x080009bc   0x0000030c   Code   RO          337    .text               stm32f10x_spi.o
    0x08000cc8   0x08000cc8   0x00000408   Code   RO          361    .text               stm32f10x_usart.o
    0x080010d0   0x080010d0   0x000000c8   Code   RO          385    .text               main.o
    0x08001198   0x08001198   0x0000001a   Code   RO          426    .text               stm32f10x_it.o
    0x080011b2   0x080011b2   0x00000002   PAD
    0x080011b4   0x080011b4   0x000001e0   Code   RO          441    .text               system_stm32f10x.o
    0x08001394   0x08001394   0x000001a4   Code   RO          459    .text               diskio.o
    0x08001538   0x08001538   0x00000b48   Code   RO          481    .text               msd.o
    0x08002080   0x08002080   0x000023e4   Code   RO          498    .text               ff.o
    0x08004464   0x08004464   0x00000150   Code   RO          515    .text               usart.o
    0x080045b4   0x080045b4   0x00000018   Code   RO          544    .text               c_w.l(noretval__2printf.o)
    0x080045cc   0x080045cc   0x00000068   Code   RO          546    .text               c_w.l(__printf.o)
    0x08004634   0x08004634   0x00000078   Code   RO          548    .text               c_w.l(_printf_dec.o)
    0x080046ac   0x080046ac   0x00000006   Code   RO          572    .text               c_w.l(heapauxi.o)
    0x080046b2   0x080046b2   0x000000b2   Code   RO          577    .text               c_w.l(_printf_intcommon.o)
    0x08004764   0x08004764   0x00000024   Code   RO          579    .text               c_w.l(_printf_char_file.o)
    0x08004788   0x08004788   0x00000030   Code   RO          603    .text               c_w.l(_printf_char_common.o)
    0x080047b8   0x080047b8   0x00000008   Code   RO          605    .text               c_w.l(ferror.o)
    0x080047c0   0x080047c0   0x00000138   Code   RO          607    .text               c_w.l(initio.o)
    0x080048f8   0x080048f8   0x00000066   Code   RO          613    .text               c_w.l(sys_io.o)
    0x0800495e   0x0800495e   0x0000004a   Code   RO          620    .text               c_w.l(sys_stackheap_outer.o)
    0x080049a8   0x080049a8   0x0000004e   Code   RO          624    .text               c_w.l(h1_free.o)
    0x080049f6   0x080049f6   0x00000046   Code   RO          680    .text               c_w.l(setvbuf.o)
    0x08004a3c   0x08004a3c   0x000000ec   Code   RO          683    .text               c_w.l(fopen.o)
    0x08004b28   0x08004b28   0x0000004c   Code   RO          685    .text               c_w.l(fclose.o)
    0x08004b74   0x08004b74   0x00000012   Code   RO          691    .text               c_w.l(exit.o)
    0x08004b86   0x08004b86   0x0000000e   Code   RO          693    .text               c_w.l(defsig_rtred_outer.o)
    0x08004b94   0x08004b94   0x0000004e   Code   RO          697    .text               c_w.l(rt_memclr_w.o)
    0x08004be2   0x08004be2   0x00000002   PAD
    0x08004be4   0x08004be4   0x00000008   Code   RO          766    .text               c_w.l(libspace.o)
    0x08004bec   0x08004bec   0x00000002   Code   RO          769    .text               c_w.l(use_no_semi.o)
    0x08004bee   0x08004bee   0x00000000   Code   RO          771    .text               c_w.l(indicate_semi.o)
    0x08004bee   0x08004bee   0x00000002   PAD
    0x08004bf0   0x08004bf0   0x00000008   Code   RO          779    .text               c_w.l(rt_heap_descriptor_intlibspace.o)
    0x08004bf8   0x08004bf8   0x00000004   Code   RO          781    .text               c_w.l(hguard.o)
    0x08004bfc   0x08004bfc   0x0000008a   Code   RO          783    .text               c_w.l(init_alloc.o)
    0x08004c86   0x08004c86   0x0000005e   Code   RO          789    .text               c_w.l(h1_alloc.o)
    0x08004ce4   0x08004ce4   0x000000f8   Code   RO          803    .text               c_w.l(fseek.o)
    0x08004ddc   0x08004ddc   0x000000f0   Code   RO          805    .text               c_w.l(stdio.o)
    0x08004ecc   0x08004ecc   0x0000000a   Code   RO          807    .text               c_w.l(defsig_exit.o)
    0x08004ed6   0x08004ed6   0x00000002   PAD
    0x08004ed8   0x08004ed8   0x00000034   Code   RO          809    .text               c_w.l(defsig_rtred_inner.o)
    0x08004f0c   0x08004f0c   0x0000003e   Code   RO          811    .text               c_w.l(strlen.o)
    0x08004f4a   0x08004f4a   0x00000002   PAD
    0x08004f4c   0x08004f4c   0x0000000c   Code   RO          819    .text               c_w.l(sys_exit.o)
    0x08004f58   0x08004f58   0x0000000e   Code   RO          830    .text               c_w.l(h1_init.o)
    0x08004f66   0x08004f66   0x00000034   Code   RO          832    .text               c_w.l(h1_extend.o)
    0x08004f9a   0x08004f9a   0x00000042   Code   RO          838    .text               c_w.l(ftell.o)
    0x08004fdc   0x08004fdc   0x00000032   Code   RO          842    .text               c_w.l(defsig_general.o)
    0x0800500e   0x0800500e   0x0000000e   Code   RO          844    .text               c_w.l(defsig_rtmem_outer.o)
    0x0800501c   0x0800501c   0x0000000e   Code   RO          857    .text               c_w.l(sys_wrch.o)
    0x0800502a   0x0800502a   0x00000002   PAD
    0x0800502c   0x0800502c   0x00000008   Code   RO          864    .text               c_w.l(rt_errno_addr_intlibspace.o)
    0x08005034   0x08005034   0x00000050   Code   RO          870    .text               c_w.l(defsig_rtmem_inner.o)
    0x08005084   0x08005084   0x0000000a   Data   RO          387    .constdata          main.o
    0x0800508e   0x0800508e   0x00000004   Data   RO          614    .constdata          c_w.l(sys_io.o)
    0x08005092   0x08005092   0x00000004   Data   RO          615    .constdata          c_w.l(sys_io.o)
    0x08005096   0x08005096   0x00000004   Data   RO          616    .constdata          c_w.l(sys_io.o)
    0x0800509a   0x0800509a   0x00000002   PAD
    0x0800509c   0x0800509c   0x00000020   Data   RO          895    Region$$Table       anon$$obj.o


    Execution Region RW_IRAM1 (Exec base: 0x20000000, Load base: 0x080050bc, Size: 0x00001158, Max: 0x00005000, ABSOLUTE)

    Exec Addr    Load Addr    Size         Type   Attr      Idx    E Section Name        Object

    0x20000000   0x080050bc   0x00000014   Data   RW          300    .data               stm32f10x_rcc.o
    0x20000014   0x080050d0   0x0000000c   Data   RW          388    .data               main.o
    0x20000020   0x080050dc   0x00000014   Data   RW          442    .data               system_stm32f10x.o
    0x20000034   0x080050f0   0x00000001   Data   RW          460    .data               diskio.o
    0x20000035   0x080050f1   0x00000003   PAD
    0x20000038   0x080050f4   0x00000010   Data   RW          483    .data               msd.o
    0x20000048   0x08005104   0x00000007   Data   RW          499    .data               ff.o
    0x2000004f   0x0800510b   0x00000001   PAD
    0x20000050   0x0800510c   0x00000002   Data   RW          517    .data               usart.o
    0x20000052   0x0800510e   0x00000002   PAD
    0x20000054   0x08005110   0x00000004   Data   RW          585    .data               c_w.l(stdio_streams.o)
    0x20000058   0x08005114   0x00000004   Data   RW          586    .data               c_w.l(stdio_streams.o)
    0x2000005c   0x08005118   0x00000004   Data   RW          587    .data               c_w.l(stdio_streams.o)
    0x20000060        -       0x000008ac   Zero   RW          386    .bss                main.o
    0x2000090c        -       0x00000028   Zero   RW          482    .bss                msd.o
    0x20000934        -       0x000000c8   Zero   RW          516    .bss                usart.o
    0x200009fc        -       0x00000054   Zero   RW          582    .bss                c_w.l(stdio_streams.o)
    0x20000a50        -       0x00000054   Zero   RW          583    .bss                c_w.l(stdio_streams.o)
    0x20000aa4        -       0x00000054   Zero   RW          584    .bss                c_w.l(stdio_streams.o)
    0x20000af8        -       0x00000060   Zero   RW          767    .bss                c_w.l(libspace.o)
    0x20000b58        -       0x00000200   Zero   RW           18    HEAP                startup_stm32f10x_ld.o
    0x20000d58        -       0x00000400   Zero   RW           17    STACK               startup_stm32f10x_ld.o


==============================================================================

Image component sizes


      Code (inc. data)   RO Data    RW Data    ZI Data      Debug   Object Name

         0          0          0          0          0       4532   core_cm3.o
       420         22          0          1          0       7326   diskio.o
      9188         52          0          7          0      25909   ff.o
       200         82         10         12       2220       5909   main.o
       220         22          0          0          0     235777   misc.o
      2888         48          0         16         40       8662   msd.o
        64         26        236          0       1536        928   startup_stm32f10x_ld.o
       860         38          0          0          0       5881   stm32f10x_gpio.o
        26          0          0          0          0       1234   stm32f10x_it.o
       932         36          0         20          0       9108   stm32f10x_rcc.o
       780         14          0          0          0       6770   stm32f10x_spi.o
      1032         22          0          0          0       8612   stm32f10x_usart.o
       480         38          0         20          0       1871   system_stm32f10x.o
       336         16          0          2        200       1796   usart.o

    ----------------------------------------------------------------------
     17428        416        278         84       3996     324315   Object Totals
         0          0         32          0          0          0   (incl. Generated)
         2          0          0          6          0          0   (incl. Padding)

    ----------------------------------------------------------------------

      Code (inc. data)   RO Data    RW Data    ZI Data      Debug   Library Member Name

         8          0          0          0          0         68   __main.o
       104          0          0          0          0         84   __printf.o
         0          0          0          0          0          0   __rtentry.o
        12          0          0          0          0          0   __rtentry2.o
         6          0          0          0          0          0   __rtentry4.o
        52          8          0          0          0          0   __scatter.o
        26          0          0          0          0          0   __scatter_copy.o
        28          0          0          0          0          0   __scatter_zi.o
        48          6          0          0          0         96   _printf_char_common.o
        36          4          0          0          0         80   _printf_char_file.o
         6          0          0          0          0          0   _printf_d.o
       120         16          0          0          0         92   _printf_dec.o
       178          0          0          0          0         88   _printf_intcommon.o
         0          0          0          0          0          0   _printf_percent.o
         4          0          0          0          0          0   _printf_percent_end.o
        10          0          0          0          0         68   defsig_exit.o
        50          0          0          0          0         88   defsig_general.o
        80         58          0          0          0         76   defsig_rtmem_inner.o
        14          0          0          0          0         80   defsig_rtmem_outer.o
        52         38          0          0          0         76   defsig_rtred_inner.o
        14          0          0          0          0         80   defsig_rtred_outer.o
        18          0          0          0          0         80   exit.o
        76          0          0          0          0         88   fclose.o
         8          0          0          0          0         68   ferror.o
       236          4          0          0          0        128   fopen.o
       248          6          0          0          0         84   fseek.o
        66          0          0          0          0         76   ftell.o
        94          0          0          0          0         80   h1_alloc.o
        52          0          0          0          0         68   h1_extend.o
        78          0          0          0          0         80   h1_free.o
        14          0          0          0          0         84   h1_init.o
         6          0          0          0          0        152   heapauxi.o
         4          0          0          0          0        136   hguard.o
         0          0          0          0          0          0   indicate_semi.o
       138          0          0          0          0        168   init_alloc.o
       312         46          0          0          0        112   initio.o
         2          0          0          0          0          0   libinit.o
        14          0          0          0          0          0   libinit2.o
         2          0          0          0          0          0   libshutdown.o
         6          0          0          0          0          0   libshutdown2.o
         8          4          0          0         96         68   libspace.o
         0          0          0          0          0          0   maybetermalloc1.o
        24          4          0          0          0         84   noretval__2printf.o
         8          4          0          0          0         68   rt_errno_addr_intlibspace.o
         8          4          0          0          0         68   rt_heap_descriptor_intlibspace.o
        78          0          0          0          0         80   rt_memclr_w.o
         2          0          0          0          0          0   rtexit.o
        10          0          0          0          0          0   rtexit2.o
        70          0          0          0          0         80   setvbuf.o
       240          6          0          0          0        156   stdio.o
         0          0          0         12        252          0   stdio_streams.o
        62          0          0          0          0         76   strlen.o
        12          4          0          0          0         68   sys_exit.o
       102          0         12          0          0        240   sys_io.o
        74          0          0          0          0         80   sys_stackheap_outer.o
        14          0          0          0          0         76   sys_wrch.o
         2          0          0          0          0         68   use_no_semi.o

    ----------------------------------------------------------------------
      2948        212         14         12        348       3592   Library Totals
        12          0          2          0          0          0   (incl. Padding)

    ----------------------------------------------------------------------

      Code (inc. data)   RO Data    RW Data    ZI Data      Debug   Library Name

      2936        212         12         12        348       3592   c_w.l

    ----------------------------------------------------------------------
      2948        212         14         12        348       3592   Library Totals

    ----------------------------------------------------------------------

==============================================================================


      Code (inc. data)   RO Data    RW Data    ZI Data      Debug   

     20376        628        292         96       4344     324939   Grand Totals
     20376        628        292         96       4344     324939   ELF Image Totals
     20376        628        292         96          0          0   ROM Totals

==============================================================================

    Total RO  Size (Code + RO Data)                20668 (  20.18kB)
    Total RW  Size (RW Data + ZI Data)              4440 (   4.34kB)
    Total ROM Size (Code + RO Data + RW Data)      20764 (  20.28kB)

==============================================================================

