<html>
<body>
<pre>
<h1>µVision Build Log</h1>
<h2>Tool Versions:</h2>
IDE-Version: ¦ÌVision V5.36.0.0
Copyright (C) 2021 ARM Ltd and ARM Germany GmbH. All rights reserved.
License Information: 11 22, 33, LIC=ZB4EI-T9G72-X7JRZ-JQIPT-E5BIY-I6TVA
 
Tool Versions:
Toolchain:       MDK-ARM Plus  Version: 5.36.0.0
Toolchain Path:  D:\MDK5.36\ARM\ARMCC\Bin
C Compiler:      Armcc.exe V5.06 update 7 (build 960)
Assembler:       Armasm.exe V5.06 update 7 (build 960)
Linker/Locator:  ArmLink.exe V5.06 update 7 (build 960)
Library Manager: ArmAr.exe V5.06 update 7 (build 960)
Hex Converter:   FromElf.exe V5.06 update 7 (build 960)
CPU DLL:         SARMCM3.DLL V5.36.0.0
Dialog DLL:      DCM.DLL V1.17.3.0
Target DLL:      Segger\JL2CM3.dll V2.99.40.0
Dialog DLL:      TCM.DLL V1.53.0.0
 
<h2>Project:</h2>
C:\Users\Lenovo\Desktop\WitStandardModbus_WT901C485-main\STM32F1\STM32Core_SDK_modbus\MDK\Project.uvprojx
Project File Date:  07/09/2024

<h2>Output:</h2>
*** Using Compiler 'V5.06 update 7 (build 960)', folder: 'D:\MDK5.36\ARM\ARMCC\Bin'
Build target 'Project'
compiling misc.c...
compiling stm32f10x_gpio.c...
compiling stm32f10x_it.c...
compiling UART1.c...
compiling stm32f10x_pwr.c...
compiling delay.c...
compiling Main.c...
compiling stm32f10x_usart.c...
compiling UART2.c...
compiling stm32f10x_rcc.c...
compiling system_stm32f10x.c...
linking...
Program Size: Code=10364 RO-data=1304 RW-data=96 ZI-data=1624  
FromELF: creating hex file...
".\Obj\Project.axf" - 0 Error(s), 0 Warning(s).

<h2>Software Packages used:</h2>

Package Vendor: ARM
                http://www.keil.com/pack/ARM.CMSIS.5.8.0.pack
                ARM.CMSIS.5.8.0
                CMSIS (Common Microcontroller Software Interface Standard)
   * Component: CORE Version: 5.5.0

Package Vendor: Keil
                http://www.keil.com/pack/Keil.STM32F1xx_DFP.2.3.0.pack
                Keil.STM32F1xx_DFP.2.3.0
                STMicroelectronics STM32F1 Series Device Support, Drivers and Examples

<h2>Collection of Component include folders:</h2>
  .\RTE\_Project
  D:\MDK5.36Packs\ARM\CMSIS\5.8.0\CMSIS\Core\Include
  D:\MDK5.36Packs\Keil\STM32F1xx_DFP\2.3.0\Device\Include

<h2>Collection of Component Files used:</h2>

   * Component: ARM::CMSIS:CORE:5.5.0
Build Time Elapsed:  00:00:00
</pre>
</body>
</html>
