<html>
<body>
<pre>
<h1>礦ision Build Log</h1>
<h2>Tool Versions:</h2>
IDE-Version: μVision V5.24.2.0
Copyright (C) 2017 ARM Ltd and ARM Germany GmbH. All rights reserved.
License Information: y xy, A, LIC=76F5U-S9JZ2-VEYHA-1IWKM-EXBRR-W5UXF
 
Tool Versions:
Toolchain:       MDK-ARM Plus  Version: 5.24.1
Toolchain Path:  D:\Keil5\ARM\ARMCC\Bin
C Compiler:      Armcc.exe V5.06 update 5 (build 528)
Assembler:       Armasm.exe V5.06 update 5 (build 528)
Linker/Locator:  ArmLink.exe V5.06 update 5 (build 528)
Library Manager: ArmAr.exe V5.06 update 5 (build 528)
Hex Converter:   FromElf.exe V5.06 update 5 (build 528)
CPU DLL:         SARMCM3.DLL V5.24.1
Dialog DLL:      DCM.DLL V1.16.0.0
Target DLL:      Segger\JL2CM3.dll V2.99.26.0
Dialog DLL:      TCM.DLL V1.32.0.0
 
<h2>Project:</h2>
D:\learning\everyday\STM32\code\0-0 实验\module\角度传感器\STM32Core_SDK_modbus\MDK\Project.uvprojx
Project File Date:  08/29/2024

<h2>Output:</h2>
*** Using Compiler 'V5.06 update 5 (build 528)', folder: 'D:\Keil5\ARM\ARMCC\Bin'
Rebuild target 'Project'
assembling startup_stm32f10x_hd.s...
compiling wit_c_sdk.c...
compiling delay.c...
compiling stm32f10x_rcc.c...
compiling UART1.c...
compiling misc.c...
compiling stm32f10x_it.c...
compiling stm32f10x_gpio.c...
compiling system_stm32f10x.c...
compiling stm32f10x_usart.c...
compiling stm32f10x_pwr.c...
compiling Main.c...
..\Source\APP\Main.c(59): warning:  #223-D: function "Usart2Init" declared implicitly
  	Usart2Init(9600);
..\Source\APP\Main.c(172): warning:  #223-D: function "Usart2Init" declared implicitly
  				Usart2Init(c_uiBaud[WIT_BAUD_115200]);
..\Source\APP\Main.c(204): warning:  #223-D: function "Uart2Send" declared implicitly
  	Uart2Send(p_data, uiSize);
..\Source\APP\Main.c(254): warning:  #223-D: function "Usart2Init" declared implicitly
  		Usart2Init(c_uiBaud[i]);
..\Source\APP\Main.c: 4 warnings, 0 errors
compiling UART2.c...
linking...
Program Size: Code=10400 RO-data=1304 RW-data=96 ZI-data=1624  
FromELF: creating hex file...
".\Obj\Project.axf" - 0 Error(s), 4 Warning(s).

<h2>Software Packages used:</h2>

Package Vendor: ARM
                http://www.keil.com/pack/ARM.CMSIS.5.0.1.pack
                ARM.CMSIS.5.0.1
                CMSIS (Cortex Microcontroller Software Interface Standard)
   * Component: CORE Version: 5.0.1

Package Vendor: Keil
                http://www.keil.com/pack/Keil.STM32F1xx_DFP.2.2.0.pack
                Keil.STM32F1xx_DFP.2.2.0
                STMicroelectronics STM32F1 Series Device Support, Drivers and Examples

<h2>Collection of Component include folders:</h2>
  .\RTE\_Project
  D:\Keil5\ARM\PACK\ARM\CMSIS\5.0.1\CMSIS\Include
  D:\Keil5\ARM\PACK\Keil\STM32F1xx_DFP\2.2.0\Device\Include

<h2>Collection of Component Files used:</h2>

   * Component: ARM::CMSIS:CORE:5.0.1
Build Time Elapsed:  00:00:01
</pre>
</body>
</html>
