<html>
<body>
<pre>
<h1>礦ision Build Log</h1>
<h2>Tool Versions:</h2>
IDE-Version: μVision V5.38.0.0
Copyright (C) 2022 ARM Ltd and ARM Germany GmbH. All rights reserved.
License Information: 11 22, 33, LIC=ZB4EI-T9G72-X7JRZ-JQIPT-E5BIY-I6TVA
 
Tool Versions:
Toolchain:       MDK-ARM Plus  Version: 5.38.0.0
Toolchain Path:  D:\MDK5.36\ARM\ARMCC\Bin
C Compiler:      Armcc.exe V5.06 update 7 (build 960)
Assembler:       Armasm.exe V5.06 update 7 (build 960)
Linker/Locator:  ArmLink.exe V5.06 update 7 (build 960)
Library Manager: ArmAr.exe V5.06 update 7 (build 960)
Hex Converter:   FromElf.exe V5.06 update 7 (build 960)
CPU DLL:         SARMCM3.DLL V5.38.0.0
Dialog DLL:      DARMSTM.DLL V1.69.1.0
Target DLL:      Segger\JL2CM3.dll V2.99.42.0
Dialog DLL:      TARMSTM.DLL V1.67.1.0
 
<h2>Project:</h2>
E:\Downloads\BaiduDownloads\【telesky旗舰店】SD卡模块单片机 Micro SD卡模块\【telesky旗舰店】SD卡读写模块-SPI接口\程序\22-MP3+SD卡+FATFS+（SPI1接口）\22-MP3+SD卡+FATFS+（SPI1接口）\USER\STM32-DEMO.uvprojx
Project File Date:  07/31/2024

<h2>Output:</h2>
*** Using Compiler 'V5.06 update 7 (build 960)', folder: 'D:\MDK5.36\ARM\ARMCC\Bin'
Build target 'MP3（SPI1）-DEMO'
assembling startup_stm32f10x_hd.s...
compiling diskio.c...
compiling vs1003.c...
compiling stm32f10x_gpio.c...
compiling stm32f10x_it.c...
compiling stm32f10x_usart.c...
compiling SysTick.c...
compiling stm32f10x_rcc.c...
compiling ff.c...
compiling usart1.c...
compiling sdcard.c...
compiling main.c...
compiling stm32f10x_sdio.c...
compiling misc.c...
compiling stm32f10x_dma.c...
compiling system_stm32f10x.c...
compiling stm32f10x_spi.c...
compiling core_cm3.c...
linking...
Program Size: Code=23462 RO-data=362 RW-data=84 ZI-data=2868  
FromELF: creating hex file...
"..\Output\STM32-DEMO.axf" - 0 Error(s), 0 Warning(s).

<h2>Software Packages used:</h2>

Package Vendor: Keil
                http://www.keil.com/pack/Keil.STM32F1xx_DFP.2.3.0.pack
                Keil.STM32F1xx_DFP.2.3.0
                STMicroelectronics STM32F1 Series Device Support, Drivers and Examples

<h2>Collection of Component include folders:</h2>
  D:/MDK5.36Packs/Keil/STM32F1xx_DFP/2.3.0/Device/Include

<h2>Collection of Component Files used:</h2>
Build Time Elapsed:  00:00:01
</pre>
</body>
</html>
